Archive member included to satisfy reference by file (symbol)

D:/14.3 rel1/bin/../lib/gcc/arm-none-eabi/15.2.1/../../../../arm-none-eabi/lib/thumb/v7e-m+dp/hard\libc_nano.a(libc_a-exit.o)
                              D:/14.3 rel1/bin/../lib/gcc/arm-none-eabi/15.2.1/../../../../arm-none-eabi/lib/thumb/v7e-m+dp/hard/crt0.o (exit)
D:/14.3 rel1/bin/../lib/gcc/arm-none-eabi/15.2.1/../../../../arm-none-eabi/lib/thumb/v7e-m+dp/hard\libc_nano.a(libc_a-malloc.o)
                              build/bsp_usart.o (malloc)
D:/14.3 rel1/bin/../lib/gcc/arm-none-eabi/15.2.1/../../../../arm-none-eabi/lib/thumb/v7e-m+dp/hard\libc_nano.a(libc_a-mallocr.o)
                              D:/14.3 rel1/bin/../lib/gcc/arm-none-eabi/15.2.1/../../../../arm-none-eabi/lib/thumb/v7e-m+dp/hard\libc_nano.a(libc_a-malloc.o) (_malloc_r)
D:/14.3 rel1/bin/../lib/gcc/arm-none-eabi/15.2.1/../../../../arm-none-eabi/lib/thumb/v7e-m+dp/hard\libc_nano.a(libc_a-mlock.o)
                              D:/14.3 rel1/bin/../lib/gcc/arm-none-eabi/15.2.1/../../../../arm-none-eabi/lib/thumb/v7e-m+dp/hard\libc_nano.a(libc_a-mallocr.o) (__malloc_lock)
D:/14.3 rel1/bin/../lib/gcc/arm-none-eabi/15.2.1/../../../../arm-none-eabi/lib/thumb/v7e-m+dp/hard\libc_nano.a(libc_a-strtod.o)
                              build/laser_proto.o (strtof)
D:/14.3 rel1/bin/../lib/gcc/arm-none-eabi/15.2.1/../../../../arm-none-eabi/lib/thumb/v7e-m+dp/hard\libc_nano.a(libc_a-strtol.o)
                              build/laser_proto.o (strtol)
D:/14.3 rel1/bin/../lib/gcc/arm-none-eabi/15.2.1/../../../../arm-none-eabi/lib/thumb/v7e-m+dp/hard\libc_nano.a(libc_a-ctype_.o)
                              D:/14.3 rel1/bin/../lib/gcc/arm-none-eabi/15.2.1/../../../../arm-none-eabi/lib/thumb/v7e-m+dp/hard\libc_nano.a(libc_a-strtol.o) (_ctype_)
D:/14.3 rel1/bin/../lib/gcc/arm-none-eabi/15.2.1/../../../../arm-none-eabi/lib/thumb/v7e-m+dp/hard\libc_nano.a(libc_a-findfp.o)
                              D:/14.3 rel1/bin/../lib/gcc/arm-none-eabi/15.2.1/../../../../arm-none-eabi/lib/thumb/v7e-m+dp/hard\libc_nano.a(libc_a-exit.o) (__stdio_exit_handler)
D:/14.3 rel1/bin/../lib/gcc/arm-none-eabi/15.2.1/../../../../arm-none-eabi/lib/thumb/v7e-m+dp/hard\libc_nano.a(libc_a-fwalk.o)
                              D:/14.3 rel1/bin/../lib/gcc/arm-none-eabi/15.2.1/../../../../arm-none-eabi/lib/thumb/v7e-m+dp/hard\libc_nano.a(libc_a-findfp.o) (_fwalk_sglue)
D:/14.3 rel1/bin/../lib/gcc/arm-none-eabi/15.2.1/../../../../arm-none-eabi/lib/thumb/v7e-m+dp/hard\libc_nano.a(libc_a-sprintf.o)
                              build/bsp_log.o (sprintf)
D:/14.3 rel1/bin/../lib/gcc/arm-none-eabi/15.2.1/../../../../arm-none-eabi/lib/thumb/v7e-m+dp/hard\libc_nano.a(libc_a-stdio.o)
                              D:/14.3 rel1/bin/../lib/gcc/arm-none-eabi/15.2.1/../../../../arm-none-eabi/lib/thumb/v7e-m+dp/hard\libc_nano.a(libc_a-findfp.o) (__sread)
D:/14.3 rel1/bin/../lib/gcc/arm-none-eabi/15.2.1/../../../../arm-none-eabi/lib/thumb/v7e-m+dp/hard\libc_nano.a(libc_a-memmove.o)
                              build/opencv.o (memmove)
D:/14.3 rel1/bin/../lib/gcc/arm-none-eabi/15.2.1/../../../../arm-none-eabi/lib/thumb/v7e-m+dp/hard\libc_nano.a(libc_a-memset.o)
                              D:/14.3 rel1/bin/../lib/gcc/arm-none-eabi/15.2.1/../../../../arm-none-eabi/lib/thumb/v7e-m+dp/hard/crt0.o (memset)
D:/14.3 rel1/bin/../lib/gcc/arm-none-eabi/15.2.1/../../../../arm-none-eabi/lib/thumb/v7e-m+dp/hard\libc_nano.a(libc_a-strncmp.o)
                              D:/14.3 rel1/bin/../lib/gcc/arm-none-eabi/15.2.1/../../../../arm-none-eabi/lib/thumb/v7e-m+dp/hard\libc_nano.a(libc_a-strtod.o) (strncmp)
D:/14.3 rel1/bin/../lib/gcc/arm-none-eabi/15.2.1/../../../../arm-none-eabi/lib/thumb/v7e-m+dp/hard\libc_nano.a(libc_a-strnlen.o)
                              build/message_center.o (strnlen)
D:/14.3 rel1/bin/../lib/gcc/arm-none-eabi/15.2.1/../../../../arm-none-eabi/lib/thumb/v7e-m+dp/hard\libc_nano.a(libc_a-strtok_r.o)
                              build/laser_proto.o (strtok_r)
D:/14.3 rel1/bin/../lib/gcc/arm-none-eabi/15.2.1/../../../../arm-none-eabi/lib/thumb/v7e-m+dp/hard\libc_nano.a(libc_a-locale.o)
                              D:/14.3 rel1/bin/../lib/gcc/arm-none-eabi/15.2.1/../../../../arm-none-eabi/lib/thumb/v7e-m+dp/hard\libc_nano.a(libc_a-strtod.o) (__global_locale)
D:/14.3 rel1/bin/../lib/gcc/arm-none-eabi/15.2.1/../../../../arm-none-eabi/lib/thumb/v7e-m+dp/hard\libc_nano.a(libc_a-closer.o)
                              D:/14.3 rel1/bin/../lib/gcc/arm-none-eabi/15.2.1/../../../../arm-none-eabi/lib/thumb/v7e-m+dp/hard\libc_nano.a(libc_a-stdio.o) (_close_r)
D:/14.3 rel1/bin/../lib/gcc/arm-none-eabi/15.2.1/../../../../arm-none-eabi/lib/thumb/v7e-m+dp/hard\libc_nano.a(libc_a-reent.o)
                              D:/14.3 rel1/bin/../lib/gcc/arm-none-eabi/15.2.1/../../../../arm-none-eabi/lib/thumb/v7e-m+dp/hard\libc_nano.a(libc_a-closer.o) (errno)
[...]
Memory Configuration

Name             Origin             Length             Attributes
DTCMRAM          0x20000000         0x00020000         xrw
RAM_D1           0x24000000         0x00050000         xrw
RAM_D2           0x30000000         0x00008000         xrw
RAM_D3           0x38000000         0x00004000         xrw
ITCMRAM          0x00000000         0x00010000         xrw
FLASH            0x08000000         0x00100000         xr
*default*        0x00000000         0xffffffff

Linker script and memory map

LOAD D:/14.3 rel1/bin/../lib/gcc/arm-none-eabi/15.2.1/thumb/v7e-m+dp/hard/crti.o
LOAD D:/14.3 rel1/bin/../lib/gcc/arm-none-eabi/15.2.1/thumb/v7e-m+dp/hard/crtbegin.o
LOAD D:/14.3 rel1/bin/../lib/gcc/arm-none-eabi/15.2.1/../../../../arm-none-eabi/lib/thumb/v7e-m+dp/hard/crt0.o
LOAD build/main.o
LOAD build/freertos.o
LOAD build/stm32h7xx_it.o
LOAD build/stm32h7xx_hal_msp.o
LOAD build/stm32h7xx_hal_timebase_tim.o
LOAD build/system_stm32h7xx.o
LOAD build/sysmem.o
LOAD build/syscalls.o
LOAD build/usb_device.o
LOAD build/usbd_desc.o
LOAD build/usbd_cdc_if.o
LOAD build/usbd_conf.o
LOAD build/stm32h7xx_hal_tim.o
LOAD build/stm32h7xx_hal_tim_ex.o
LOAD build/stm32h7xx_hal_pcd.o
LOAD build/stm32h7xx_hal_pcd_ex.o
LOAD build/stm32h7xx_ll_usb.o
LOAD build/stm32h7xx_hal_rcc.o
LOAD build/stm32h7xx_hal_rcc_ex.o
LOAD build/stm32h7xx_hal_flash.o
LOAD build/stm32h7xx_hal_flash_ex.o
LOAD build/stm32h7xx_hal_gpio.o
LOAD build/stm32h7xx_hal_hsem.o
LOAD build/stm32h7xx_hal_dma.o
LOAD build/stm32h7xx_hal_dma_ex.o
LOAD build/stm32h7xx_hal_mdma.o
LOAD build/stm32h7xx_hal_pwr.o
LOAD build/stm32h7xx_hal_pwr_ex.o
LOAD build/stm32h7xx_hal_cortex.o
LOAD build/stm32h7xx_hal.o
LOAD build/stm32h7xx_hal_i2c.o
LOAD build/stm32h7xx_hal_i2c_ex.o
LOAD build/stm32h7xx_hal_exti.o
LOAD build/stm32h7xx_hal_adc.o
LOAD build/stm32h7xx_hal_adc_ex.o
LOAD build/stm32h7xx_hal_fdcan.o
LOAD build/stm32h7xx_hal_spi.o
LOAD build/stm32h7xx_hal_spi_ex.o
LOAD build/stm32h7xx_hal_uart.o
LOAD build/stm32h7xx_hal_uart_ex.o
LOAD build/croutine.o
LOAD build/event_groups.o
LOAD build/list.o
LOAD build/queue.o
LOAD build/stream_buffer.o
LOAD build/tasks.o
LOAD build/timers.o
LOAD build/cmsis_os2.o
LOAD build/heap_4.o
LOAD build/port.o
LOAD build/usbd_core.o
LOAD build/usbd_ctlreq.o
LOAD build/usbd_ioreq.o
LOAD build/usbd_cdc.o
LOAD build/SEGGER_RTT.o
LOAD build/SEGGER_RTT_printf.o
LOAD build/bsp_usart.o
LOAD build/bsp_log.o
LOAD build/bsp_can.o
LOAD build/bsp_dwt.o
LOAD build/bsp_gpio.o
LOAD build/bsp_pwm.o
LOAD build/bsp_spi.o
LOAD build/bsp_usb.o
LOAD build/controller.o
LOAD build/kalman_filter.o
LOAD build/QuaternionEKF.o
LOAD build/crc8.o
LOAD build/crc16.o
LOAD build/user_lib.o
LOAD build/message_center.o
LOAD build/master_process.o
LOAD build/seasky_protocol.o
LOAD build/bmi088.o
LOAD build/BMI088driver.o
LOAD build/BMI088Middleware.o
LOAD build/ins_task.o
LOAD build/vofa.o
LOAD build/dji_motor.o
LOAD build/dmmotor.o
LOAD build/motor_task.o
LOAD build/daemon.o
LOAD build/robot.o
LOAD build/gimbal.o
LOAD build/robot_cmd.o
LOAD build/opencv.o
LOAD build/laser_proto.o
LOAD build/galvanometer.o
LOAD build/laser.o
LOAD build/laser_task.o
LOAD build/gpio.o
LOAD build/adc.o
LOAD build/dma.o
LOAD build/fdcan.o
LOAD build/spi.o
LOAD build/tim.o
LOAD build/usart.o
LOAD build/startup_stm32h723xx.o
LOAD build/SEGGER_RTT_ASM_ARMv7M.o
LOAD D:/14.3 rel1/bin/../lib/gcc/arm-none-eabi/15.2.1/../../../../arm-none-eabi/lib/thumb/v7e-m+dp/hard\libc_nano.a
LOAD D:/14.3 rel1/bin/../lib/gcc/arm-none-eabi/15.2.1/../../../../arm-none-eabi/lib/thumb/v7e-m+dp/hard\libm.a
LOAD D:/14.3 rel1/bin/../lib/gcc/arm-none-eabi/15.2.1/../../../../arm-none-eabi/lib/thumb/v7e-m+dp/hard\libnosys.a
LOAD Drivers/CMSIS/DSP/Lib/GCC\libarm_cortexM7lfdp_math.a
START GROUP
LOAD D:/14.3 rel1/bin/../lib/gcc/arm-none-eabi/15.2.1/thumb/v7e-m+dp/hard\libgcc.a
LOAD D:/14.3 rel1/bin/../lib/gcc/arm-none-eabi/15.2.1/../../../../arm-none-eabi/lib/thumb/v7e-m+dp/hard\libc_nano.a
END GROUP
START GROUP
LOAD D:/14.3 rel1/bin/../lib/gcc/arm-none-eabi/15.2.1/thumb/v7e-m+dp/hard\libgcc.a
LOAD D:/14.3 rel1/bin/../lib/gcc/arm-none-eabi/15.2.1/../../../../arm-none-eabi/lib/thumb/v7e-m+dp/hard\libc_nano.a
END GROUP
LOAD D:/14.3 rel1/bin/../lib/gcc/arm-none-eabi/15.2.1/thumb/v7e-m+dp/hard/crtend.o
LOAD D:/14.3 rel1/bin/../lib/gcc/arm-none-eabi/15.2.1/thumb/v7e-m+dp/hard/crtn.o
                0x20020000                        _estack = (ORIGIN (DTCMRAM) + LENGTH (DTCMRAM))
                0x00001000                        _Min_Heap_Size = 0x1000
                0x00001000                        _Min_Stack_Size = 0x1000

.isr_vector     0x08000000      0x2cc
                0x08000000                        . = ALIGN (0x4)
 *(.isr_vector)
 .isr_vector    0x08000000      0x2cc build/startup_stm32h723xx.o
                0x08000000                g_pfnVectors
                0x080002cc                        . = ALIGN (0x4)

.text           0x080002d0    0x18b10
                0x080002d0                        . = ALIGN (0x4)
 *(.text)
 .text          0x080002d0       0x14 D:/14.3 rel1/bin/../lib/gcc/arm-none-eabi/15.2.1/../../../../arm-none-eabi/lib/thumb/v7e-m+dp/hard\libc_nano.a(libc_a-strcmp.o)
                0x080002d0                strcmp
 *fill*         0x080002e4        0xc 
 .text          0x080002f0       0xa0 D:/14.3 rel1/bin/../lib/gcc/arm-none-eabi/15.2.1/../../../../arm-none-eabi/lib/thumb/v7e-m+dp/hard\libc_nano.a(libc_a-memchr.o)
                0x080002f0                memchr
 .text          0x08000390      0x378 D:/14.3 rel1/bin/../lib/gcc/arm-none-eabi/15.2.1/thumb/v7e-m+dp/hard\libgcc.a(_arm_addsubdf3.o)
                0x08000390                __aeabi_drsub
                0x08000398                __aeabi_dsub
                0x08000398                __subdf3
                0x0800039c                __aeabi_dadd
                0x0800039c                __adddf3
                0x08000614                __floatunsidf
                0x08000614                __aeabi_ui2d
                0x08000634                __floatsidf
                0x08000634                __aeabi_i2d
                0x08000658                __aeabi_f2d
                0x08000658                __extendsfdf2
                0x0800069c                __floatundidf
                0x0800069c                __aeabi_ul2d
                0x080006ac                __floatdidf
                0x080006ac                __aeabi_l2d
 .text          0x08000708       0x30 D:/14.3 rel1/bin/../lib/gcc/arm-none-eabi/15.2.1/thumb/v7e-m+dp/hard\libgcc.a(_aeabi_uldivmod.o)
                0x08000708                __aeabi_uldivmod
 .text          0x08000738        0x4 D:/14.3 rel1/bin/../lib/gcc/arm-none-eabi/15.2.1/thumb/v7e-m+dp/hard\libgcc.a(_dvmd_tls.o)
                0x08000738                __aeabi_idiv0
                0x08000738                __aeabi_ldiv0
 *(.text*)
 .text.deregister_tm_clones
                0x0800073c       0x1c D:/14.3 rel1/bin/../lib/gcc/arm-none-eabi/15.2.1/thumb/v7e-m+dp/hard/crtbegin.o
 .text.register_tm_clones
                0x08000758       0x24 D:/14.3 rel1/bin/../lib/gcc/arm-none-eabi/15.2.1/thumb/v7e-m+dp/hard/crtbegin.o
 .text.__do_global_dtors_aux
                0x0800077c       0x28 D:/14.3 rel1/bin/../lib/gcc/arm-none-eabi/15.2.1/thumb/v7e-m+dp/hard/crtbegin.o
 .text.frame_dummy
                0x080007a4       0x24 D:/14.3 rel1/bin/../lib/gcc/arm-none-eabi/15.2.1/thumb/v7e-m+dp/hard/crtbegin.o
 .text.MPU_Config
                0x080007c8       0x56 build/main.o
 *fill*         0x0800081e        0x2 
 .text.HAL_TIM_PeriodElapsedCallback
                0x08000820       0x18 build/main.o
                0x08000820                HAL_TIM_PeriodElapsedCallback
 .text.Error_Handler
                0x08000838        0x4 build/main.o
                0x08000838                Error_Handler
 .text.SystemClock_Config
                0x0800083c      0x104 build/main.o
                0x0800083c                SystemClock_Config
 .text.main     0x08000940       0xf4 build/main.o
                0x08000940                main
 .text.StartDefaultTask
                0x08000a34        0xe build/freertos.o
                0x08000a34                StartDefaultTask
 *fill*         0x08000a42        0x2 
 .text.MX_FREERTOS_Init
                0x08000a44       0x20 build/freertos.o
                0x08000a44                MX_FREERTOS_Init
 .text.NMI_Handler
                0x08000a64        0x2 build/stm32h7xx_it.o
                0x08000a64                NMI_Handler
 .text.HardFault_Handler
                0x08000a66        0x2 build/stm32h7xx_it.o
                0x08000a66                HardFault_Handler
 .text.MemManage_Handler
                0x08000a68        0x2 build/stm32h7xx_it.o
                0x08000a68                MemManage_Handler
 .text.BusFault_Handler
                0x08000a6a        0x2 build/stm32h7xx_it.o
                0x08000a6a                BusFault_Handler
 .text.UsageFault_Handler
                0x08000a6c        0x2 build/stm32h7xx_it.o
                0x08000a6c                UsageFault_Handler
 .text.DebugMon_Handler
                0x08000a6e        0x2 build/stm32h7xx_it.o
                0x08000a6e                DebugMon_Handler
 .text.DMA1_Stream0_IRQHandler
                0x08000a70       0x10 build/stm32h7xx_it.o
                0x08000a70                DMA1_Stream0_IRQHandler
 .text.DMA1_Stream1_IRQHandler
                0x08000a80       0x10 build/stm32h7xx_it.o
                0x08000a80                DMA1_Stream1_IRQHandler
 .text.DMA1_Stream2_IRQHandler
                0x08000a90       0x10 build/stm32h7xx_it.o
                0x08000a90                DMA1_Stream2_IRQHandler
 .text.DMA1_Stream3_IRQHandler
                0x08000aa0       0x10 build/stm32h7xx_it.o
                0x08000aa0                DMA1_Stream3_IRQHandler
 .text.DMA1_Stream4_IRQHandler
                0x08000ab0       0x10 build/stm32h7xx_it.o
                0x08000ab0                DMA1_Stream4_IRQHandler
 .text.FDCAN2_IT0_IRQHandler
                0x08000ac0       0x10 build/stm32h7xx_it.o
                0x08000ac0                FDCAN2_IT0_IRQHandler
 .text.FDCAN2_IT1_IRQHandler
                0x08000ad0       0x10 build/stm32h7xx_it.o
                0x08000ad0                FDCAN2_IT1_IRQHandler
 .text.SPI1_IRQHandler
                0x08000ae0       0x10 build/stm32h7xx_it.o
                0x08000ae0                SPI1_IRQHandler
 .text.USART1_IRQHandler
                0x08000af0       0x10 build/stm32h7xx_it.o
                0x08000af0                USART1_IRQHandler
 .text.TIM6_DAC_IRQHandler
                0x08000b00       0x10 build/stm32h7xx_it.o
                0x08000b00                TIM6_DAC_IRQHandler
 .text.OTG_HS_IRQHandler
                0x08000b10       0x10 build/stm32h7xx_it.o
                0x08000b10                OTG_HS_IRQHandler
 .text.HAL_MspInit
                0x08000b20       0x34 build/stm32h7xx_hal_msp.o
                0x08000b20                HAL_MspInit
 .text.HAL_InitTick
                0x08000b54       0x9c build/stm32h7xx_hal_timebase_tim.o
                0x08000b54                HAL_InitTick
 .text.SystemInit
                0x08000bf0       0xd0 build/system_stm32h7xx.o
                0x08000bf0                SystemInit
 .text.ExitRun0Mode
                0x08000cc0       0x1c build/system_stm32h7xx.o
                0x08000cc0                ExitRun0Mode
 .text._sbrk    0x08000cdc       0x4c build/sysmem.o
                0x08000cdc                _sbrk
 .text._getpid  0x08000d28        0x4 build/syscalls.o
                0x08000d28                _getpid
 .text._kill    0x08000d2c       0x10 build/syscalls.o
                0x08000d2c                _kill
 .text._exit    0x08000d3c        0xc build/syscalls.o
                0x08000d3c                _exit
 .text._read    0x08000d48       0x20 build/syscalls.o
                0x08000d48                _read
 .text._write   0x08000d68       0x1c build/syscalls.o
                0x08000d68                _write
 .text._close   0x08000d84        0x6 build/syscalls.o
                0x08000d84                _close
 .text._fstat   0x08000d8a        0xa build/syscalls.o
                0x08000d8a                _fstat
 .text._isatty  0x08000d94        0x4 build/syscalls.o
                0x08000d94                _isatty
 .text._lseek   0x08000d98        0x4 build/syscalls.o
                0x08000d98                _lseek
 .text.MX_USB_DEVICE_Init
                0x08000d9c       0x58 build/usb_device.o
                0x08000d9c                MX_USB_DEVICE_Init
 .text.USBD_HS_DeviceDescriptor
                0x08000df4        0xc build/usbd_desc.o
                0x08000df4                USBD_HS_DeviceDescriptor
 .text.USBD_HS_LangIDStrDescriptor
                0x08000e00        0xc build/usbd_desc.o
                0x08000e00                USBD_HS_LangIDStrDescriptor
 .text.IntToUnicode
                0x08000e0c       0x44 build/usbd_desc.o
 .text.Get_SerialNum
                0x08000e50       0x38 build/usbd_desc.o
 .text.USBD_HS_SerialStrDescriptor
                0x08000e88       0x14 build/usbd_desc.o
                0x08000e88                USBD_HS_SerialStrDescriptor
 .text.USBD_HS_ProductStrDescriptor
                0x08000e9c       0x24 build/usbd_desc.o
                0x08000e9c                USBD_HS_ProductStrDescriptor
 .text.USBD_HS_ManufacturerStrDescriptor
                0x08000ec0       0x1c build/usbd_desc.o
                0x08000ec0                USBD_HS_ManufacturerStrDescriptor
 .text.USBD_HS_ConfigStrDescriptor
                0x08000edc       0x24 build/usbd_desc.o
                0x08000edc                USBD_HS_ConfigStrDescriptor
 .text.USBD_HS_InterfaceStrDescriptor
                0x08000f00       0x24 build/usbd_desc.o
                0x08000f00                USBD_HS_InterfaceStrDescriptor
 .text.CDC_DeInit_HS
                0x08000f24        0x4 build/usbd_cdc_if.o
 .text.CDC_Control_HS
                0x08000f28        0x4 build/usbd_cdc_if.o
 .text.CDC_TransmitCplt_HS
                0x08000f2c       0x18 build/usbd_cdc_if.o
 .text.CDC_Receive_HS
                0x08000f44       0x40 build/usbd_cdc_if.o
 .text.CDC_Init_HS
                0x08000f84       0x28 build/usbd_cdc_if.o
 .text.CDCInitRxbufferNcallback
                0x08000fac       0x18 build/usbd_cdc_if.o
                0x08000fac                CDCInitRxbufferNcallback
 .text.HAL_PCD_MspInit
                0x08000fc4       0x74 build/usbd_conf.o
                0x08000fc4                HAL_PCD_MspInit
 .text.HAL_PCD_SetupStageCallback
                0x08001038       0x10 build/usbd_conf.o
                0x08001038                HAL_PCD_SetupStageCallback
 .text.HAL_PCD_DataOutStageCallback
                0x08001048       0x18 build/usbd_conf.o
                0x08001048                HAL_PCD_DataOutStageCallback
 .text.HAL_PCD_DataInStageCallback
                0x08001060       0x16 build/usbd_conf.o
                0x08001060                HAL_PCD_DataInStageCallback
 .text.HAL_PCD_SOFCallback
                0x08001076        0xc build/usbd_conf.o
                0x08001076                HAL_PCD_SOFCallback
 .text.HAL_PCD_ResetCallback
                0x08001082       0x28 build/usbd_conf.o
                0x08001082                HAL_PCD_ResetCallback
 *fill*         0x080010aa        0x2 
 .text.HAL_PCD_SuspendCallback
                0x080010ac       0x30 build/usbd_conf.o
                0x080010ac                HAL_PCD_SuspendCallback
 .text.HAL_PCD_ResumeCallback
                0x080010dc        0xc build/usbd_conf.o
                0x080010dc                HAL_PCD_ResumeCallback
 .text.HAL_PCD_ISOOUTIncompleteCallback
                0x080010e8        0xc build/usbd_conf.o
                0x080010e8                HAL_PCD_ISOOUTIncompleteCallback
 .text.HAL_PCD_ISOINIncompleteCallback
                0x080010f4        0xc build/usbd_conf.o
                0x080010f4                HAL_PCD_ISOINIncompleteCallback
 .text.HAL_PCD_ConnectCallback
                0x08001100        0xc build/usbd_conf.o
                0x08001100                HAL_PCD_ConnectCallback
 .text.HAL_PCD_DisconnectCallback
                0x0800110c        0xc build/usbd_conf.o
                0x0800110c                HAL_PCD_DisconnectCallback
 .text.USBD_LL_Init
                0x08001118       0x6c build/usbd_conf.o
                0x08001118                USBD_LL_Init
 .text.USBD_LL_IsStallEP
                0x08001184       0x2c build/usbd_conf.o
                0x08001184                USBD_LL_IsStallEP
 .text.USBD_LL_GetRxDataSize
                0x080011b0        0xc build/usbd_conf.o
                0x080011b0                USBD_LL_GetRxDataSize
 .text.USBD_static_malloc
                0x080011bc        0x8 build/usbd_conf.o
                0x080011bc                USBD_static_malloc
 .text.USBD_static_free
                0x080011c4        0x2 build/usbd_conf.o
                0x080011c4                USBD_static_free
 .text.USBD_Get_USB_Status
                0x080011c6       0x16 build/usbd_conf.o
                0x080011c6                USBD_Get_USB_Status
 .text.USBD_LL_Start
                0x080011dc       0x10 build/usbd_conf.o
                0x080011dc                USBD_LL_Start
 .text.USBD_LL_OpenEP
                0x080011ec       0x16 build/usbd_conf.o
                0x080011ec                USBD_LL_OpenEP
 .text.USBD_LL_CloseEP
                0x08001202       0x10 build/usbd_conf.o
                0x08001202                USBD_LL_CloseEP
 .text.USBD_LL_StallEP
                0x08001212       0x10 build/usbd_conf.o
                0x08001212                USBD_LL_StallEP
 .text.USBD_LL_ClearStallEP
                0x08001222       0x10 build/usbd_conf.o
                0x08001222                USBD_LL_ClearStallEP
 .text.USBD_LL_SetUSBAddress
                0x08001232       0x10 build/usbd_conf.o
                0x08001232                USBD_LL_SetUSBAddress
 .text.USBD_LL_Transmit
                0x08001242       0x10 build/usbd_conf.o
                0x08001242                USBD_LL_Transmit
 .text.USBD_LL_PrepareReceive
                0x08001252       0x10 build/usbd_conf.o
                0x08001252                USBD_LL_PrepareReceive
 *fill*         0x08001262        0x2 
 .text.TIM_OC1_SetConfig
                0x08001264       0xb8 build/stm32h7xx_hal_tim.o
 .text.TIM_OC3_SetConfig
                0x0800131c       0xa4 build/stm32h7xx_hal_tim.o
 .text.TIM_OC4_SetConfig
                0x080013c0       0x88 build/stm32h7xx_hal_tim.o
 .text.TIM_OC5_SetConfig
                0x08001448       0x84 build/stm32h7xx_hal_tim.o
 .text.TIM_OC6_SetConfig
                0x080014cc       0x88 build/stm32h7xx_hal_tim.o
 .text.TIM_TI1_ConfigInputStage
                0x08001554       0x26 build/stm32h7xx_hal_tim.o
 .text.TIM_TI2_ConfigInputStage
                0x0800157a       0x28 build/stm32h7xx_hal_tim.o
 *fill*         0x080015a2        0x2 
 .text.TIM_ITRx_SetConfig
                0x080015a4       0x14 build/stm32h7xx_hal_tim.o
 .text.HAL_TIM_Base_Start
                0x080015b8       0x94 build/stm32h7xx_hal_tim.o
                0x080015b8                HAL_TIM_Base_Start
 .text.HAL_TIM_Base_Stop
                0x0800164c       0x28 build/stm32h7xx_hal_tim.o
                0x0800164c                HAL_TIM_Base_Stop
 .text.HAL_TIM_Base_Start_IT
                0x08001674       0xa0 build/stm32h7xx_hal_tim.o
                0x08001674                HAL_TIM_Base_Start_IT
 .text.HAL_TIM_PWM_MspInit
                0x08001714        0x2 build/stm32h7xx_hal_tim.o
                0x08001714                HAL_TIM_PWM_MspInit
 .text.HAL_TIM_OnePulse_MspInit
                0x08001716        0x2 build/stm32h7xx_hal_tim.o
                0x08001716                HAL_TIM_OnePulse_MspInit
 .text.HAL_TIM_OC_DelayElapsedCallback
                0x08001718        0x2 build/stm32h7xx_hal_tim.o
                0x08001718                HAL_TIM_OC_DelayElapsedCallback
 .text.HAL_TIM_IC_CaptureCallback
                0x0800171a        0x2 build/stm32h7xx_hal_tim.o
                0x0800171a                HAL_TIM_IC_CaptureCallback
 .text.HAL_TIM_TriggerCallback
                0x0800171c        0x2 build/stm32h7xx_hal_tim.o
                0x0800171c                HAL_TIM_TriggerCallback
 .text.HAL_TIM_IRQHandler
                0x0800171e      0x180 build/stm32h7xx_hal_tim.o
                0x0800171e                HAL_TIM_IRQHandler
 *fill*         0x0800189e        0x2 
 .text.TIM_Base_SetConfig
                0x080018a0      0x140 build/stm32h7xx_hal_tim.o
                0x080018a0                TIM_Base_SetConfig
 .text.HAL_TIM_Base_Init
                0x080019e0       0x60 build/stm32h7xx_hal_tim.o
                0x080019e0                HAL_TIM_Base_Init
 .text.HAL_TIM_PWM_Init
                0x08001a40       0x60 build/stm32h7xx_hal_tim.o
                0x08001a40                HAL_TIM_PWM_Init
 .text.HAL_TIM_OnePulse_Init
                0x08001aa0       0x5c build/stm32h7xx_hal_tim.o
                0x08001aa0                HAL_TIM_OnePulse_Init
 .text.TIM_OC2_SetConfig
                0x08001afc       0xa4 build/stm32h7xx_hal_tim.o
                0x08001afc                TIM_OC2_SetConfig
 .text.HAL_TIM_PWM_ConfigChannel
                0x08001ba0      0x140 build/stm32h7xx_hal_tim.o
                0x08001ba0                HAL_TIM_PWM_ConfigChannel
 .text.TIM_ETR_SetConfig
                0x08001ce0       0x16 build/stm32h7xx_hal_tim.o
                0x08001ce0                TIM_ETR_SetConfig
 *fill*         0x08001cf6        0x2 
 .text.HAL_TIM_ConfigClockSource
                0x08001cf8      0x138 build/stm32h7xx_hal_tim.o
                0x08001cf8                HAL_TIM_ConfigClockSource
 .text.TIM_CCxChannelCmd
                0x08001e30       0x1e build/stm32h7xx_hal_tim.o
                0x08001e30                TIM_CCxChannelCmd
 *fill*         0x08001e4e        0x2 
 .text.HAL_TIM_PWM_Start
                0x08001e50      0x16c build/stm32h7xx_hal_tim.o
                0x08001e50                HAL_TIM_PWM_Start
 .text.HAL_TIMEx_MasterConfigSynchronization
                0x08001fbc       0xb4 build/stm32h7xx_hal_tim_ex.o
                0x08001fbc                HAL_TIMEx_MasterConfigSynchronization
 .text.HAL_TIMEx_CommutCallback
                0x08002070        0x2 build/stm32h7xx_hal_tim_ex.o
                0x08002070                HAL_TIMEx_CommutCallback
 .text.HAL_TIMEx_BreakCallback
                0x08002072        0x2 build/stm32h7xx_hal_tim_ex.o
                0x08002072                HAL_TIMEx_BreakCallback
 .text.HAL_TIMEx_Break2Callback
                0x08002074        0x2 build/stm32h7xx_hal_tim_ex.o
                0x08002074                HAL_TIMEx_Break2Callback
 .text.PCD_WriteEmptyTxFifo
                0x08002076       0xd0 build/stm32h7xx_hal_pcd.o
 .text.HAL_PCD_Init
                0x08002146      0x108 build/stm32h7xx_hal_pcd.o
                0x08002146                HAL_PCD_Init
 .text.HAL_PCD_Start
                0x0800224e       0x44 build/stm32h7xx_hal_pcd.o
                0x0800224e                HAL_PCD_Start
 *fill*         0x08002292        0x2 
 .text.PCD_EP_OutXfrComplete_int
                0x08002294      0x108 build/stm32h7xx_hal_pcd.o
 .text.PCD_EP_OutSetupPacket_int
                0x0800239c       0x50 build/stm32h7xx_hal_pcd.o
 .text.HAL_PCD_SetAddress
                0x080023ec       0x26 build/stm32h7xx_hal_pcd.o
                0x080023ec                HAL_PCD_SetAddress
 .text.HAL_PCD_EP_Open
                0x08002412       0x96 build/stm32h7xx_hal_pcd.o
                0x08002412                HAL_PCD_EP_Open
 .text.HAL_PCD_EP_Close
                0x080024a8       0x70 build/stm32h7xx_hal_pcd.o
                0x080024a8                HAL_PCD_EP_Close
 .text.HAL_PCD_EP_Receive
                0x08002518       0x4a build/stm32h7xx_hal_pcd.o
                0x08002518                HAL_PCD_EP_Receive
 .text.HAL_PCD_EP_GetRxCount
                0x08002562       0x12 build/stm32h7xx_hal_pcd.o
                0x08002562                HAL_PCD_EP_GetRxCount
 .text.HAL_PCD_EP_Transmit
                0x08002574       0x4a build/stm32h7xx_hal_pcd.o
                0x08002574                HAL_PCD_EP_Transmit
 .text.HAL_PCD_EP_SetStall
                0x080025be       0x86 build/stm32h7xx_hal_pcd.o
                0x080025be                HAL_PCD_EP_SetStall
 .text.HAL_PCD_EP_ClrStall
                0x08002644       0x74 build/stm32h7xx_hal_pcd.o
                0x08002644                HAL_PCD_EP_ClrStall
 .text.HAL_PCD_EP_Abort
                0x080026b8       0x34 build/stm32h7xx_hal_pcd.o
                0x080026b8                HAL_PCD_EP_Abort
 .text.HAL_PCD_IRQHandler
                0x080026ec      0x634 build/stm32h7xx_hal_pcd.o
                0x080026ec                HAL_PCD_IRQHandler
 .text.HAL_PCDEx_SetTxFiFo
                0x08002d20       0x4a build/stm32h7xx_hal_pcd_ex.o
                0x08002d20                HAL_PCDEx_SetTxFiFo
 .text.HAL_PCDEx_SetRxFiFo
                0x08002d6a        0x8 build/stm32h7xx_hal_pcd_ex.o
                0x08002d6a                HAL_PCDEx_SetRxFiFo
 *fill*         0x08002d72        0x2 
 .text.HAL_PCDEx_ActivateLPM
                0x08002d74       0x28 build/stm32h7xx_hal_pcd_ex.o
                0x08002d74                HAL_PCDEx_ActivateLPM
 .text.HAL_PCDEx_LPM_Callback
                0x08002d9c        0x2 build/stm32h7xx_hal_pcd_ex.o
                0x08002d9c                HAL_PCDEx_LPM_Callback
 .text.USB_CoreReset
                0x08002d9e       0x4a build/stm32h7xx_ll_usb.o
 .text.USB_CoreInit
                0x08002de8       0xa4 build/stm32h7xx_ll_usb.o
                0x08002de8                USB_CoreInit
 .text.USB_SetTurnaroundTime
                0x08002e8c       0xe4 build/stm32h7xx_ll_usb.o
                0x08002e8c                USB_SetTurnaroundTime
 .text.USB_EnableGlobalInt
                0x08002f70        0xc build/stm32h7xx_ll_usb.o
                0x08002f70                USB_EnableGlobalInt
 .text.USB_DisableGlobalInt
                0x08002f7c        0xc build/stm32h7xx_ll_usb.o
                0x08002f7c                USB_DisableGlobalInt
 .text.USB_FlushTxFifo
                0x08002f88       0x4a build/stm32h7xx_ll_usb.o
                0x08002f88                USB_FlushTxFifo
 .text.USB_FlushRxFifo
                0x08002fd2       0x46 build/stm32h7xx_ll_usb.o
                0x08002fd2                USB_FlushRxFifo
 .text.USB_SetDevSpeed
                0x08003018        0xe build/stm32h7xx_ll_usb.o
                0x08003018                USB_SetDevSpeed
 *fill*         0x08003026        0x2 
 .text.USB_DevInit
                0x08003028      0x198 build/stm32h7xx_ll_usb.o
                0x08003028                USB_DevInit
 .text.USB_GetDevSpeed
                0x080031c0       0x1e build/stm32h7xx_ll_usb.o
                0x080031c0                USB_GetDevSpeed
 *fill*         0x080031de        0x2 
 .text.USB_ActivateEndpoint
                0x080031e0       0xa0 build/stm32h7xx_ll_usb.o
                0x080031e0                USB_ActivateEndpoint
 .text.USB_DeactivateEndpoint
                0x08003280       0xe4 build/stm32h7xx_ll_usb.o
                0x08003280                USB_DeactivateEndpoint
 .text.USB_EPStopXfer
                0x08003364       0xbc build/stm32h7xx_ll_usb.o
                0x08003364                USB_EPStopXfer
 .text.USB_WritePacket
                0x08003420       0x2e build/stm32h7xx_ll_usb.o
                0x08003420                USB_WritePacket
 *fill*         0x0800344e        0x2 
 .text.USB_EPStartXfer
                0x08003450      0x27c build/stm32h7xx_ll_usb.o
                0x08003450                USB_EPStartXfer
 .text.USB_ReadPacket
                0x080036cc       0x46 build/stm32h7xx_ll_usb.o
                0x080036cc                USB_ReadPacket
 .text.USB_EPSetStall
                0x08003712       0x5a build/stm32h7xx_ll_usb.o
                0x08003712                USB_EPSetStall
 .text.USB_EPClearStall
                0x0800376c       0x5c build/stm32h7xx_ll_usb.o
                0x0800376c                USB_EPClearStall
 .text.USB_SetDevAddress
                0x080037c8       0x20 build/stm32h7xx_ll_usb.o
                0x080037c8                USB_SetDevAddress
 .text.USB_DevConnect
                0x080037e8       0x1c build/stm32h7xx_ll_usb.o
                0x080037e8                USB_DevConnect
 .text.USB_DevDisconnect
                0x08003804       0x1c build/stm32h7xx_ll_usb.o
                0x08003804                USB_DevDisconnect
 .text.USB_ReadInterrupts
                0x08003820        0x8 build/stm32h7xx_ll_usb.o
                0x08003820                USB_ReadInterrupts
 .text.USB_ReadDevAllOutEpInterrupt
                0x08003828       0x10 build/stm32h7xx_ll_usb.o
                0x08003828                USB_ReadDevAllOutEpInterrupt
 .text.USB_ReadDevAllInEpInterrupt
                0x08003838       0x10 build/stm32h7xx_ll_usb.o
                0x08003838                USB_ReadDevAllInEpInterrupt
 .text.USB_ReadDevOutEPInterrupt
                0x08003848       0x12 build/stm32h7xx_ll_usb.o
                0x08003848                USB_ReadDevOutEPInterrupt
 .text.USB_ReadDevInEPInterrupt
                0x0800385a       0x24 build/stm32h7xx_ll_usb.o
                0x0800385a                USB_ReadDevInEPInterrupt
 .text.USB_GetMode
                0x0800387e        0x8 build/stm32h7xx_ll_usb.o
                0x0800387e                USB_GetMode
 .text.USB_SetCurrentMode
                0x08003886       0x62 build/stm32h7xx_ll_usb.o
                0x08003886                USB_SetCurrentMode
 .text.USB_ActivateSetup
                0x080038e8       0x1c build/stm32h7xx_ll_usb.o
                0x080038e8                USB_ActivateSetup
 .text.USB_EP0_OutStart
                0x08003904       0x5c build/stm32h7xx_ll_usb.o
                0x08003904                USB_EP0_OutStart
 .text.HAL_RCC_OscConfig
                0x08003960      0x5e4 build/stm32h7xx_hal_rcc.o
                0x08003960                HAL_RCC_OscConfig
 .text.HAL_RCC_MCOConfig
                0x08003f44       0xa4 build/stm32h7xx_hal_rcc.o
                0x08003f44                HAL_RCC_MCOConfig
 .text.HAL_RCC_GetSysClockFreq
                0x08003fe8      0x1f4 build/stm32h7xx_hal_rcc.o
                0x08003fe8                HAL_RCC_GetSysClockFreq
 .text.HAL_RCC_ClockConfig
                0x080041dc      0x294 build/stm32h7xx_hal_rcc.o
                0x080041dc                HAL_RCC_ClockConfig
 .text.HAL_RCC_GetHCLKFreq
                0x08004470       0x44 build/stm32h7xx_hal_rcc.o
                0x08004470                HAL_RCC_GetHCLKFreq
 .text.HAL_RCC_GetPCLK1Freq
                0x080044b4       0x24 build/stm32h7xx_hal_rcc.o
                0x080044b4                HAL_RCC_GetPCLK1Freq
 .text.HAL_RCC_GetPCLK2Freq
                0x080044d8       0x24 build/stm32h7xx_hal_rcc.o
                0x080044d8                HAL_RCC_GetPCLK2Freq
 .text.HAL_RCC_GetClockConfig
                0x080044fc       0x54 build/stm32h7xx_hal_rcc.o
                0x080044fc                HAL_RCC_GetClockConfig
 .text.RCCEx_PLL2_Config
                0x08004550      0x108 build/stm32h7xx_hal_rcc_ex.o
 .text.RCCEx_PLL3_Config
                0x08004658      0x108 build/stm32h7xx_hal_rcc_ex.o
 .text.HAL_RCCEx_PeriphCLKConfig
                0x08004760      0xa78 build/stm32h7xx_hal_rcc_ex.o
                0x08004760                HAL_RCCEx_PeriphCLKConfig
 .text.HAL_RCCEx_GetD3PCLK1Freq
                0x080051d8       0x24 build/stm32h7xx_hal_rcc_ex.o
                0x080051d8                HAL_RCCEx_GetD3PCLK1Freq
 .text.HAL_RCCEx_GetPLL2ClockFreq
                0x080051fc      0x200 build/stm32h7xx_hal_rcc_ex.o
                0x080051fc                HAL_RCCEx_GetPLL2ClockFreq
 .text.HAL_RCCEx_GetPLL3ClockFreq
                0x080053fc      0x200 build/stm32h7xx_hal_rcc_ex.o
                0x080053fc                HAL_RCCEx_GetPLL3ClockFreq
 .text.HAL_RCCEx_GetPLL1ClockFreq
                0x080055fc      0x200 build/stm32h7xx_hal_rcc_ex.o
                0x080055fc                HAL_RCCEx_GetPLL1ClockFreq
 .text.HAL_RCCEx_GetPeriphCLKFreq
                0x080057fc      0x604 build/stm32h7xx_hal_rcc_ex.o
                0x080057fc                HAL_RCCEx_GetPeriphCLKFreq
 .text.HAL_RCCEx_CRSConfig
                0x08005e00       0x74 build/stm32h7xx_hal_rcc_ex.o
                0x08005e00                HAL_RCCEx_CRSConfig
 .text.HAL_GPIO_Init
                0x08005e74      0x210 build/stm32h7xx_hal_gpio.o
                0x08005e74                HAL_GPIO_Init
 .text.HAL_GPIO_ReadPin
                0x08006084        0xe build/stm32h7xx_hal_gpio.o
                0x08006084                HAL_GPIO_ReadPin
 .text.HAL_GPIO_WritePin
                0x08006092        0xc build/stm32h7xx_hal_gpio.o
                0x08006092                HAL_GPIO_WritePin
 *fill*         0x0800609e        0x2 
 .text.DMA_SetConfig
                0x080060a0      0x1ec build/stm32h7xx_hal_dma.o
 .text.DMA_CalcBaseAndBitshift
                0x0800628c       0xac build/stm32h7xx_hal_dma.o
 .text.DMA_CheckFifoParam
                0x08006338       0x9e build/stm32h7xx_hal_dma.o
 *fill*         0x080063d6        0x2 
 .text.DMA_CalcDMAMUXChannelBaseAndMask
                0x080063d8       0xac build/stm32h7xx_hal_dma.o
 .text.DMA_CalcDMAMUXRequestGenBaseAndMask
                0x08006484       0x88 build/stm32h7xx_hal_dma.o
 .text.HAL_DMA_Init
                0x0800650c      0x394 build/stm32h7xx_hal_dma.o
                0x0800650c                HAL_DMA_Init
 .text.HAL_DMA_Start_IT
                0x080068a0      0x2bc build/stm32h7xx_hal_dma.o
                0x080068a0                HAL_DMA_Start_IT
 .text.HAL_DMA_Abort
                0x08006b5c      0x33c build/stm32h7xx_hal_dma.o
                0x08006b5c                HAL_DMA_Abort
 .text.HAL_DMA_Abort_IT
                0x08006e98      0x26c build/stm32h7xx_hal_dma.o
                0x08006e98                HAL_DMA_Abort_IT
 .text.HAL_DMA_IRQHandler
                0x08007104      0x734 build/stm32h7xx_hal_dma.o
                0x08007104                HAL_DMA_IRQHandler
 .text.HAL_PWREx_ConfigSupply
                0x08007838       0x54 build/stm32h7xx_hal_pwr_ex.o
                0x08007838                HAL_PWREx_ConfigSupply
 .text.HAL_PWREx_EnableUSBVoltageDetector
                0x0800788c       0x10 build/stm32h7xx_hal_pwr_ex.o
                0x0800788c                HAL_PWREx_EnableUSBVoltageDetector
 .text.__NVIC_EnableIRQ
                0x0800789c       0x1c build/stm32h7xx_hal_cortex.o
 .text.__NVIC_SetPriority
                0x080078b8       0x24 build/stm32h7xx_hal_cortex.o
 .text.NVIC_EncodePriority
                0x080078dc       0x46 build/stm32h7xx_hal_cortex.o
 *fill*         0x08007922        0x2 
 .text.HAL_NVIC_SetPriorityGrouping
                0x08007924       0x24 build/stm32h7xx_hal_cortex.o
                0x08007924                HAL_NVIC_SetPriorityGrouping
 .text.HAL_NVIC_SetPriority
                0x08007948       0x20 build/stm32h7xx_hal_cortex.o
                0x08007948                HAL_NVIC_SetPriority
 .text.HAL_NVIC_EnableIRQ
                0x08007968        0x8 build/stm32h7xx_hal_cortex.o
                0x08007968                HAL_NVIC_EnableIRQ
 .text.HAL_MPU_Disable
                0x08007970       0x1c build/stm32h7xx_hal_cortex.o
                0x08007970                HAL_MPU_Disable
 .text.HAL_MPU_Enable
                0x0800798c       0x20 build/stm32h7xx_hal_cortex.o
                0x0800798c                HAL_MPU_Enable
 .text.HAL_MPU_ConfigRegion
                0x080079ac       0x58 build/stm32h7xx_hal_cortex.o
                0x080079ac                HAL_MPU_ConfigRegion
 .text.HAL_Init
                0x08007a04       0x60 build/stm32h7xx_hal.o
                0x08007a04                HAL_Init
 .text.HAL_IncTick
                0x08007a64       0x18 build/stm32h7xx_hal.o
                0x08007a64                HAL_IncTick
 .text.HAL_GetTick
                0x08007a7c        0xc build/stm32h7xx_hal.o
                0x08007a7c                HAL_GetTick
 .text.HAL_Delay
                0x08007a88       0x28 build/stm32h7xx_hal.o
                0x08007a88                HAL_Delay
 .text.HAL_GetREVID
                0x08007ab0        0xc build/stm32h7xx_hal.o
                0x08007ab0                HAL_GetREVID
 .text.LL_ADC_SetOffset
                0x08007abc       0x3c build/stm32h7xx_hal_adc.o
 .text.LL_ADC_SetOffsetState
                0x08007af8       0x30 build/stm32h7xx_hal_adc.o
 .text.LL_ADC_REG_SetSequencerRanks
                0x08007b28       0x32 build/stm32h7xx_hal_adc.o
 .text.LL_ADC_SetChannelSamplingTime
                0x08007b5a       0x2e build/stm32h7xx_hal_adc.o
 .text.LL_ADC_SetChannelSingleDiff
                0x08007b88       0x58 build/stm32h7xx_hal_adc.o
 .text.LL_ADC_SetChannelPreselection
                0x08007be0       0x38 build/stm32h7xx_hal_adc.o
 .text.HAL_ADC_ConfigChannel
                0x08007c18      0x61c build/stm32h7xx_hal_adc.o
                0x08007c18                HAL_ADC_ConfigChannel
 .text.ADC_ConfigureBoostMode
                0x08008234      0x134 build/stm32h7xx_hal_adc.o
                0x08008234                ADC_ConfigureBoostMode
 .text.HAL_ADC_Init
                0x08008368      0x2d4 build/stm32h7xx_hal_adc.o
                0x08008368                HAL_ADC_Init
 .text.HAL_ADCEx_MultiModeConfigChannel
                0x0800863c      0x158 build/stm32h7xx_hal_adc_ex.o
                0x0800863c                HAL_ADCEx_MultiModeConfigChannel
 .text.FDCAN_CalcultateRamBlockAddresses
                0x08008794      0x1ec build/stm32h7xx_hal_fdcan.o
 .text.FDCAN_CopyMessageToRAM
                0x08008980       0x9c build/stm32h7xx_hal_fdcan.o
 .text.HAL_FDCAN_Init
                0x08008a1c      0x294 build/stm32h7xx_hal_fdcan.o
                0x08008a1c                HAL_FDCAN_Init
 .text.HAL_FDCAN_ConfigFilter
                0x08008cb0       0x88 build/stm32h7xx_hal_fdcan.o
                0x08008cb0                HAL_FDCAN_ConfigFilter
 .text.HAL_FDCAN_ConfigGlobalFilter
                0x08008d38       0x32 build/stm32h7xx_hal_fdcan.o
                0x08008d38                HAL_FDCAN_ConfigGlobalFilter
 .text.HAL_FDCAN_ConfigRxFifoOverwrite
                0x08008d6a       0x46 build/stm32h7xx_hal_fdcan.o
                0x08008d6a                HAL_FDCAN_ConfigRxFifoOverwrite
 .text.HAL_FDCAN_Start
                0x08008db0       0x32 build/stm32h7xx_hal_fdcan.o
                0x08008db0                HAL_FDCAN_Start
 .text.HAL_FDCAN_AddMessageToTxFifoQ
                0x08008de2       0x74 build/stm32h7xx_hal_fdcan.o
                0x08008de2                HAL_FDCAN_AddMessageToTxFifoQ
 *fill*         0x08008e56        0x2 
 .text.HAL_FDCAN_GetRxMessage
                0x08008e58      0x1f4 build/stm32h7xx_hal_fdcan.o
                0x08008e58                HAL_FDCAN_GetRxMessage
 .text.HAL_FDCAN_GetRxFifoFillLevel
                0x0800904c       0x1c build/stm32h7xx_hal_fdcan.o
                0x0800904c                HAL_FDCAN_GetRxFifoFillLevel
 .text.HAL_FDCAN_GetTxFifoFreeLevel
                0x08009068        0xc build/stm32h7xx_hal_fdcan.o
                0x08009068                HAL_FDCAN_GetTxFifoFreeLevel
 .text.HAL_FDCAN_ActivateNotification
                0x08009074       0xa0 build/stm32h7xx_hal_fdcan.o
                0x08009074                HAL_FDCAN_ActivateNotification
 .text.HAL_FDCAN_ClockCalibrationCallback
                0x08009114        0x2 build/stm32h7xx_hal_fdcan.o
                0x08009114                HAL_FDCAN_ClockCalibrationCallback
 .text.HAL_FDCAN_TxEventFifoCallback
                0x08009116        0x2 build/stm32h7xx_hal_fdcan.o
                0x08009116                HAL_FDCAN_TxEventFifoCallback
 .text.HAL_FDCAN_TxFifoEmptyCallback
                0x08009118        0x2 build/stm32h7xx_hal_fdcan.o
                0x08009118                HAL_FDCAN_TxFifoEmptyCallback
 .text.HAL_FDCAN_TxBufferCompleteCallback
                0x0800911a        0x2 build/stm32h7xx_hal_fdcan.o
                0x0800911a                HAL_FDCAN_TxBufferCompleteCallback
 .text.HAL_FDCAN_TxBufferAbortCallback
                0x0800911c        0x2 build/stm32h7xx_hal_fdcan.o
                0x0800911c                HAL_FDCAN_TxBufferAbortCallback
 .text.HAL_FDCAN_RxBufferNewMessageCallback
                0x0800911e        0x2 build/stm32h7xx_hal_fdcan.o
                0x0800911e                HAL_FDCAN_RxBufferNewMessageCallback
 .text.HAL_FDCAN_TimestampWraparoundCallback
                0x08009120        0x2 build/stm32h7xx_hal_fdcan.o
                0x08009120                HAL_FDCAN_TimestampWraparoundCallback
 .text.HAL_FDCAN_TimeoutOccurredCallback
                0x08009122        0x2 build/stm32h7xx_hal_fdcan.o
                0x08009122                HAL_FDCAN_TimeoutOccurredCallback
 .text.HAL_FDCAN_HighPriorityMessageCallback
                0x08009124        0x2 build/stm32h7xx_hal_fdcan.o
                0x08009124                HAL_FDCAN_HighPriorityMessageCallback
 .text.HAL_FDCAN_ErrorCallback
                0x08009126        0x2 build/stm32h7xx_hal_fdcan.o
                0x08009126                HAL_FDCAN_ErrorCallback
 .text.HAL_FDCAN_ErrorStatusCallback
                0x08009128        0x2 build/stm32h7xx_hal_fdcan.o
                0x08009128                HAL_FDCAN_ErrorStatusCallback
 .text.HAL_FDCAN_TT_ScheduleSyncCallback
                0x0800912a        0x2 build/stm32h7xx_hal_fdcan.o
                0x0800912a                HAL_FDCAN_TT_ScheduleSyncCallback
 .text.HAL_FDCAN_TT_TimeMarkCallback
                0x0800912c        0x2 build/stm32h7xx_hal_fdcan.o
                0x0800912c                HAL_FDCAN_TT_TimeMarkCallback
 .text.HAL_FDCAN_TT_StopWatchCallback
                0x0800912e        0x2 build/stm32h7xx_hal_fdcan.o
                0x0800912e                HAL_FDCAN_TT_StopWatchCallback
 .text.HAL_FDCAN_TT_GlobalTimeCallback
                0x08009130        0x2 build/stm32h7xx_hal_fdcan.o
                0x08009130                HAL_FDCAN_TT_GlobalTimeCallback
 *fill*         0x08009132        0x2 
 .text.HAL_FDCAN_IRQHandler
                0x08009134      0x320 build/stm32h7xx_hal_fdcan.o
                0x08009134                HAL_FDCAN_IRQHandler
 .text.SPI_CloseTransfer
                0x08009454       0xc8 build/stm32h7xx_hal_spi.o
 .text.SPI_GetPacketSize
                0x0800951c       0x10 build/stm32h7xx_hal_spi.o
 .text.SPI_WaitOnFlagUntilTimeout
                0x0800952c       0x46 build/stm32h7xx_hal_spi.o
 *fill*         0x08009572        0x2 
 .text.HAL_SPI_Init
                0x08009574      0x190 build/stm32h7xx_hal_spi.o
                0x08009574                HAL_SPI_Init
 .text.HAL_SPI_TransmitReceive
                0x08009704      0x490 build/stm32h7xx_hal_spi.o
                0x08009704                HAL_SPI_TransmitReceive
 .text.HAL_SPI_TxCpltCallback
                0x08009b94        0x2 build/stm32h7xx_hal_spi.o
                0x08009b94                HAL_SPI_TxCpltCallback
 .text.HAL_SPI_ErrorCallback
                0x08009b96        0x2 build/stm32h7xx_hal_spi.o
                0x08009b96                HAL_SPI_ErrorCallback
 .text.SPI_DMAAbortOnError
                0x08009b98       0x1a build/stm32h7xx_hal_spi.o
 .text.HAL_SPI_SuspendCallback
                0x08009bb2        0x2 build/stm32h7xx_hal_spi.o
                0x08009bb2                HAL_SPI_SuspendCallback
 .text.HAL_SPI_IRQHandler
                0x08009bb4      0x250 build/stm32h7xx_hal_spi.o
                0x08009bb4                HAL_SPI_IRQHandler
 .text.UART_EndTxTransfer
                0x08009e04       0x32 build/stm32h7xx_hal_uart.o
 *fill*         0x08009e36        0x2 
 .text.UART_EndRxTransfer
                0x08009e38       0x58 build/stm32h7xx_hal_uart.o
 .text.HAL_UART_TxCpltCallback
                0x08009e90        0x2 build/stm32h7xx_hal_uart.o
                0x08009e90                HAL_UART_TxCpltCallback
 .text.UART_EndTransmit_IT
                0x08009e92       0x22 build/stm32h7xx_hal_uart.o
 .text.HAL_UART_RxCpltCallback
                0x08009eb4        0x2 build/stm32h7xx_hal_uart.o
                0x08009eb4                HAL_UART_RxCpltCallback
 .text.HAL_UART_RxHalfCpltCallback
                0x08009eb6        0x2 build/stm32h7xx_hal_uart.o
                0x08009eb6                HAL_UART_RxHalfCpltCallback
 .text.UART_DMAError
                0x08009eb8       0x5a build/stm32h7xx_hal_uart.o
 .text.UART_DMAAbortOnError
                0x08009f12       0x10 build/stm32h7xx_hal_uart.o
 *fill*         0x08009f22        0x2 
 .text.HAL_UART_IRQHandler
                0x08009f24      0x3e4 build/stm32h7xx_hal_uart.o
                0x08009f24                HAL_UART_IRQHandler
 .text.UART_DMARxHalfCplt
                0x0800a308       0x20 build/stm32h7xx_hal_uart.o
 .text.UART_DMAReceiveCplt
                0x0800a328       0x90 build/stm32h7xx_hal_uart.o
 .text.UART_SetConfig
                0x0800a3b8      0x684 build/stm32h7xx_hal_uart.o
                0x0800a3b8                UART_SetConfig
 .text.UART_AdvFeatureConfig
                0x0800aa3c       0xca build/stm32h7xx_hal_uart.o
                0x0800aa3c                UART_AdvFeatureConfig
 .text.UART_WaitOnFlagUntilTimeout
                0x0800ab06       0xa4 build/stm32h7xx_hal_uart.o
                0x0800ab06                UART_WaitOnFlagUntilTimeout
 .text.HAL_UART_Transmit
                0x0800abaa       0xd6 build/stm32h7xx_hal_uart.o
                0x0800abaa                HAL_UART_Transmit
 .text.UART_CheckIdleState
                0x0800ac80       0xc6 build/stm32h7xx_hal_uart.o
                0x0800ac80                UART_CheckIdleState
 .text.HAL_UART_Init
                0x0800ad46       0x66 build/stm32h7xx_hal_uart.o
                0x0800ad46                HAL_UART_Init
 .text.UART_Start_Receive_DMA
                0x0800adac       0xb0 build/stm32h7xx_hal_uart.o
                0x0800adac                UART_Start_Receive_DMA
 .text.UARTEx_SetNbDataToProcess
                0x0800ae5c       0x54 build/stm32h7xx_hal_uart_ex.o
 .text.HAL_UARTEx_WakeupCallback
                0x0800aeb0        0x2 build/stm32h7xx_hal_uart_ex.o
                0x0800aeb0                HAL_UARTEx_WakeupCallback
 .text.HAL_UARTEx_RxFifoFullCallback
                0x0800aeb2        0x2 build/stm32h7xx_hal_uart_ex.o
                0x0800aeb2                HAL_UARTEx_RxFifoFullCallback
 .text.HAL_UARTEx_TxFifoEmptyCallback
                0x0800aeb4        0x2 build/stm32h7xx_hal_uart_ex.o
                0x0800aeb4                HAL_UARTEx_TxFifoEmptyCallback
 .text.HAL_UARTEx_DisableFifoMode
                0x0800aeb6       0x3e build/stm32h7xx_hal_uart_ex.o
                0x0800aeb6                HAL_UARTEx_DisableFifoMode
 .text.HAL_UARTEx_SetTxFifoThreshold
                0x0800aef4       0x4a build/stm32h7xx_hal_uart_ex.o
                0x0800aef4                HAL_UARTEx_SetTxFifoThreshold
 .text.HAL_UARTEx_SetRxFifoThreshold
                0x0800af3e       0x4a build/stm32h7xx_hal_uart_ex.o
                0x0800af3e                HAL_UARTEx_SetRxFifoThreshold
 .text.HAL_UARTEx_ReceiveToIdle_DMA
                0x0800af88       0x50 build/stm32h7xx_hal_uart_ex.o
                0x0800af88                HAL_UARTEx_ReceiveToIdle_DMA
 .text.vListInitialise
                0x0800afd8       0x16 build/list.o
                0x0800afd8                vListInitialise
 .text.vListInitialiseItem
                0x0800afee        0x6 build/list.o
                0x0800afee                vListInitialiseItem
 .text.vListInsertEnd
                0x0800aff4       0x16 build/list.o
                0x0800aff4                vListInsertEnd
 .text.vListInsert
                0x0800b00a       0x38 build/list.o
                0x0800b00a                vListInsert
 .text.uxListRemove
                0x0800b042       0x26 build/list.o
                0x0800b042                uxListRemove
 .text.prvIsQueueFull
                0x0800b068       0x1e build/queue.o
 .text.prvIsQueueEmpty
                0x0800b086       0x1e build/queue.o
 .text.prvCopyDataToQueue
                0x0800b0a4       0x76 build/queue.o
 .text.prvCopyDataFromQueue
                0x0800b11a       0x24 build/queue.o
 .text.prvUnlockQueue
                0x0800b13e       0x6e build/queue.o
 .text.xQueueGenericReset
                0x0800b1ac       0x84 build/queue.o
                0x0800b1ac                xQueueGenericReset
 .text.prvInitialiseNewQueue
                0x0800b230       0x22 build/queue.o
 .text.xQueueGenericCreateStatic
                0x0800b252       0xaa build/queue.o
                0x0800b252                xQueueGenericCreateStatic
 .text.xQueueGenericCreate
                0x0800b2fc       0x48 build/queue.o
                0x0800b2fc                xQueueGenericCreate
 .text.xQueueGenericSend
                0x0800b344      0x188 build/queue.o
                0x0800b344                xQueueGenericSend
 .text.xQueueGenericSendFromISR
                0x0800b4cc       0xd2 build/queue.o
                0x0800b4cc                xQueueGenericSendFromISR
 .text.xQueueReceive
                0x0800b59e      0x15e build/queue.o
                0x0800b59e                xQueueReceive
 .text.xQueueReceiveFromISR
                0x0800b6fc       0xb0 build/queue.o
                0x0800b6fc                xQueueReceiveFromISR
 .text.vQueueAddToRegistry
                0x0800b7ac       0x28 build/queue.o
                0x0800b7ac                vQueueAddToRegistry
 .text.vQueueWaitForMessageRestricted
                0x0800b7d4       0x52 build/queue.o
                0x0800b7d4                vQueueWaitForMessageRestricted
 *fill*         0x0800b826        0x2 
 .text.prvResetNextTaskUnblockTime
                0x0800b828       0x2c build/tasks.o
 .text.prvInitialiseNewTask
                0x0800b854       0x9a build/tasks.o
 *fill*         0x0800b8ee        0x2 
 .text.prvInitialiseTaskLists
                0x0800b8f0       0x68 build/tasks.o
 .text.prvAddNewTaskToReadyList
                0x0800b958       0xac build/tasks.o
 .text.prvDeleteTCB
                0x0800ba04       0x38 build/tasks.o
 .text.prvCheckTasksWaitingTermination
                0x0800ba3c       0x4c build/tasks.o
 .text.prvIdleTask
                0x0800ba88       0x28 build/tasks.o
 .text.prvAddCurrentTaskToDelayedList
                0x0800bab0       0x84 build/tasks.o
 .text.xTaskCreateStatic
                0x0800bb34       0x80 build/tasks.o
                0x0800bb34                xTaskCreateStatic
 .text.xTaskCreate
                0x0800bbb4       0x62 build/tasks.o
                0x0800bbb4                xTaskCreate
 *fill*         0x0800bc16        0x2 
 .text.vTaskStartScheduler
                0x0800bc18       0x98 build/tasks.o
                0x0800bc18                vTaskStartScheduler
 .text.vTaskSuspendAll
                0x0800bcb0       0x10 build/tasks.o
                0x0800bcb0                vTaskSuspendAll
 .text.xTaskGetTickCount
                0x0800bcc0        0xc build/tasks.o
                0x0800bcc0                xTaskGetTickCount
 .text.xTaskIncrementTick
                0x0800bccc      0x124 build/tasks.o
                0x0800bccc                xTaskIncrementTick
 .text.xTaskResumeAll
                0x0800bdf0       0xf8 build/tasks.o
                0x0800bdf0                xTaskResumeAll
 .text.vTaskDelay
                0x0800bee8       0x4c build/tasks.o
                0x0800bee8                vTaskDelay
 .text.vTaskSwitchContext
                0x0800bf34       0x98 build/tasks.o
                0x0800bf34                vTaskSwitchContext
 .text.vTaskPlaceOnEventList
                0x0800bfcc       0x30 build/tasks.o
                0x0800bfcc                vTaskPlaceOnEventList
 .text.vTaskPlaceOnEventListRestricted
                0x0800bffc       0x3c build/tasks.o
                0x0800bffc                vTaskPlaceOnEventListRestricted
 .text.xTaskRemoveFromEventList
                0x0800c038       0x90 build/tasks.o
                0x0800c038                xTaskRemoveFromEventList
 .text.vTaskInternalSetTimeOutState
                0x0800c0c8       0x18 build/tasks.o
                0x0800c0c8                vTaskInternalSetTimeOutState
 .text.xTaskCheckForTimeOut
                0x0800c0e0       0x88 build/tasks.o
                0x0800c0e0                xTaskCheckForTimeOut
 .text.vTaskMissedYield
                0x0800c168        0xc build/tasks.o
                0x0800c168                vTaskMissedYield
 .text.xTaskGetSchedulerState
                0x0800c174       0x20 build/tasks.o
                0x0800c174                xTaskGetSchedulerState
 .text.xTaskPriorityDisinherit
                0x0800c194       0x90 build/tasks.o
                0x0800c194                xTaskPriorityDisinherit
 .text.prvGetNextExpireTime
                0x0800c224       0x20 build/timers.o
 .text.prvInsertTimerInActiveList
                0x0800c244       0x50 build/timers.o
 .text.prvCheckForValidListAndQueue
                0x0800c294       0x70 build/timers.o
 .text.xTimerCreateTimerTask
                0x0800c304       0x64 build/timers.o
                0x0800c304                xTimerCreateTimerTask
 .text.xTimerGenericCommand
                0x0800c368       0x68 build/timers.o
                0x0800c368                xTimerGenericCommand
 .text.prvSwitchTimerLists
                0x0800c3d0       0x7c build/timers.o
 .text.prvSampleTimeNow
                0x0800c44c       0x2c build/timers.o
 .text.prvProcessExpiredTimer
                0x0800c478       0x6c build/timers.o
 .text.prvProcessTimerOrBlockTask
                0x0800c4e4       0x78 build/timers.o
 .text.prvProcessReceivedCommands
                0x0800c55c      0x124 build/timers.o
 .text.prvTimerTask
                0x0800c680       0x16 build/timers.o
 .text.SysTick_Handler
                0x0800c696       0x18 build/cmsis_os2.o
                0x0800c696                SysTick_Handler
 *fill*         0x0800c6ae        0x2 
 .text.osKernelInitialize
                0x0800c6b0       0x24 build/cmsis_os2.o
                0x0800c6b0                osKernelInitialize
 .text.osKernelStart
                0x0800c6d4       0x3c build/cmsis_os2.o
                0x0800c6d4                osKernelStart
 .text.osThreadNew
                0x0800c710       0xc2 build/cmsis_os2.o
                0x0800c710                osThreadNew
 .text.osDelay  0x0800c7d2       0x1a build/cmsis_os2.o
                0x0800c7d2                osDelay
 .text.osMessageQueueNew
                0x0800c7ec       0xa0 build/cmsis_os2.o
                0x0800c7ec                osMessageQueueNew
 .text.osMessageQueuePut
                0x0800c88c       0x7e build/cmsis_os2.o
                0x0800c88c                osMessageQueuePut
 .text.osMessageQueueGet
                0x0800c90a       0x7c build/cmsis_os2.o
                0x0800c90a                osMessageQueueGet
 *fill*         0x0800c986        0x2 
 .text.vApplicationGetIdleTaskMemory
                0x0800c988       0x18 build/cmsis_os2.o
                0x0800c988                vApplicationGetIdleTaskMemory
 .text.vApplicationGetTimerTaskMemory
                0x0800c9a0       0x18 build/cmsis_os2.o
                0x0800c9a0                vApplicationGetTimerTaskMemory
 .text.prvHeapInit
                0x0800c9b8       0x64 build/heap_4.o
 .text.prvInsertBlockIntoFreeList
                0x0800ca1c       0x5c build/heap_4.o
 .text.pvPortMalloc
                0x0800ca78      0x104 build/heap_4.o
                0x0800ca78                pvPortMalloc
 .text.vPortFree
                0x0800cb7c       0x80 build/heap_4.o
                0x0800cb7c                vPortFree
 .text.prvTaskExitError
                0x0800cbfc       0x40 build/port.o
 .text.prvPortStartFirstTask
                0x0800cc3c       0x28 build/port.o
 .text.vPortEnableVFP
                0x0800cc64       0x14 build/port.o
 .text.pxPortInitialiseStack
                0x0800cc78       0x2c build/port.o
                0x0800cc78                pxPortInitialiseStack
 *fill*         0x0800cca4        0xc 
 .text.SVC_Handler
                0x0800ccb0       0x24 build/port.o
                0x0800ccb0                SVC_Handler
 .text.vPortEnterCritical
                0x0800ccd4       0x44 build/port.o
                0x0800ccd4                vPortEnterCritical
 .text.vPortExitCritical
                0x0800cd18       0x2c build/port.o
                0x0800cd18                vPortExitCritical
 *fill*         0x0800cd44        0xc 
 .text.PendSV_Handler
                0x0800cd50       0x64 build/port.o
                0x0800cd50                PendSV_Handler
 .text.xPortSysTickHandler
                0x0800cdb4       0x2c build/port.o
                0x0800cdb4                xPortSysTickHandler
 .text.vPortSetupTimerInterrupt
                0x0800cde0       0x28 build/port.o
                0x0800cde0                vPortSetupTimerInterrupt
 .text.xPortStartScheduler
                0x0800ce08      0x11c build/port.o
                0x0800ce08                xPortStartScheduler
 .text.vPortValidateInterruptPriority
                0x0800cf24       0x5c build/port.o
                0x0800cf24                vPortValidateInterruptPriority
 .text.USBD_Init
                0x0800cf80       0x2e build/usbd_core.o
                0x0800cf80                USBD_Init
 .text.USBD_RegisterClass
                0x0800cfae       0x40 build/usbd_core.o
                0x0800cfae                USBD_RegisterClass
 .text.USBD_Start
                0x0800cfee        0x8 build/usbd_core.o
                0x0800cfee                USBD_Start
 .text.USBD_SetClassConfig
                0x0800cff6       0x12 build/usbd_core.o
                0x0800cff6                USBD_SetClassConfig
 .text.USBD_ClrClassConfig
                0x0800d008       0x12 build/usbd_core.o
                0x0800d008                USBD_ClrClassConfig
 .text.USBD_LL_SetupStage
                0x0800d01a       0x58 build/usbd_core.o
                0x0800d01a                USBD_LL_SetupStage
 .text.USBD_LL_Reset
                0x0800d072       0x66 build/usbd_core.o
                0x0800d072                USBD_LL_Reset
 .text.USBD_LL_SetSpeed
                0x0800d0d8        0x6 build/usbd_core.o
                0x0800d0d8                USBD_LL_SetSpeed
 .text.USBD_LL_Suspend
                0x0800d0de       0x1c build/usbd_core.o
                0x0800d0de                USBD_LL_Suspend
 .text.USBD_LL_Resume
                0x0800d0fa       0x18 build/usbd_core.o
                0x0800d0fa                USBD_LL_Resume
 .text.USBD_LL_SOF
                0x0800d112       0x20 build/usbd_core.o
                0x0800d112                USBD_LL_SOF
 .text.USBD_LL_IsoINIncomplete
                0x0800d132       0x2c build/usbd_core.o
                0x0800d132                USBD_LL_IsoINIncomplete
 .text.USBD_LL_IsoOUTIncomplete
                0x0800d15e       0x2c build/usbd_core.o
                0x0800d15e                USBD_LL_IsoOUTIncomplete
 .text.USBD_LL_DevConnected
                0x0800d18a        0x4 build/usbd_core.o
                0x0800d18a                USBD_LL_DevConnected
 .text.USBD_LL_DevDisconnected
                0x0800d18e       0x20 build/usbd_core.o
                0x0800d18e                USBD_LL_DevDisconnected
 .text.USBD_CoreFindIF
                0x0800d1ae        0x4 build/usbd_core.o
                0x0800d1ae                USBD_CoreFindIF
 .text.USBD_CoreFindEP
                0x0800d1b2        0x4 build/usbd_core.o
                0x0800d1b2                USBD_CoreFindEP
 .text.USBD_LL_DataOutStage
                0x0800d1b6       0xc0 build/usbd_core.o
                0x0800d1b6                USBD_LL_DataOutStage
 .text.USBD_LL_DataInStage
                0x0800d276       0xd2 build/usbd_core.o
                0x0800d276                USBD_LL_DataInStage
 .text.USBD_GetNextDesc
                0x0800d348        0xe build/usbd_core.o
                0x0800d348                USBD_GetNextDesc
 .text.USBD_GetEpDesc
                0x0800d356       0x3e build/usbd_core.o
                0x0800d356                USBD_GetEpDesc
 .text.USBD_GetLen
                0x0800d394       0x14 build/usbd_ctlreq.o
 .text.USBD_ParseSetupRequest
                0x0800d3a8       0x28 build/usbd_ctlreq.o
                0x0800d3a8                USBD_ParseSetupRequest
 .text.USBD_CtlError
                0x0800d3d0       0x14 build/usbd_ctlreq.o
                0x0800d3d0                USBD_CtlError
 .text.USBD_GetDescriptor
                0x0800d3e4      0x1b2 build/usbd_ctlreq.o
 .text.USBD_SetAddress
                0x0800d596       0x52 build/usbd_ctlreq.o
 .text.USBD_SetConfig
                0x0800d5e8       0xd8 build/usbd_ctlreq.o
 .text.USBD_GetConfig
                0x0800d6c0       0x40 build/usbd_ctlreq.o
 .text.USBD_GetStatus
                0x0800d700       0x38 build/usbd_ctlreq.o
 .text.USBD_SetFeature
                0x0800d738       0x2a build/usbd_ctlreq.o
 .text.USBD_ClrFeature
                0x0800d762       0x26 build/usbd_ctlreq.o
 .text.USBD_StdDevReq
                0x0800d788       0x82 build/usbd_ctlreq.o
                0x0800d788                USBD_StdDevReq
 .text.USBD_StdItfReq
                0x0800d80a       0x90 build/usbd_ctlreq.o
                0x0800d80a                USBD_StdItfReq
 .text.USBD_StdEPReq
                0x0800d89a      0x23c build/usbd_ctlreq.o
                0x0800d89a                USBD_StdEPReq
 .text.USBD_GetString
                0x0800dad6       0x46 build/usbd_ctlreq.o
                0x0800dad6                USBD_GetString
 .text.USBD_CtlSendData
                0x0800db1c       0x1a build/usbd_ioreq.o
                0x0800db1c                USBD_CtlSendData
 .text.USBD_CtlContinueSendData
                0x0800db36       0x10 build/usbd_ioreq.o
                0x0800db36                USBD_CtlContinueSendData
 .text.USBD_CtlPrepareRx
                0x0800db46       0x1e build/usbd_ioreq.o
                0x0800db46                USBD_CtlPrepareRx
 .text.USBD_CtlContinueRx
                0x0800db64       0x10 build/usbd_ioreq.o
                0x0800db64                USBD_CtlContinueRx
 .text.USBD_CtlSendStatus
                0x0800db74       0x16 build/usbd_ioreq.o
                0x0800db74                USBD_CtlSendStatus
 .text.USBD_CtlReceiveStatus
                0x0800db8a       0x16 build/usbd_ioreq.o
                0x0800db8a                USBD_CtlReceiveStatus
 .text.USBD_CDC_EP0_RxReady
                0x0800dba0       0x40 build/usbd_cdc.o
 .text.USBD_CDC_GetDeviceQualifierDescriptor
                0x0800dbe0        0xc build/usbd_cdc.o
                0x0800dbe0                USBD_CDC_GetDeviceQualifierDescriptor
 .text.USBD_CDC_GetOtherSpeedCfgDesc
                0x0800dbec       0x48 build/usbd_cdc.o
 .text.USBD_CDC_GetFSCfgDesc
                0x0800dc34       0x48 build/usbd_cdc.o
 .text.USBD_CDC_GetHSCfgDesc
                0x0800dc7c       0x48 build/usbd_cdc.o
 .text.USBD_CDC_DataOut
                0x0800dcc4       0x38 build/usbd_cdc.o
 .text.USBD_CDC_DataIn
                0x0800dcfc       0x7e build/usbd_cdc.o
 .text.USBD_CDC_Setup
                0x0800dd7a      0x110 build/usbd_cdc.o
 .text.USBD_CDC_DeInit
                0x0800de8a       0x64 build/usbd_cdc.o
 .text.USBD_CDC_Init
                0x0800deee       0xec build/usbd_cdc.o
 .text.USBD_CDC_RegisterInterface
                0x0800dfda       0x16 build/usbd_cdc.o
                0x0800dfda                USBD_CDC_RegisterInterface
 .text.USBD_CDC_SetTxBuffer
                0x0800dff0       0x1c build/usbd_cdc.o
                0x0800dff0                USBD_CDC_SetTxBuffer
 .text.USBD_CDC_SetRxBuffer
                0x0800e00c       0x18 build/usbd_cdc.o
                0x0800e00c                USBD_CDC_SetRxBuffer
 .text.USBD_CDC_ReceivePacket
                0x0800e024       0x38 build/usbd_cdc.o
                0x0800e024                USBD_CDC_ReceivePacket
 .text._GetAvailWriteSpace
                0x0800e05c       0x18 build/SEGGER_RTT.o
 .text._WriteNoCheck
                0x0800e074       0x4c build/SEGGER_RTT.o
 .text._WriteBlocking
                0x0800e0c0       0x62 build/SEGGER_RTT.o
 *fill*         0x0800e122        0x2 
 .text._DoInit  0x0800e124       0x6c build/SEGGER_RTT.o
 .text.SEGGER_RTT_WriteNoLock
                0x0800e190       0x78 build/SEGGER_RTT.o
                0x0800e190                SEGGER_RTT_WriteNoLock
 .text.SEGGER_RTT_Write
                0x0800e208       0x34 build/SEGGER_RTT.o
                0x0800e208                SEGGER_RTT_Write
 .text.SEGGER_RTT_Init
                0x0800e23c        0x8 build/SEGGER_RTT.o
                0x0800e23c                SEGGER_RTT_Init
 .text._StoreChar
                0x0800e244       0x40 build/SEGGER_RTT_printf.o
 .text._PrintUnsigned
                0x0800e284       0xd4 build/SEGGER_RTT_printf.o
 .text._PrintInt
                0x0800e358       0xe6 build/SEGGER_RTT_printf.o
 .text.SEGGER_RTT_vprintf
                0x0800e43e      0x1a6 build/SEGGER_RTT_printf.o
                0x0800e43e                SEGGER_RTT_vprintf
 .text.SEGGER_RTT_printf
                0x0800e5e4       0x1e build/SEGGER_RTT_printf.o
                0x0800e5e4                SEGGER_RTT_printf
 *fill*         0x0800e602        0x2 
 .text.HAL_UARTEx_RxEventCallback
                0x0800e604       0xe4 build/bsp_usart.o
                0x0800e604                HAL_UARTEx_RxEventCallback
 .text.HAL_UART_ErrorCallback
                0x0800e6e8       0xe8 build/bsp_usart.o
                0x0800e6e8                HAL_UART_ErrorCallback
 .text.BSPLogInit
                0x0800e7d0        0x8 build/bsp_log.o
                0x0800e7d0                BSPLogInit
 .text.CANAddFilter
                0x0800e7d8       0x58 build/bsp_can.o
 .text.FDCANFIFOxCallback
                0x0800e830       0xa4 build/bsp_can.o
 .text.CANServiceInit
                0x0800e8d4       0x40 build/bsp_can.o
                0x0800e8d4                CANServiceInit
 .text.CANRegister
                0x0800e914       0xf4 build/bsp_can.o
                0x0800e914                CANRegister
 .text.CANTransmit
                0x0800ea08       0xb4 build/bsp_can.o
                0x0800ea08                CANTransmit
 .text.HAL_FDCAN_RxFifo0Callback
                0x0800eabc       0x1e build/bsp_can.o
                0x0800eabc                HAL_FDCAN_RxFifo0Callback
 .text.HAL_FDCAN_RxFifo1Callback
                0x0800eada       0x1e build/bsp_can.o
                0x0800eada                HAL_FDCAN_RxFifo1Callback
 .text.DWT_CNT_Update
                0x0800eaf8       0x4c build/bsp_dwt.o
 .text.DWT_Init
                0x0800eb44       0x70 build/bsp_dwt.o
                0x0800eb44                DWT_Init
 .text.DWT_GetDeltaT
                0x0800ebb4       0x4c build/bsp_dwt.o
                0x0800ebb4                DWT_GetDeltaT
 .text.DWT_SysTimeUpdate
                0x0800ec00       0xd4 build/bsp_dwt.o
                0x0800ec00                DWT_SysTimeUpdate
 .text.DWT_GetTimeline_s
                0x0800ecd4       0x4c build/bsp_dwt.o
                0x0800ecd4                DWT_GetTimeline_s
 .text.DWT_GetTimeline_ms
                0x0800ed20       0x3c build/bsp_dwt.o
                0x0800ed20                DWT_GetTimeline_ms
 .text.DWT_Delay
                0x0800ed5c       0x34 build/bsp_dwt.o
                0x0800ed5c                DWT_Delay
 .text.HAL_TIM_PWM_PulseFinishedCallback
                0x0800ed90       0x44 build/bsp_pwm.o
                0x0800ed90                HAL_TIM_PWM_PulseFinishedCallback
 .text.HAL_SPI_RxCpltCallback
                0x0800edd4       0x64 build/bsp_spi.o
                0x0800edd4                HAL_SPI_RxCpltCallback
 .text.HAL_SPI_TxRxCpltCallback
                0x0800ee38        0x8 build/bsp_spi.o
                0x0800ee38                HAL_SPI_TxRxCpltCallback
 .text.USBInit  0x0800ee40       0x3c build/bsp_usb.o
                0x0800ee40                USBInit
 .text.f_Trapezoid_Intergral
                0x0800ee7c       0x2a build/controller.o
 .text.f_Changing_Integration_Rate
                0x0800eea6       0x66 build/controller.o
 .text.f_Integral_Limit
                0x0800ef0c       0x94 build/controller.o
 .text.f_Derivative_On_Measurement
                0x0800efa0       0x22 build/controller.o
 .text.f_Derivative_Filter
                0x0800efc2       0x2e build/controller.o
 .text.f_Output_Filter
                0x0800eff0       0x2e build/controller.o
 .text.f_Output_Limit
                0x0800f01e       0x2e build/controller.o
 .text.f_PID_ErrorHandle
                0x0800f04c       0x90 build/controller.o
 .text.PIDInit  0x0800f0dc       0x4c build/controller.o
                0x0800f0dc                PIDInit
 .text.PIDCalculate
                0x0800f128      0x160 build/controller.o
                0x0800f128                PIDCalculate
 .text.H_K_R_Adjustment
                0x0800f288      0x114 build/kalman_filter.o
 .text.Kalman_Filter_Init
                0x0800f39c      0x42c build/kalman_filter.o
                0x0800f39c                Kalman_Filter_Init
 .text.Kalman_Filter_Measure
                0x0800f7c8       0x4c build/kalman_filter.o
                0x0800f7c8                Kalman_Filter_Measure
 .text.Kalman_Filter_xhatMinusUpdate
                0x0800f814       0x7c build/kalman_filter.o
                0x0800f814                Kalman_Filter_xhatMinusUpdate
 .text.Kalman_Filter_PminusUpdate
                0x0800f890       0x70 build/kalman_filter.o
                0x0800f890                Kalman_Filter_PminusUpdate
 .text.Kalman_Filter_SetK
                0x0800f900       0xd8 build/kalman_filter.o
                0x0800f900                Kalman_Filter_SetK
 .text.Kalman_Filter_xhatUpdate
                0x0800f9d8       0x88 build/kalman_filter.o
                0x0800f9d8                Kalman_Filter_xhatUpdate
 .text.Kalman_Filter_P_Update
                0x0800fa60       0x6a build/kalman_filter.o
                0x0800fa60                Kalman_Filter_P_Update
 *fill*         0x0800faca        0x2 
 .text.Kalman_Filter_Update
                0x0800facc       0xf8 build/kalman_filter.o
                0x0800facc                Kalman_Filter_Update
 .text.invSqrt  0x0800fbc4       0x30 build/QuaternionEKF.o
 .text.IMU_QuaternionEKF_F_Linearization_P_Fading
                0x0800fbf4      0x1a0 build/QuaternionEKF.o
 .text.IMU_QuaternionEKF_Observe
                0x0800fd94       0x38 build/QuaternionEKF.o
 .text.IMU_QuaternionEKF_xhatUpdate
                0x0800fdcc      0x444 build/QuaternionEKF.o
 .text.IMU_QuaternionEKF_SetH
                0x08010210       0xe4 build/QuaternionEKF.o
 .text.IMU_QuaternionEKF_Init
                0x080102f4       0xe4 build/QuaternionEKF.o
                0x080102f4                IMU_QuaternionEKF_Init
 .text.IMU_QuaternionEKF_Update
                0x080103d8      0x420 build/QuaternionEKF.o
                0x080103d8                IMU_QuaternionEKF_Update
 .text.Sqrt     0x080107f8       0x5c build/user_lib.o
                0x080107f8                Sqrt
 .text.float_constrain
                0x08010854       0x20 build/user_lib.o
                0x08010854                float_constrain
 .text.float_rounding
                0x08010874       0x40 build/user_lib.o
                0x08010874                float_rounding
 .text.Norm3d   0x080108b4       0x4c build/user_lib.o
                0x080108b4                Norm3d
 .text.Cross3d  0x08010900       0x62 build/user_lib.o
                0x08010900                Cross3d
 .text.Dot3d    0x08010962       0x2e build/user_lib.o
                0x08010962                Dot3d
 .text.CheckName
                0x08010990       0x38 build/message_center.o
 .text.CheckLen
                0x080109c8       0x30 build/message_center.o
 .text.PubRegister
                0x080109f8       0x60 build/message_center.o
                0x080109f8                PubRegister
 .text.SubRegister
                0x08010a58       0x42 build/message_center.o
                0x08010a58                SubRegister
 .text.SubGetMessage
                0x08010a9a       0x2e build/message_center.o
                0x08010a9a                SubGetMessage
 .text.PubPushMessage
                0x08010ac8       0x4c build/message_center.o
                0x08010ac8                PubPushMessage
 .text.VisionSetAltitude
                0x08010b14       0x20 build/master_process.o
                0x08010b14                VisionSetAltitude
 .text.BMI088_read_muli_reg
                0x08010b34       0x24 build/BMI088driver.o
 .text.BMI088_write_single_reg
                0x08010b58       0x10 build/BMI088driver.o
 .text.BMI088_read_single_reg
                0x08010b68       0x16 build/BMI088driver.o
 *fill*         0x08010b7e        0x2 
 .text.Calibrate_MPU_Offset
                0x08010b80      0x4c4 build/BMI088driver.o
 .text.bmi088_accel_init
                0x08011044      0x18c build/BMI088driver.o
                0x08011044                bmi088_accel_init
 .text.bmi088_gyro_init
                0x080111d0      0x160 build/BMI088driver.o
                0x080111d0                bmi088_gyro_init
 .text.BMI088Init
                0x08011330       0x6c build/BMI088driver.o
                0x08011330                BMI088Init
 .text.BMI088_Read
                0x0801139c      0x1f0 build/BMI088driver.o
                0x0801139c                BMI088_Read
 .text.BMI088_ACCEL_NS_L
                0x0801158c       0x14 build/BMI088Middleware.o
                0x0801158c                BMI088_ACCEL_NS_L
 .text.BMI088_ACCEL_NS_H
                0x080115a0       0x14 build/BMI088Middleware.o
                0x080115a0                BMI088_ACCEL_NS_H
 .text.BMI088_GYRO_NS_L
                0x080115b4       0x14 build/BMI088Middleware.o
                0x080115b4                BMI088_GYRO_NS_L
 .text.BMI088_GYRO_NS_H
                0x080115c8       0x14 build/BMI088Middleware.o
                0x080115c8                BMI088_GYRO_NS_H
 .text.BMI088_read_write_byte
                0x080115dc       0x2c build/BMI088Middleware.o
                0x080115dc                BMI088_read_write_byte
 .text.IMUPWMSet
                0x08011608        0xc build/ins_task.o
 .text.InitQuaternion
                0x08011614      0x110 build/ins_task.o
 .text.IMU_Param_Correction
                0x08011724      0x2c8 build/ins_task.o
 .text.IMU_Temperature_Ctrl
                0x080119ec       0x54 build/ins_task.o
 .text.INS_Init
                0x08011a40      0x100 build/ins_task.o
                0x08011a40                INS_Init
 .text.BodyFrameToEarthFrame
                0x08011b40      0x126 build/ins_task.o
                0x08011b40                BodyFrameToEarthFrame
 .text.EarthFrameToBodyFrame
                0x08011c66      0x126 build/ins_task.o
                0x08011c66                EarthFrameToBodyFrame
 .text.INS_Task
                0x08011d8c      0x18c build/ins_task.o
                0x08011d8c                INS_Task
 .text.vofa_justfloat_output
                0x08011f18       0xc8 build/vofa.o
                0x08011f18                vofa_justfloat_output
 .text.DJIMotorLostCallback
                0x08011fe0       0x44 build/dji_motor.o
 .text.MotorSenderGrouping
                0x08012024      0x234 build/dji_motor.o
 .text.DecodeDJIMotor
                0x08012258      0x108 build/dji_motor.o
 .text.DJIMotorStop
                0x08012360       0x14 build/dji_motor.o
                0x08012360                DJIMotorStop
 .text.DJIMotorEnable
                0x08012374        0x8 build/dji_motor.o
                0x08012374                DJIMotorEnable
 .text.DJIMotorInit
                0x0801237c       0xd0 build/dji_motor.o
                0x0801237c                DJIMotorInit
 .text.DJIMotorSetRef
                0x0801244c        0x6 build/dji_motor.o
                0x0801244c                DJIMotorSetRef
 *fill*         0x08012452        0x2 
 .text.DJIMotorControl
                0x08012454      0x184 build/dji_motor.o
                0x08012454                DJIMotorControl
 .text.float_to_uint
                0x080125d8       0x2a build/dmmotor.o
 .text.uint_to_float
                0x08012602       0x28 build/dmmotor.o
 *fill*         0x0801262a        0x2 
 .text.DMMotorLostCallback
                0x0801262c       0x44 build/dmmotor.o
 .text.DMMotorDecode
                0x08012670      0x12c build/dmmotor.o
 .text.DMMotorSetMode
                0x0801279c       0x26 build/dmmotor.o
                0x0801279c                DMMotorSetMode
 *fill*         0x080127c2        0x6 
 .text.DMMotorTask
                0x080127c8      0x234 build/dmmotor.o
                0x080127c8                DMMotorTask
 .text.DMMotorSetRef
                0x080129fc        0x6 build/dmmotor.o
                0x080129fc                DMMotorSetRef
 .text.DMMotorEnable
                0x08012a02        0x8 build/dmmotor.o
                0x08012a02                DMMotorEnable
 *fill*         0x08012a0a        0x2 
 .text.DMMotorInit
                0x08012a0c       0xc0 build/dmmotor.o
                0x08012a0c                DMMotorInit
 .text.DMMotorStop
                0x08012acc        0x8 build/dmmotor.o
                0x08012acc                DMMotorStop
 .text.DMMotorControlInit
                0x08012ad4       0x60 build/dmmotor.o
                0x08012ad4                DMMotorControlInit
 .text.MotorControlTask
                0x08012b34        0x8 build/motor_task.o
                0x08012b34                MotorControlTask
 .text.DaemonRegister
                0x08012b3c       0x48 build/daemon.o
                0x08012b3c                DaemonRegister
 .text.DaemonReload
                0x08012b84        0x6 build/daemon.o
                0x08012b84                DaemonReload
 *fill*         0x08012b8a        0x2 
 .text.DaemonTask
                0x08012b8c       0x34 build/daemon.o
                0x08012b8c                DaemonTask
 .text.StartINSTASK
                0x08012bc0       0x88 build/robot.o
                0x08012bc0                StartINSTASK
 .text.StartMOTORTASK
                0x08012c48       0x84 build/robot.o
                0x08012c48                StartMOTORTASK
 .text.StartDAEMONTASK
                0x08012ccc       0x84 build/robot.o
                0x08012ccc                StartDAEMONTASK
 .text.StartLASERTASK
                0x08012d50       0x30 build/robot.o
                0x08012d50                StartLASERTASK
 .text.BSPInit  0x08012d80       0x10 build/robot.o
                0x08012d80                BSPInit
 .text.OSTaskInit
                0x08012d90      0x108 build/robot.o
                0x08012d90                OSTaskInit
 .text.RobotInit
                0x08012e98       0x1c build/robot.o
                0x08012e98                RobotInit
 .text.RobotTask
                0x08012eb4        0xc build/robot.o
                0x08012eb4                RobotTask
 .text.StartROBOTTASK
                0x08012ec0       0x84 build/robot.o
                0x08012ec0                StartROBOTTASK
 .text.GimbalInit
                0x08012f44      0x17c build/gimbal.o
                0x08012f44                GimbalInit
 .text.GimbalTask
                0x080130c0      0x15c build/gimbal.o
                0x080130c0                GimbalTask
 .text.EmergencyHandler
                0x0801321c       0x54 build/robot_cmd.o
 .text.VisionKalmanFilterInit
                0x08013270      0x104 build/robot_cmd.o
 .text.AutoSetNoBoardComm
                0x08013374      0x1f8 build/robot_cmd.o
 .text.AutoSet  0x0801356c        0x8 build/robot_cmd.o
 .text.RobotCMDInit
                0x08013574       0xb4 build/robot_cmd.o
                0x08013574                RobotCMDInit
 .text.RobotCMDTask
                0x08013628       0x54 build/robot_cmd.o
                0x08013628                RobotCMDTask
 .text.DecodeVisionVCP
                0x0801367c      0x18c build/opencv.o
 .text.Vision_USB_Init
                0x08013808       0x28 build/opencv.o
                0x08013808                Vision_USB_Init
 .text.LaserProto_ParsePointToken
                0x08013830       0xdc build/laser_proto.o
 .text.LaserProto_ProcessFrame
                0x0801390c       0x8c build/laser_proto.o
 .text.LaserProto_Init
                0x08013998       0x30 build/laser_proto.o
                0x08013998                LaserProto_Init
 .text.LaserProto_OnUsbRx
                0x080139c8       0x8c build/laser_proto.o
                0x080139c8                LaserProto_OnUsbRx
 .text.LaserProto_SetPointCallback
                0x08013a54        0xc build/laser_proto.o
                0x08013a54                LaserProto_SetPointCallback
 .text.Galvo_Parity
                0x08013a60       0x1a build/galvanometer.o
 *fill*         0x08013a7a        0x2 
 .text.Galvo_CoordToRaw
                0x08013a7c       0x64 build/galvanometer.o
 .text.Galvo_BuildFrame
                0x08013ae0       0x12 build/galvanometer.o
 *fill*         0x08013af2        0x2 
 .text.Galvo_FillDmaBuf
                0x08013af4       0x7c build/galvanometer.o
 .text.Galvo_StartFrame
                0x08013b70       0xb4 build/galvanometer.o
 .text.Galvo_Init
                0x08013c24       0x24 build/galvanometer.o
                0x08013c24                Galvo_Init
 .text.Galvo_Send_XY_DMA
                0x08013c48       0x44 build/galvanometer.o
                0x08013c48                Galvo_Send_XY_DMA
 .text.Galvo_DMA_Complete_Callback
                0x08013c8c       0x5c build/galvanometer.o
                0x08013c8c                Galvo_DMA_Complete_Callback
 .text.Galvo_DmaErrorCallback
                0x08013ce8        0x8 build/galvanometer.o
 .text.Galvo_DmaCpltCallback
                0x08013cf0        0x8 build/galvanometer.o
 .text.Laser_Init
                0x08013cf8       0x14 build/laser.o
                0x08013cf8                Laser_Init
 .text.Laser_Tick
                0x08013d0c       0x74 build/laser.o
                0x08013d0c                Laser_Tick
 .text.Laser_EnterFault
                0x08013d80       0x14 build/laser.o
                0x08013d80                Laser_EnterFault
 .text.Laser_SetTargetState
                0x08013d94       0x30 build/laser.o
                0x08013d94                Laser_SetTargetState
 .text.LaserCtrl_OnParsedPoint
                0x08013dc4       0x54 build/laser_task.o
 .text.LaserCtrl_Init
                0x08013e18       0x48 build/laser_task.o
                0x08013e18                LaserCtrl_Init
 .text.LaserCtrl_Task
                0x08013e60       0x60 build/laser_task.o
                0x08013e60                LaserCtrl_Task
 .text.LaserCtrl_OnUsbRx
                0x08013ec0        0x8 build/laser_task.o
                0x08013ec0                LaserCtrl_OnUsbRx
 .text.MX_GPIO_Init
                0x08013ec8      0x1b0 build/gpio.o
                0x08013ec8                MX_GPIO_Init
 .text.MX_ADC1_Init
                0x08014078       0xa4 build/adc.o
                0x08014078                MX_ADC1_Init
 .text.HAL_ADC_MspInit
                0x0801411c       0xa4 build/adc.o
                0x0801411c                HAL_ADC_MspInit
 .text.MX_DMA_Init
                0x080141c0       0x78 build/dma.o
                0x080141c0                MX_DMA_Init
 .text.MX_FDCAN2_Init
                0x08014238       0x68 build/fdcan.o
                0x08014238                MX_FDCAN2_Init
 .text.HAL_FDCAN_MspInit
                0x080142a0       0xc4 build/fdcan.o
                0x080142a0                HAL_FDCAN_MspInit
 .text.MX_SPI1_Init
                0x08014364       0x60 build/spi.o
                0x08014364                MX_SPI1_Init
 .text.HAL_SPI_MspInit
                0x080143c4      0x128 build/spi.o
                0x080143c4                HAL_SPI_MspInit
 .text.MX_TIM7_Init
                0x080144ec       0x50 build/tim.o
                0x080144ec                MX_TIM7_Init
 .text.HAL_TIM_Base_MspInit
                0x0801453c       0xa4 build/tim.o
                0x0801453c                HAL_TIM_Base_MspInit
 .text.HAL_TIM_MspPostInit
                0x080145e0       0x58 build/tim.o
                0x080145e0                HAL_TIM_MspPostInit
 .text.MX_TIM4_Init
                0x08014638       0xbc build/tim.o
                0x08014638                MX_TIM4_Init
 .text.MX_USART1_UART_Init
                0x080146f4       0x68 build/usart.o
                0x080146f4                MX_USART1_UART_Init
 .text.HAL_UART_MspInit
                0x0801475c      0x120 build/usart.o
                0x0801475c                HAL_UART_MspInit
 .text.Reset_Handler
                0x0801487c       0x54 build/startup_stm32h723xx.o
                0x0801487c                Reset_Handler
 .text.Default_Handler
                0x080148d0        0x2 build/startup_stm32h723xx.o
                0x080148d0                RTC_Alarm_IRQHandler
                0x080148d0                EXTI2_IRQHandler
                0x080148d0                TIM8_CC_IRQHandler
                0x080148d0                UART8_IRQHandler
                0x080148d0                SPI4_IRQHandler
                0x080148d0                FDCAN3_IT0_IRQHandler
                0x080148d0                TIM1_CC_IRQHandler
                0x080148d0                BDMA_Channel6_IRQHandler
                0x080148d0                DMA2_Stream5_IRQHandler
                0x080148d0                DMA1_Stream5_IRQHandler
                0x080148d0                CORDIC_IRQHandler
                0x080148d0                BDMA_Channel1_IRQHandler
                0x080148d0                TAMP_STAMP_IRQHandler
                0x080148d0                EXTI3_IRQHandler
                0x080148d0                LPTIM4_IRQHandler
                0x080148d0                TIM8_TRG_COM_TIM14_IRQHandler
                0x080148d0                LPTIM2_IRQHandler
                0x080148d0                DFSDM1_FLT1_IRQHandler
                0x080148d0                DMAMUX2_OVR_IRQHandler
                0x080148d0                TIM8_UP_TIM13_IRQHandler
                0x080148d0                I2C3_ER_IRQHandler
                0x080148d0                DFSDM1_FLT2_IRQHandler
                0x080148d0                I2C5_EV_IRQHandler
                0x080148d0                USART10_IRQHandler
                0x080148d0                MDMA_IRQHandler
                0x080148d0                LPTIM3_IRQHandler
                0x080148d0                HSEM1_IRQHandler
                0x080148d0                EXTI0_IRQHandler
                0x080148d0                I2C2_EV_IRQHandler
                0x080148d0                FPU_IRQHandler
                0x080148d0                OTG_HS_WKUP_IRQHandler
                0x080148d0                FDCAN1_IT1_IRQHandler
                0x080148d0                LTDC_ER_IRQHandler
                0x080148d0                DMA2_Stream2_IRQHandler
                0x080148d0                OCTOSPI1_IRQHandler
                0x080148d0                DMA2_Stream3_IRQHandler
                0x080148d0                OCTOSPI2_IRQHandler
                0x080148d0                DFSDM1_FLT3_IRQHandler
                0x080148d0                TIM23_IRQHandler
                0x080148d0                USART6_IRQHandler
                0x080148d0                TIM17_IRQHandler
                0x080148d0                USART3_IRQHandler
                0x080148d0                BDMA_Channel7_IRQHandler
                0x080148d0                LPTIM5_IRQHandler
                0x080148d0                UART5_IRQHandler
                0x080148d0                ADC3_IRQHandler
                0x080148d0                DMA2_Stream0_IRQHandler
                0x080148d0                TIM4_IRQHandler
                0x080148d0                BDMA_Channel2_IRQHandler
                0x080148d0                I2C1_EV_IRQHandler
                0x080148d0                DMA1_Stream6_IRQHandler
                0x080148d0                DMAMUX1_OVR_IRQHandler
                0x080148d0                TIM16_IRQHandler
                0x080148d0                UART4_IRQHandler
                0x080148d0                BDMA_Channel5_IRQHandler
                0x080148d0                TIM3_IRQHandler
                0x080148d0                RCC_IRQHandler
                0x080148d0                UART9_IRQHandler
                0x080148d0                TIM8_BRK_TIM12_IRQHandler
                0x080148d0                TIM1_TRG_COM_IRQHandler
                0x080148d0                Default_Handler
                0x080148d0                ECC_IRQHandler
                0x080148d0                FMAC_IRQHandler
                0x080148d0                CEC_IRQHandler
                0x080148d0                EXTI15_10_IRQHandler
                0x080148d0                BDMA_Channel0_IRQHandler
                0x080148d0                ADC_IRQHandler
                0x080148d0                I2C5_ER_IRQHandler
                0x080148d0                DMA1_Stream7_IRQHandler
                0x080148d0                SPI5_IRQHandler
                0x080148d0                TIM7_IRQHandler
                0x080148d0                FDCAN3_IT1_IRQHandler
                0x080148d0                SDMMC1_IRQHandler
                0x080148d0                TIM5_IRQHandler
                0x080148d0                DMA2_Stream7_IRQHandler
                0x080148d0                TIM15_IRQHandler
                0x080148d0                PVD_AVD_IRQHandler
                0x080148d0                I2C3_EV_IRQHandler
                0x080148d0                EXTI9_5_IRQHandler
                0x080148d0                RTC_WKUP_IRQHandler
                0x080148d0                LTDC_IRQHandler
                0x080148d0                ETH_WKUP_IRQHandler
                0x080148d0                SPDIF_RX_IRQHandler
                0x080148d0                SPI2_IRQHandler
                0x080148d0                OTG_HS_EP1_IN_IRQHandler
                0x080148d0                TIM24_IRQHandler
                0x080148d0                CRS_IRQHandler
                0x080148d0                EXTI4_IRQHandler
                0x080148d0                RNG_IRQHandler
                0x080148d0                ETH_IRQHandler
                0x080148d0                TIM1_UP_IRQHandler
                0x080148d0                BDMA_Channel4_IRQHandler
                0x080148d0                OTG_HS_EP1_OUT_IRQHandler
                0x080148d0                WWDG_IRQHandler
                0x080148d0                SPI6_IRQHandler
                0x080148d0                MDIOS_IRQHandler
                0x080148d0                I2C4_EV_IRQHandler
                0x080148d0                LPUART1_IRQHandler
                0x080148d0                FDCAN1_IT0_IRQHandler
                0x080148d0                TIM2_IRQHandler
                0x080148d0                DMA2D_IRQHandler
                0x080148d0                TIM1_BRK_IRQHandler
                0x080148d0                EXTI1_IRQHandler
                0x080148d0                SDMMC2_IRQHandler
                0x080148d0                BDMA_Channel3_IRQHandler
                0x080148d0                DTS_IRQHandler
                0x080148d0                UART7_IRQHandler
                0x080148d0                MDIOS_WKUP_IRQHandler
                0x080148d0                USART2_IRQHandler
                0x080148d0                DFSDM1_FLT0_IRQHandler
                0x080148d0                SAI4_IRQHandler
                0x080148d0                I2C2_ER_IRQHandler
                0x080148d0                DMA2_Stream1_IRQHandler
                0x080148d0                FLASH_IRQHandler
                0x080148d0                DMA2_Stream4_IRQHandler
                0x080148d0                SPI3_IRQHandler
                0x080148d0                WAKEUP_PIN_IRQHandler
                0x080148d0                I2C1_ER_IRQHandler
                0x080148d0                FMC_IRQHandler
                0x080148d0                FDCAN_CAL_IRQHandler
                0x080148d0                SWPMI1_IRQHandler
                0x080148d0                COMP1_IRQHandler
                0x080148d0                LPTIM1_IRQHandler
                0x080148d0                DCMI_PSSI_IRQHandler
                0x080148d0                I2C4_ER_IRQHandler
                0x080148d0                DMA2_Stream6_IRQHandler
                0x080148d0                SAI1_IRQHandler
 *fill*         0x080148d2        0x2 
 .text.malloc   0x080148d4       0x10 D:/14.3 rel1/bin/../lib/gcc/arm-none-eabi/15.2.1/../../../../arm-none-eabi/lib/thumb/v7e-m+dp/hard\libc_nano.a(libc_a-malloc.o)
                0x080148d4                malloc
 .text.sbrk_aligned
                0x080148e4       0x44 D:/14.3 rel1/bin/../lib/gcc/arm-none-eabi/15.2.1/../../../../arm-none-eabi/lib/thumb/v7e-m+dp/hard\libc_nano.a(libc_a-mallocr.o)
 .text._malloc_r
                0x08014928       0xf8 D:/14.3 rel1/bin/../lib/gcc/arm-none-eabi/15.2.1/../../../../arm-none-eabi/lib/thumb/v7e-m+dp/hard\libc_nano.a(libc_a-mallocr.o)
                0x08014928                _malloc_r
 .text.__malloc_lock
                0x08014a20        0xc D:/14.3 rel1/bin/../lib/gcc/arm-none-eabi/15.2.1/../../../../arm-none-eabi/lib/thumb/v7e-m+dp/hard\libc_nano.a(libc_a-mlock.o)
                0x08014a20                __malloc_lock
 .text.__malloc_unlock
                0x08014a2c        0xc D:/14.3 rel1/bin/../lib/gcc/arm-none-eabi/15.2.1/../../../../arm-none-eabi/lib/thumb/v7e-m+dp/hard\libc_nano.a(libc_a-mlock.o)
                0x08014a2c                __malloc_unlock