Archive member included to satisfy reference by file (symbol)

D:/14.3 rel1/bin/../lib/gcc/arm-none-eabi/15.2.1/../../../../arm-none-eabi/lib/thumb/v7e-m+dp/hard\libc_nano.a(libc_a-exit.o)
                              D:/14.3 rel1/bin/../lib/gcc/arm-none-eabi/15.2.1/../../../../arm-none-eabi/lib/thumb/v7e-m+dp/hard/crt0.o (exit)
D:/14.3 rel1/bin/../lib/gcc/arm-none-eabi/15.2.1/../../../../arm-none-eabi/lib/thumb/v7e-m+dp/hard\libc_nano.a(libc_a-malloc.o)
                              build/bsp_usart.o (malloc)
D:/14.3 rel1/bin/../lib/gcc/arm-none-eabi/15.2.1/../../../../arm-none-eabi/lib/thumb/v7e-m+dp/hard\libc_nano.a(libc_a-mallocr.o)
                              D:/14.3 rel1/bin/../lib/gcc/arm-none-eabi/15.2.1/../../../../arm-none-eabi/lib/thumb/v7e-m+dp/hard\libc_nano.a(libc_a-malloc.o) (_malloc_r)
D:/14.3 rel1/bin/../lib/gcc/arm-none-eabi/15.2.1/../../../../arm-none-eabi/lib/thumb/v7e-m+dp/hard\libc_nano.a(libc_a-mlock.o)
                              D:/14.3 rel1/bin/../lib/gcc/arm-none-eabi/15.2.1/../../../../arm-none-eabi/lib/thumb/v7e-m+dp/hard\libc_nano.a(libc_a-mallocr.o) (__malloc_lock)
D:/14.3 rel1/bin/../lib/gcc/arm-none-eabi/15.2.1/../../../../arm-none-eabi/lib/thumb/v7e-m+dp/hard\libc_nano.a(libc_a-findfp.o)
                              D:/14.3 rel1/bin/../lib/gcc/arm-none-eabi/15.2.1/../../../../arm-none-eabi/lib/thumb/v7e-m+dp/hard\libc_nano.a(libc_a-exit.o) (__stdio_exit_handler)
D:/14.3 rel1/bin/../lib/gcc/arm-none-eabi/15.2.1/../../../../arm-none-eabi/lib/thumb/v7e-m+dp/hard\libc_nano.a(libc_a-fwalk.o)
                              D:/14.3 rel1/bin/../lib/gcc/arm-none-eabi/15.2.1/../../../../arm-none-eabi/lib/thumb/v7e-m+dp/hard\libc_nano.a(libc_a-findfp.o) (_fwalk_sglue)
D:/14.3 rel1/bin/../lib/gcc/arm-none-eabi/15.2.1/../../../../arm-none-eabi/lib/thumb/v7e-m+dp/hard\libc_nano.a(libc_a-sprintf.o)
                              build/bsp_log.o (sprintf)
D:/14.3 rel1/bin/../lib/gcc/arm-none-eabi/15.2.1/../../../../arm-none-eabi/lib/thumb/v7e-m+dp/hard\libc_nano.a(libc_a-stdio.o)
                              D:/14.3 rel1/bin/../lib/gcc/arm-none-eabi/15.2.1/../../../../arm-none-eabi/lib/thumb/v7e-m+dp/hard\libc_nano.a(libc_a-findfp.o) (__sread)
D:/14.3 rel1/bin/../lib/gcc/arm-none-eabi/15.2.1/../../../../arm-none-eabi/lib/thumb/v7e-m+dp/hard\libc_nano.a(libc_a-memset.o)
                              D:/14.3 rel1/bin/../lib/gcc/arm-none-eabi/15.2.1/../../../../arm-none-eabi/lib/thumb/v7e-m+dp/hard/crt0.o (memset)
D:/14.3 rel1/bin/../lib/gcc/arm-none-eabi/15.2.1/../../../../arm-none-eabi/lib/thumb/v7e-m+dp/hard\libc_nano.a(libc_a-closer.o)
                              D:/14.3 rel1/bin/../lib/gcc/arm-none-eabi/15.2.1/../../../../arm-none-eabi/lib/thumb/v7e-m+dp/hard\libc_nano.a(libc_a-stdio.o) (_close_r)
D:/14.3 rel1/bin/../lib/gcc/arm-none-eabi/15.2.1/../../../../arm-none-eabi/lib/thumb/v7e-m+dp/hard\libc_nano.a(libc_a-reent.o)
                              D:/14.3 rel1/bin/../lib/gcc/arm-none-eabi/15.2.1/../../../../arm-none-eabi/lib/thumb/v7e-m+dp/hard\libc_nano.a(libc_a-closer.o) (errno)
D:/14.3 rel1/bin/../lib/gcc/arm-none-eabi/15.2.1/../../../../arm-none-eabi/lib/thumb/v7e-m+dp/hard\libc_nano.a(libc_a-impure.o)
                              D:/14.3 rel1/bin/../lib/gcc/arm-none-eabi/15.2.1/../../../../arm-none-eabi/lib/thumb/v7e-m+dp/hard\libc_nano.a(libc_a-malloc.o) (_impure_ptr)
D:/14.3 rel1/bin/../lib/gcc/arm-none-eabi/15.2.1/../../../../arm-none-eabi/lib/thumb/v7e-m+dp/hard\libc_nano.a(libc_a-lseekr.o)
                              D:/14.3 rel1/bin/../lib/gcc/arm-none-eabi/15.2.1/../../../../arm-none-eabi/lib/thumb/v7e-m+dp/hard\libc_nano.a(libc_a-stdio.o) (_lseek_r)
D:/14.3 rel1/bin/../lib/gcc/arm-none-eabi/15.2.1/../../../../arm-none-eabi/lib/thumb/v7e-m+dp/hard\libc_nano.a(libc_a-readr.o)
                              D:/14.3 rel1/bin/../lib/gcc/arm-none-eabi/15.2.1/../../../../arm-none-eabi/lib/thumb/v7e-m+dp/hard\libc_nano.a(libc_a-stdio.o) (_read_r)
D:/14.3 rel1/bin/../lib/gcc/arm-none-eabi/15.2.1/../../../../arm-none-eabi/lib/thumb/v7e-m+dp/hard\libc_nano.a(libc_a-sbrkr.o)
                              D:/14.3 rel1/bin/../lib/gcc/arm-none-eabi/15.2.1/../../../../arm-none-eabi/lib/thumb/v7e-m+dp/hard\libc_nano.a(libc_a-mallocr.o) (_sbrk_r)
D:/14.3 rel1/bin/../lib/gcc/arm-none-eabi/15.2.1/../../../../arm-none-eabi/lib/thumb/v7e-m+dp/hard\libc_nano.a(libc_a-writer.o)
                              D:/14.3 rel1/bin/../lib/gcc/arm-none-eabi/15.2.1/../../../../arm-none-eabi/lib/thumb/v7e-m+dp/hard\libc_nano.a(libc_a-stdio.o) (_write_r)
D:/14.3 rel1/bin/../lib/gcc/arm-none-eabi/15.2.1/../../../../arm-none-eabi/lib/thumb/v7e-m+dp/hard\libc_nano.a(libc_a-errno.o)
                              build/sysmem.o (__errno)
D:/14.3 rel1/bin/../lib/gcc/arm-none-eabi/15.2.1/../../../../arm-none-eabi/lib/thumb/v7e-m+dp/hard\libc_nano.a(libc_a-init.o)
[...]
Memory Configuration

Name             Origin             Length             Attributes
DTCMRAM          0x20000000         0x00020000         xrw
RAM_D1           0x24000000         0x00050000         xrw
RAM_D2           0x30000000         0x00008000         xrw
RAM_D3           0x38000000         0x00004000         xrw
ITCMRAM          0x00000000         0x00010000         xrw
FLASH            0x08000000         0x00100000         xr
*default*        0x00000000         0xffffffff

Linker script and memory map

LOAD D:/14.3 rel1/bin/../lib/gcc/arm-none-eabi/15.2.1/thumb/v7e-m+dp/hard/crti.o
LOAD D:/14.3 rel1/bin/../lib/gcc/arm-none-eabi/15.2.1/thumb/v7e-m+dp/hard/crtbegin.o
LOAD D:/14.3 rel1/bin/../lib/gcc/arm-none-eabi/15.2.1/../../../../arm-none-eabi/lib/thumb/v7e-m+dp/hard/crt0.o
LOAD build/main.o
LOAD build/freertos.o
LOAD build/stm32h7xx_it.o
LOAD build/stm32h7xx_hal_msp.o
LOAD build/stm32h7xx_hal_timebase_tim.o
LOAD build/system_stm32h7xx.o
LOAD build/sysmem.o
LOAD build/syscalls.o
LOAD build/usb_device.o
LOAD build/usbd_desc.o
LOAD build/usbd_cdc_if.o
LOAD build/usbd_conf.o
LOAD build/stm32h7xx_hal_tim.o
LOAD build/stm32h7xx_hal_tim_ex.o
LOAD build/stm32h7xx_hal_pcd.o
LOAD build/stm32h7xx_hal_pcd_ex.o
LOAD build/stm32h7xx_ll_usb.o
LOAD build/stm32h7xx_hal_rcc.o
LOAD build/stm32h7xx_hal_rcc_ex.o
LOAD build/stm32h7xx_hal_flash.o
LOAD build/stm32h7xx_hal_flash_ex.o
LOAD build/stm32h7xx_hal_gpio.o
LOAD build/stm32h7xx_hal_hsem.o
LOAD build/stm32h7xx_hal_dma.o
LOAD build/stm32h7xx_hal_dma_ex.o
LOAD build/stm32h7xx_hal_mdma.o
LOAD build/stm32h7xx_hal_pwr.o
LOAD build/stm32h7xx_hal_pwr_ex.o
LOAD build/stm32h7xx_hal_cortex.o
LOAD build/stm32h7xx_hal.o
LOAD build/stm32h7xx_hal_i2c.o
LOAD build/stm32h7xx_hal_i2c_ex.o
LOAD build/stm32h7xx_hal_exti.o
LOAD build/stm32h7xx_hal_adc.o
LOAD build/stm32h7xx_hal_adc_ex.o
LOAD build/stm32h7xx_hal_fdcan.o
LOAD build/stm32h7xx_hal_spi.o
LOAD build/stm32h7xx_hal_spi_ex.o
LOAD build/stm32h7xx_hal_uart.o
LOAD build/stm32h7xx_hal_uart_ex.o
LOAD build/croutine.o
LOAD build/event_groups.o
LOAD build/list.o
LOAD build/queue.o
LOAD build/stream_buffer.o
LOAD build/tasks.o
LOAD build/timers.o
LOAD build/cmsis_os2.o
LOAD build/heap_4.o
LOAD build/port.o
LOAD build/usbd_core.o
LOAD build/usbd_ctlreq.o
LOAD build/usbd_ioreq.o
LOAD build/usbd_cdc.o
LOAD build/SEGGER_RTT.o
LOAD build/SEGGER_RTT_printf.o
LOAD build/bsp_usart.o
LOAD build/bsp_log.o
LOAD build/bsp_can.o
LOAD build/bsp_dwt.o
LOAD build/controller.o
LOAD build/kalman_filter.o
LOAD build/QuaternionEKF.o
LOAD build/crc8.o
LOAD build/crc16.o
LOAD build/user_lib.o
LOAD build/dji_motor.o
LOAD build/dmmotor.o
LOAD build/motor_task.o
LOAD build/daemon.o
LOAD build/gpio.o
LOAD build/adc.o
LOAD build/dma.o
LOAD build/fdcan.o
LOAD build/spi.o
LOAD build/tim.o
LOAD build/usart.o
LOAD build/startup_stm32h723xx.o
LOAD build/SEGGER_RTT_ASM_ARMv7M.o
LOAD D:/14.3 rel1/bin/../lib/gcc/arm-none-eabi/15.2.1/../../../../arm-none-eabi/lib/thumb/v7e-m+dp/hard\libc_nano.a
LOAD D:/14.3 rel1/bin/../lib/gcc/arm-none-eabi/15.2.1/../../../../arm-none-eabi/lib/thumb/v7e-m+dp/hard\libm.a
LOAD D:/14.3 rel1/bin/../lib/gcc/arm-none-eabi/15.2.1/../../../../arm-none-eabi/lib/thumb/v7e-m+dp/hard\libnosys.a
START GROUP
LOAD D:/14.3 rel1/bin/../lib/gcc/arm-none-eabi/15.2.1/thumb/v7e-m+dp/hard\libgcc.a
LOAD D:/14.3 rel1/bin/../lib/gcc/arm-none-eabi/15.2.1/../../../../arm-none-eabi/lib/thumb/v7e-m+dp/hard\libc_nano.a
END GROUP
START GROUP
LOAD D:/14.3 rel1/bin/../lib/gcc/arm-none-eabi/15.2.1/thumb/v7e-m+dp/hard\libgcc.a
LOAD D:/14.3 rel1/bin/../lib/gcc/arm-none-eabi/15.2.1/../../../../arm-none-eabi/lib/thumb/v7e-m+dp/hard\libc_nano.a
END GROUP
LOAD D:/14.3 rel1/bin/../lib/gcc/arm-none-eabi/15.2.1/thumb/v7e-m+dp/hard/crtend.o
LOAD D:/14.3 rel1/bin/../lib/gcc/arm-none-eabi/15.2.1/thumb/v7e-m+dp/hard/crtn.o
                0x20020000                        _estack = (ORIGIN (DTCMRAM) + LENGTH (DTCMRAM))
                0x00001000                        _Min_Heap_Size = 0x1000
                0x00001000                        _Min_Stack_Size = 0x1000

.isr_vector     0x08000000      0x2cc
                0x08000000                        . = ALIGN (0x4)
 *(.isr_vector)
 .isr_vector    0x08000000      0x2cc build/startup_stm32h723xx.o
                0x08000000                g_pfnVectors
                0x080002cc                        . = ALIGN (0x4)

.text           0x080002d0     0xe090
                0x080002d0                        . = ALIGN (0x4)
 *(.text)
 .text          0x080002d0       0x30 D:/14.3 rel1/bin/../lib/gcc/arm-none-eabi/15.2.1/thumb/v7e-m+dp/hard\libgcc.a(_aeabi_uldivmod.o)
                0x080002d0                __aeabi_uldivmod
 .text          0x08000300        0x4 D:/14.3 rel1/bin/../lib/gcc/arm-none-eabi/15.2.1/thumb/v7e-m+dp/hard\libgcc.a(_dvmd_tls.o)
                0x08000300                __aeabi_idiv0
                0x08000300                __aeabi_ldiv0
 *(.text*)
 .text.deregister_tm_clones
                0x08000304       0x1c D:/14.3 rel1/bin/../lib/gcc/arm-none-eabi/15.2.1/thumb/v7e-m+dp/hard/crtbegin.o
 .text.register_tm_clones
                0x08000320       0x24 D:/14.3 rel1/bin/../lib/gcc/arm-none-eabi/15.2.1/thumb/v7e-m+dp/hard/crtbegin.o
 .text.__do_global_dtors_aux
                0x08000344       0x28 D:/14.3 rel1/bin/../lib/gcc/arm-none-eabi/15.2.1/thumb/v7e-m+dp/hard/crtbegin.o
 .text.frame_dummy
                0x0800036c       0x24 D:/14.3 rel1/bin/../lib/gcc/arm-none-eabi/15.2.1/thumb/v7e-m+dp/hard/crtbegin.o
 .text.MPU_Config
                0x08000390       0x56 build/main.o
 *fill*         0x080003e6        0x2 
 .text.HAL_TIM_PeriodElapsedCallback
                0x080003e8       0x18 build/main.o
                0x080003e8                HAL_TIM_PeriodElapsedCallback
 .text.Error_Handler
                0x08000400        0x4 build/main.o
                0x08000400                Error_Handler
 .text.SystemClock_Config
                0x08000404      0x104 build/main.o
                0x08000404                SystemClock_Config
 .text.main     0x08000508       0xcc build/main.o
                0x08000508                main
 .text.StartDefaultTask
                0x080005d4        0xe build/freertos.o
                0x080005d4                StartDefaultTask
 *fill*         0x080005e2        0x2 
 .text.MX_FREERTOS_Init
                0x080005e4       0x20 build/freertos.o
                0x080005e4                MX_FREERTOS_Init
 .text.NMI_Handler
                0x08000604        0x2 build/stm32h7xx_it.o
                0x08000604                NMI_Handler
 .text.HardFault_Handler
                0x08000606        0x2 build/stm32h7xx_it.o
                0x08000606                HardFault_Handler
 .text.MemManage_Handler
                0x08000608        0x2 build/stm32h7xx_it.o
                0x08000608                MemManage_Handler
 .text.BusFault_Handler
                0x0800060a        0x2 build/stm32h7xx_it.o
                0x0800060a                BusFault_Handler
 .text.UsageFault_Handler
                0x0800060c        0x2 build/stm32h7xx_it.o
                0x0800060c                UsageFault_Handler
 .text.DebugMon_Handler
                0x0800060e        0x2 build/stm32h7xx_it.o
                0x0800060e                DebugMon_Handler
 .text.DMA1_Stream0_IRQHandler
                0x08000610       0x10 build/stm32h7xx_it.o
                0x08000610                DMA1_Stream0_IRQHandler
 .text.DMA1_Stream1_IRQHandler
                0x08000620       0x10 build/stm32h7xx_it.o
                0x08000620                DMA1_Stream1_IRQHandler
 .text.DMA1_Stream2_IRQHandler
                0x08000630       0x10 build/stm32h7xx_it.o
                0x08000630                DMA1_Stream2_IRQHandler
 .text.DMA1_Stream3_IRQHandler
                0x08000640       0x10 build/stm32h7xx_it.o
                0x08000640                DMA1_Stream3_IRQHandler
 .text.DMA1_Stream4_IRQHandler
                0x08000650       0x10 build/stm32h7xx_it.o
                0x08000650                DMA1_Stream4_IRQHandler
 .text.FDCAN2_IT0_IRQHandler
                0x08000660       0x10 build/stm32h7xx_it.o
                0x08000660                FDCAN2_IT0_IRQHandler
 .text.FDCAN2_IT1_IRQHandler
                0x08000670       0x10 build/stm32h7xx_it.o
                0x08000670                FDCAN2_IT1_IRQHandler
 .text.SPI1_IRQHandler
                0x08000680       0x10 build/stm32h7xx_it.o
                0x08000680                SPI1_IRQHandler
 .text.USART1_IRQHandler
                0x08000690       0x10 build/stm32h7xx_it.o
                0x08000690                USART1_IRQHandler
 .text.TIM6_DAC_IRQHandler
                0x080006a0       0x10 build/stm32h7xx_it.o
                0x080006a0                TIM6_DAC_IRQHandler
 .text.OTG_HS_IRQHandler
                0x080006b0       0x10 build/stm32h7xx_it.o
                0x080006b0                OTG_HS_IRQHandler
 .text.HAL_MspInit
                0x080006c0       0x34 build/stm32h7xx_hal_msp.o
                0x080006c0                HAL_MspInit
 .text.HAL_InitTick
                0x080006f4       0x9c build/stm32h7xx_hal_timebase_tim.o
                0x080006f4                HAL_InitTick
 .text.SystemInit
                0x08000790       0xd0 build/system_stm32h7xx.o
                0x08000790                SystemInit
 .text.ExitRun0Mode
                0x08000860       0x1c build/system_stm32h7xx.o
                0x08000860                ExitRun0Mode
 .text.MX_USB_DEVICE_Init
                0x0800087c       0x58 build/usb_device.o
                0x0800087c                MX_USB_DEVICE_Init
 .text.USBD_HS_DeviceDescriptor
                0x080008d4        0xc build/usbd_desc.o
                0x080008d4                USBD_HS_DeviceDescriptor
 .text.USBD_HS_LangIDStrDescriptor
                0x080008e0        0xc build/usbd_desc.o
                0x080008e0                USBD_HS_LangIDStrDescriptor
 .text.IntToUnicode
                0x080008ec       0x44 build/usbd_desc.o
 .text.Get_SerialNum
                0x08000930       0x38 build/usbd_desc.o
 .text.USBD_HS_SerialStrDescriptor
                0x08000968       0x14 build/usbd_desc.o
                0x08000968                USBD_HS_SerialStrDescriptor
 .text.USBD_HS_ProductStrDescriptor
                0x0800097c       0x24 build/usbd_desc.o
                0x0800097c                USBD_HS_ProductStrDescriptor
 .text.USBD_HS_ManufacturerStrDescriptor
                0x080009a0       0x1c build/usbd_desc.o
                0x080009a0                USBD_HS_ManufacturerStrDescriptor
 .text.USBD_HS_ConfigStrDescriptor
                0x080009bc       0x24 build/usbd_desc.o
                0x080009bc                USBD_HS_ConfigStrDescriptor
 .text.USBD_HS_InterfaceStrDescriptor
                0x080009e0       0x24 build/usbd_desc.o
                0x080009e0                USBD_HS_InterfaceStrDescriptor
 .text.CDC_DeInit_HS
                0x08000a04        0x4 build/usbd_cdc_if.o
 .text.CDC_Control_HS
                0x08000a08        0x4 build/usbd_cdc_if.o
 .text.CDC_TransmitCplt_HS
                0x08000a0c        0x4 build/usbd_cdc_if.o
 .text.CDC_Receive_HS
                0x08000a10       0x1c build/usbd_cdc_if.o
 .text.CDC_Init_HS
                0x08000a2c       0x28 build/usbd_cdc_if.o
 .text.HAL_PCD_MspInit
                0x08000a54       0x74 build/usbd_conf.o
                0x08000a54                HAL_PCD_MspInit
 .text.HAL_PCD_SetupStageCallback
                0x08000ac8       0x10 build/usbd_conf.o
                0x08000ac8                HAL_PCD_SetupStageCallback
 .text.HAL_PCD_DataOutStageCallback
                0x08000ad8       0x18 build/usbd_conf.o
                0x08000ad8                HAL_PCD_DataOutStageCallback
 .text.HAL_PCD_DataInStageCallback
                0x08000af0       0x16 build/usbd_conf.o
                0x08000af0                HAL_PCD_DataInStageCallback
 .text.HAL_PCD_SOFCallback
                0x08000b06        0xc build/usbd_conf.o
                0x08000b06                HAL_PCD_SOFCallback
 .text.HAL_PCD_ResetCallback
                0x08000b12       0x28 build/usbd_conf.o
                0x08000b12                HAL_PCD_ResetCallback
 *fill*         0x08000b3a        0x2 
 .text.HAL_PCD_SuspendCallback
                0x08000b3c       0x30 build/usbd_conf.o
                0x08000b3c                HAL_PCD_SuspendCallback
 .text.HAL_PCD_ResumeCallback
                0x08000b6c        0xc build/usbd_conf.o
                0x08000b6c                HAL_PCD_ResumeCallback
 .text.HAL_PCD_ISOOUTIncompleteCallback
                0x08000b78        0xc build/usbd_conf.o
                0x08000b78                HAL_PCD_ISOOUTIncompleteCallback
 .text.HAL_PCD_ISOINIncompleteCallback
                0x08000b84        0xc build/usbd_conf.o
                0x08000b84                HAL_PCD_ISOINIncompleteCallback
 .text.HAL_PCD_ConnectCallback
                0x08000b90        0xc build/usbd_conf.o
                0x08000b90                HAL_PCD_ConnectCallback
 .text.HAL_PCD_DisconnectCallback
                0x08000b9c        0xc build/usbd_conf.o
                0x08000b9c                HAL_PCD_DisconnectCallback
 .text.USBD_LL_Init
                0x08000ba8       0x6c build/usbd_conf.o
                0x08000ba8                USBD_LL_Init
 .text.USBD_LL_IsStallEP
                0x08000c14       0x2c build/usbd_conf.o
                0x08000c14                USBD_LL_IsStallEP
 .text.USBD_LL_GetRxDataSize
                0x08000c40        0xc build/usbd_conf.o
                0x08000c40                USBD_LL_GetRxDataSize
 .text.USBD_static_malloc
                0x08000c4c        0x8 build/usbd_conf.o
                0x08000c4c                USBD_static_malloc
 .text.USBD_static_free
                0x08000c54        0x2 build/usbd_conf.o
                0x08000c54                USBD_static_free
 .text.USBD_Get_USB_Status
                0x08000c56       0x16 build/usbd_conf.o
                0x08000c56                USBD_Get_USB_Status
 .text.USBD_LL_Start
                0x08000c6c       0x10 build/usbd_conf.o
                0x08000c6c                USBD_LL_Start
 .text.USBD_LL_OpenEP
                0x08000c7c       0x16 build/usbd_conf.o
                0x08000c7c                USBD_LL_OpenEP
 .text.USBD_LL_CloseEP
                0x08000c92       0x10 build/usbd_conf.o
                0x08000c92                USBD_LL_CloseEP
 .text.USBD_LL_StallEP
                0x08000ca2       0x10 build/usbd_conf.o
                0x08000ca2                USBD_LL_StallEP
 .text.USBD_LL_ClearStallEP
                0x08000cb2       0x10 build/usbd_conf.o
                0x08000cb2                USBD_LL_ClearStallEP
 .text.USBD_LL_SetUSBAddress
                0x08000cc2       0x10 build/usbd_conf.o
                0x08000cc2                USBD_LL_SetUSBAddress
 .text.USBD_LL_Transmit
                0x08000cd2       0x10 build/usbd_conf.o
                0x08000cd2                USBD_LL_Transmit
 .text.USBD_LL_PrepareReceive
                0x08000ce2       0x10 build/usbd_conf.o
                0x08000ce2                USBD_LL_PrepareReceive
 *fill*         0x08000cf2        0x2 
 .text.TIM_OC1_SetConfig
                0x08000cf4       0xb8 build/stm32h7xx_hal_tim.o
 .text.TIM_OC3_SetConfig
                0x08000dac       0xa4 build/stm32h7xx_hal_tim.o
 .text.TIM_OC4_SetConfig
                0x08000e50       0x88 build/stm32h7xx_hal_tim.o
 .text.TIM_OC5_SetConfig
                0x08000ed8       0x84 build/stm32h7xx_hal_tim.o
 .text.TIM_OC6_SetConfig
                0x08000f5c       0x88 build/stm32h7xx_hal_tim.o
 .text.TIM_TI1_ConfigInputStage
                0x08000fe4       0x26 build/stm32h7xx_hal_tim.o
 .text.TIM_TI2_ConfigInputStage
                0x0800100a       0x28 build/stm32h7xx_hal_tim.o
 *fill*         0x08001032        0x2 
 .text.TIM_ITRx_SetConfig
                0x08001034       0x14 build/stm32h7xx_hal_tim.o
 .text.HAL_TIM_Base_Start_IT
                0x08001048       0xa0 build/stm32h7xx_hal_tim.o
                0x08001048                HAL_TIM_Base_Start_IT
 .text.HAL_TIM_PWM_MspInit
                0x080010e8        0x2 build/stm32h7xx_hal_tim.o
                0x080010e8                HAL_TIM_PWM_MspInit
 .text.HAL_TIM_OnePulse_MspInit
                0x080010ea        0x2 build/stm32h7xx_hal_tim.o
                0x080010ea                HAL_TIM_OnePulse_MspInit
 .text.HAL_TIM_OC_DelayElapsedCallback
                0x080010ec        0x2 build/stm32h7xx_hal_tim.o
                0x080010ec                HAL_TIM_OC_DelayElapsedCallback
 .text.HAL_TIM_IC_CaptureCallback
                0x080010ee        0x2 build/stm32h7xx_hal_tim.o
                0x080010ee                HAL_TIM_IC_CaptureCallback
 .text.HAL_TIM_PWM_PulseFinishedCallback
                0x080010f0        0x2 build/stm32h7xx_hal_tim.o
                0x080010f0                HAL_TIM_PWM_PulseFinishedCallback
 .text.HAL_TIM_TriggerCallback
                0x080010f2        0x2 build/stm32h7xx_hal_tim.o
                0x080010f2                HAL_TIM_TriggerCallback
 .text.HAL_TIM_IRQHandler
                0x080010f4      0x180 build/stm32h7xx_hal_tim.o
                0x080010f4                HAL_TIM_IRQHandler
 .text.TIM_Base_SetConfig
                0x08001274      0x140 build/stm32h7xx_hal_tim.o
                0x08001274                TIM_Base_SetConfig
 .text.HAL_TIM_Base_Init
                0x080013b4       0x60 build/stm32h7xx_hal_tim.o
                0x080013b4                HAL_TIM_Base_Init
 .text.HAL_TIM_PWM_Init
                0x08001414       0x60 build/stm32h7xx_hal_tim.o
                0x08001414                HAL_TIM_PWM_Init
 .text.HAL_TIM_OnePulse_Init
                0x08001474       0x5c build/stm32h7xx_hal_tim.o
                0x08001474                HAL_TIM_OnePulse_Init
 .text.TIM_OC2_SetConfig
                0x080014d0       0xa4 build/stm32h7xx_hal_tim.o
                0x080014d0                TIM_OC2_SetConfig
 .text.HAL_TIM_PWM_ConfigChannel
                0x08001574      0x140 build/stm32h7xx_hal_tim.o
                0x08001574                HAL_TIM_PWM_ConfigChannel
 .text.TIM_ETR_SetConfig
                0x080016b4       0x16 build/stm32h7xx_hal_tim.o
                0x080016b4                TIM_ETR_SetConfig
 *fill*         0x080016ca        0x2 
 .text.HAL_TIM_ConfigClockSource
                0x080016cc      0x138 build/stm32h7xx_hal_tim.o
                0x080016cc                HAL_TIM_ConfigClockSource
 .text.HAL_TIMEx_MasterConfigSynchronization
                0x08001804       0xb4 build/stm32h7xx_hal_tim_ex.o
                0x08001804                HAL_TIMEx_MasterConfigSynchronization
 .text.HAL_TIMEx_CommutCallback
                0x080018b8        0x2 build/stm32h7xx_hal_tim_ex.o
                0x080018b8                HAL_TIMEx_CommutCallback
 .text.HAL_TIMEx_BreakCallback
                0x080018ba        0x2 build/stm32h7xx_hal_tim_ex.o
                0x080018ba                HAL_TIMEx_BreakCallback
 .text.HAL_TIMEx_Break2Callback
                0x080018bc        0x2 build/stm32h7xx_hal_tim_ex.o
                0x080018bc                HAL_TIMEx_Break2Callback
 .text.PCD_WriteEmptyTxFifo
                0x080018be       0xd0 build/stm32h7xx_hal_pcd.o
 .text.HAL_PCD_Init
                0x0800198e      0x108 build/stm32h7xx_hal_pcd.o
                0x0800198e                HAL_PCD_Init
 .text.HAL_PCD_Start
                0x08001a96       0x44 build/stm32h7xx_hal_pcd.o
                0x08001a96                HAL_PCD_Start
 *fill*         0x08001ada        0x2 
 .text.PCD_EP_OutXfrComplete_int
                0x08001adc      0x108 build/stm32h7xx_hal_pcd.o
 .text.PCD_EP_OutSetupPacket_int
                0x08001be4       0x50 build/stm32h7xx_hal_pcd.o
 .text.HAL_PCD_SetAddress
                0x08001c34       0x26 build/stm32h7xx_hal_pcd.o
                0x08001c34                HAL_PCD_SetAddress
 .text.HAL_PCD_EP_Open
                0x08001c5a       0x96 build/stm32h7xx_hal_pcd.o
                0x08001c5a                HAL_PCD_EP_Open
 .text.HAL_PCD_EP_Close
                0x08001cf0       0x70 build/stm32h7xx_hal_pcd.o
                0x08001cf0                HAL_PCD_EP_Close
 .text.HAL_PCD_EP_Receive
                0x08001d60       0x4a build/stm32h7xx_hal_pcd.o
                0x08001d60                HAL_PCD_EP_Receive
 .text.HAL_PCD_EP_GetRxCount
                0x08001daa       0x12 build/stm32h7xx_hal_pcd.o
                0x08001daa                HAL_PCD_EP_GetRxCount
 .text.HAL_PCD_EP_Transmit
                0x08001dbc       0x4a build/stm32h7xx_hal_pcd.o
                0x08001dbc                HAL_PCD_EP_Transmit
 .text.HAL_PCD_EP_SetStall
                0x08001e06       0x86 build/stm32h7xx_hal_pcd.o
                0x08001e06                HAL_PCD_EP_SetStall
 .text.HAL_PCD_EP_ClrStall
                0x08001e8c       0x74 build/stm32h7xx_hal_pcd.o
                0x08001e8c                HAL_PCD_EP_ClrStall
 .text.HAL_PCD_EP_Abort
                0x08001f00       0x34 build/stm32h7xx_hal_pcd.o
                0x08001f00                HAL_PCD_EP_Abort
 .text.HAL_PCD_IRQHandler
                0x08001f34      0x634 build/stm32h7xx_hal_pcd.o
                0x08001f34                HAL_PCD_IRQHandler
 .text.HAL_PCDEx_SetTxFiFo
                0x08002568       0x4a build/stm32h7xx_hal_pcd_ex.o
                0x08002568                HAL_PCDEx_SetTxFiFo
 .text.HAL_PCDEx_SetRxFiFo
                0x080025b2        0x8 build/stm32h7xx_hal_pcd_ex.o
                0x080025b2                HAL_PCDEx_SetRxFiFo
 *fill*         0x080025ba        0x2 
 .text.HAL_PCDEx_ActivateLPM
                0x080025bc       0x28 build/stm32h7xx_hal_pcd_ex.o
                0x080025bc                HAL_PCDEx_ActivateLPM
 .text.HAL_PCDEx_LPM_Callback
                0x080025e4        0x2 build/stm32h7xx_hal_pcd_ex.o
                0x080025e4                HAL_PCDEx_LPM_Callback
 .text.USB_CoreReset
                0x080025e6       0x4a build/stm32h7xx_ll_usb.o
 .text.USB_CoreInit
                0x08002630       0xa4 build/stm32h7xx_ll_usb.o
                0x08002630                USB_CoreInit
 .text.USB_SetTurnaroundTime
                0x080026d4       0xe4 build/stm32h7xx_ll_usb.o
                0x080026d4                USB_SetTurnaroundTime
 .text.USB_EnableGlobalInt
                0x080027b8        0xc build/stm32h7xx_ll_usb.o
                0x080027b8                USB_EnableGlobalInt
 .text.USB_DisableGlobalInt
                0x080027c4        0xc build/stm32h7xx_ll_usb.o
                0x080027c4                USB_DisableGlobalInt
 .text.USB_FlushTxFifo
                0x080027d0       0x4a build/stm32h7xx_ll_usb.o
                0x080027d0                USB_FlushTxFifo
 .text.USB_FlushRxFifo
                0x0800281a       0x46 build/stm32h7xx_ll_usb.o
                0x0800281a                USB_FlushRxFifo
 .text.USB_SetDevSpeed
                0x08002860        0xe build/stm32h7xx_ll_usb.o
                0x08002860                USB_SetDevSpeed
 *fill*         0x0800286e        0x2 
 .text.USB_DevInit
                0x08002870      0x198 build/stm32h7xx_ll_usb.o
                0x08002870                USB_DevInit
 .text.USB_GetDevSpeed
                0x08002a08       0x1e build/stm32h7xx_ll_usb.o
                0x08002a08                USB_GetDevSpeed
 *fill*         0x08002a26        0x2 
 .text.USB_ActivateEndpoint
                0x08002a28       0xa0 build/stm32h7xx_ll_usb.o
                0x08002a28                USB_ActivateEndpoint
 .text.USB_DeactivateEndpoint
                0x08002ac8       0xe4 build/stm32h7xx_ll_usb.o
                0x08002ac8                USB_DeactivateEndpoint
 .text.USB_EPStopXfer
                0x08002bac       0xbc build/stm32h7xx_ll_usb.o
                0x08002bac                USB_EPStopXfer
 .text.USB_WritePacket
                0x08002c68       0x2e build/stm32h7xx_ll_usb.o
                0x08002c68                USB_WritePacket
 *fill*         0x08002c96        0x2 
 .text.USB_EPStartXfer
                0x08002c98      0x27c build/stm32h7xx_ll_usb.o
                0x08002c98                USB_EPStartXfer
 .text.USB_ReadPacket
                0x08002f14       0x46 build/stm32h7xx_ll_usb.o
                0x08002f14                USB_ReadPacket
 .text.USB_EPSetStall
                0x08002f5a       0x5a build/stm32h7xx_ll_usb.o
                0x08002f5a                USB_EPSetStall
 .text.USB_EPClearStall
                0x08002fb4       0x5c build/stm32h7xx_ll_usb.o
                0x08002fb4                USB_EPClearStall
 .text.USB_SetDevAddress
                0x08003010       0x20 build/stm32h7xx_ll_usb.o
                0x08003010                USB_SetDevAddress
 .text.USB_DevConnect
                0x08003030       0x1c build/stm32h7xx_ll_usb.o
                0x08003030                USB_DevConnect
 .text.USB_DevDisconnect
                0x0800304c       0x1c build/stm32h7xx_ll_usb.o
                0x0800304c                USB_DevDisconnect
 .text.USB_ReadInterrupts
                0x08003068        0x8 build/stm32h7xx_ll_usb.o
                0x08003068                USB_ReadInterrupts
 .text.USB_ReadDevAllOutEpInterrupt
                0x08003070       0x10 build/stm32h7xx_ll_usb.o
                0x08003070                USB_ReadDevAllOutEpInterrupt
 .text.USB_ReadDevAllInEpInterrupt
                0x08003080       0x10 build/stm32h7xx_ll_usb.o
                0x08003080                USB_ReadDevAllInEpInterrupt
 .text.USB_ReadDevOutEPInterrupt
                0x08003090       0x12 build/stm32h7xx_ll_usb.o
                0x08003090                USB_ReadDevOutEPInterrupt
 .text.USB_ReadDevInEPInterrupt
                0x080030a2       0x24 build/stm32h7xx_ll_usb.o
                0x080030a2                USB_ReadDevInEPInterrupt
 .text.USB_GetMode
                0x080030c6        0x8 build/stm32h7xx_ll_usb.o
                0x080030c6                USB_GetMode
 .text.USB_SetCurrentMode
                0x080030ce       0x62 build/stm32h7xx_ll_usb.o
                0x080030ce                USB_SetCurrentMode
 .text.USB_ActivateSetup
                0x08003130       0x1c build/stm32h7xx_ll_usb.o
                0x08003130                USB_ActivateSetup
 .text.USB_EP0_OutStart
                0x0800314c       0x5c build/stm32h7xx_ll_usb.o
                0x0800314c                USB_EP0_OutStart
 .text.HAL_RCC_OscConfig
                0x080031a8      0x5e4 build/stm32h7xx_hal_rcc.o
                0x080031a8                HAL_RCC_OscConfig
 .text.HAL_RCC_MCOConfig
                0x0800378c       0xa4 build/stm32h7xx_hal_rcc.o
                0x0800378c                HAL_RCC_MCOConfig
 .text.HAL_RCC_GetSysClockFreq
                0x08003830      0x1f4 build/stm32h7xx_hal_rcc.o
                0x08003830                HAL_RCC_GetSysClockFreq
 .text.HAL_RCC_ClockConfig
                0x08003a24      0x294 build/stm32h7xx_hal_rcc.o
                0x08003a24                HAL_RCC_ClockConfig
 .text.HAL_RCC_GetHCLKFreq
                0x08003cb8       0x44 build/stm32h7xx_hal_rcc.o
                0x08003cb8                HAL_RCC_GetHCLKFreq
 .text.HAL_RCC_GetPCLK1Freq
                0x08003cfc       0x24 build/stm32h7xx_hal_rcc.o
                0x08003cfc                HAL_RCC_GetPCLK1Freq
 .text.HAL_RCC_GetPCLK2Freq
                0x08003d20       0x24 build/stm32h7xx_hal_rcc.o
                0x08003d20                HAL_RCC_GetPCLK2Freq
 .text.HAL_RCC_GetClockConfig
                0x08003d44       0x54 build/stm32h7xx_hal_rcc.o
                0x08003d44                HAL_RCC_GetClockConfig
 .text.RCCEx_PLL2_Config
                0x08003d98      0x108 build/stm32h7xx_hal_rcc_ex.o
 .text.RCCEx_PLL3_Config
                0x08003ea0      0x108 build/stm32h7xx_hal_rcc_ex.o
 .text.HAL_RCCEx_PeriphCLKConfig
                0x08003fa8      0xa78 build/stm32h7xx_hal_rcc_ex.o
                0x08003fa8                HAL_RCCEx_PeriphCLKConfig
 .text.HAL_RCCEx_GetD3PCLK1Freq
                0x08004a20       0x24 build/stm32h7xx_hal_rcc_ex.o
                0x08004a20                HAL_RCCEx_GetD3PCLK1Freq
 .text.HAL_RCCEx_GetPLL2ClockFreq
                0x08004a44      0x200 build/stm32h7xx_hal_rcc_ex.o
                0x08004a44                HAL_RCCEx_GetPLL2ClockFreq
 .text.HAL_RCCEx_GetPLL3ClockFreq
                0x08004c44      0x200 build/stm32h7xx_hal_rcc_ex.o
                0x08004c44                HAL_RCCEx_GetPLL3ClockFreq
 .text.HAL_RCCEx_GetPLL1ClockFreq
                0x08004e44      0x200 build/stm32h7xx_hal_rcc_ex.o
                0x08004e44                HAL_RCCEx_GetPLL1ClockFreq
 .text.HAL_RCCEx_GetPeriphCLKFreq
                0x08005044      0x604 build/stm32h7xx_hal_rcc_ex.o
                0x08005044                HAL_RCCEx_GetPeriphCLKFreq
 .text.HAL_RCCEx_CRSConfig
                0x08005648       0x74 build/stm32h7xx_hal_rcc_ex.o
                0x08005648                HAL_RCCEx_CRSConfig
 .text.HAL_GPIO_Init
                0x080056bc      0x210 build/stm32h7xx_hal_gpio.o
                0x080056bc                HAL_GPIO_Init
 .text.HAL_GPIO_WritePin
                0x080058cc        0xc build/stm32h7xx_hal_gpio.o
                0x080058cc                HAL_GPIO_WritePin
 .text.DMA_SetConfig
                0x080058d8      0x1ec build/stm32h7xx_hal_dma.o
 .text.DMA_CalcBaseAndBitshift
                0x08005ac4       0xac build/stm32h7xx_hal_dma.o
 .text.DMA_CheckFifoParam
                0x08005b70       0x9e build/stm32h7xx_hal_dma.o
 *fill*         0x08005c0e        0x2 
 .text.DMA_CalcDMAMUXChannelBaseAndMask
                0x08005c10       0xac build/stm32h7xx_hal_dma.o
 .text.DMA_CalcDMAMUXRequestGenBaseAndMask
                0x08005cbc       0x88 build/stm32h7xx_hal_dma.o
 .text.HAL_DMA_Init
                0x08005d44      0x394 build/stm32h7xx_hal_dma.o
                0x08005d44                HAL_DMA_Init
 .text.HAL_DMA_Start_IT
                0x080060d8      0x2bc build/stm32h7xx_hal_dma.o
                0x080060d8                HAL_DMA_Start_IT
 .text.HAL_DMA_Abort
                0x08006394      0x33c build/stm32h7xx_hal_dma.o
                0x08006394                HAL_DMA_Abort
 .text.HAL_DMA_Abort_IT
                0x080066d0      0x26c build/stm32h7xx_hal_dma.o
                0x080066d0                HAL_DMA_Abort_IT
 .text.HAL_DMA_IRQHandler
                0x0800693c      0x734 build/stm32h7xx_hal_dma.o
                0x0800693c                HAL_DMA_IRQHandler
 .text.HAL_PWREx_ConfigSupply
                0x08007070       0x54 build/stm32h7xx_hal_pwr_ex.o
                0x08007070                HAL_PWREx_ConfigSupply
 .text.HAL_PWREx_EnableUSBVoltageDetector
                0x080070c4       0x10 build/stm32h7xx_hal_pwr_ex.o
                0x080070c4                HAL_PWREx_EnableUSBVoltageDetector
 .text.__NVIC_EnableIRQ
                0x080070d4       0x1c build/stm32h7xx_hal_cortex.o
 .text.__NVIC_SetPriority
                0x080070f0       0x24 build/stm32h7xx_hal_cortex.o
 .text.NVIC_EncodePriority
                0x08007114       0x46 build/stm32h7xx_hal_cortex.o
 *fill*         0x0800715a        0x2 
 .text.HAL_NVIC_SetPriorityGrouping
                0x0800715c       0x24 build/stm32h7xx_hal_cortex.o
                0x0800715c                HAL_NVIC_SetPriorityGrouping
 .text.HAL_NVIC_SetPriority
                0x08007180       0x20 build/stm32h7xx_hal_cortex.o
                0x08007180                HAL_NVIC_SetPriority
 .text.HAL_NVIC_EnableIRQ
                0x080071a0        0x8 build/stm32h7xx_hal_cortex.o
                0x080071a0                HAL_NVIC_EnableIRQ
 .text.HAL_MPU_Disable
                0x080071a8       0x1c build/stm32h7xx_hal_cortex.o
                0x080071a8                HAL_MPU_Disable
 .text.HAL_MPU_Enable
                0x080071c4       0x20 build/stm32h7xx_hal_cortex.o
                0x080071c4                HAL_MPU_Enable
 .text.HAL_MPU_ConfigRegion
                0x080071e4       0x58 build/stm32h7xx_hal_cortex.o
                0x080071e4                HAL_MPU_ConfigRegion
 .text.HAL_Init
                0x0800723c       0x60 build/stm32h7xx_hal.o
                0x0800723c                HAL_Init
 .text.HAL_IncTick
                0x0800729c       0x18 build/stm32h7xx_hal.o
                0x0800729c                HAL_IncTick
 .text.HAL_GetTick
                0x080072b4        0xc build/stm32h7xx_hal.o
                0x080072b4                HAL_GetTick
 .text.HAL_Delay
                0x080072c0       0x28 build/stm32h7xx_hal.o
                0x080072c0                HAL_Delay
 .text.HAL_GetREVID
                0x080072e8        0xc build/stm32h7xx_hal.o
                0x080072e8                HAL_GetREVID
 .text.LL_ADC_SetOffset
                0x080072f4       0x3c build/stm32h7xx_hal_adc.o
 .text.LL_ADC_SetOffsetState
                0x08007330       0x30 build/stm32h7xx_hal_adc.o
 .text.LL_ADC_REG_SetSequencerRanks
                0x08007360       0x32 build/stm32h7xx_hal_adc.o
 .text.LL_ADC_SetChannelSamplingTime
                0x08007392       0x2e build/stm32h7xx_hal_adc.o
 .text.LL_ADC_SetChannelSingleDiff
                0x080073c0       0x58 build/stm32h7xx_hal_adc.o
 .text.LL_ADC_SetChannelPreselection
                0x08007418       0x38 build/stm32h7xx_hal_adc.o
 .text.HAL_ADC_ConfigChannel
                0x08007450      0x61c build/stm32h7xx_hal_adc.o
                0x08007450                HAL_ADC_ConfigChannel
 .text.ADC_ConfigureBoostMode
                0x08007a6c      0x134 build/stm32h7xx_hal_adc.o
                0x08007a6c                ADC_ConfigureBoostMode
 .text.HAL_ADC_Init
                0x08007ba0      0x2d4 build/stm32h7xx_hal_adc.o
                0x08007ba0                HAL_ADC_Init
 .text.HAL_ADCEx_MultiModeConfigChannel
                0x08007e74      0x158 build/stm32h7xx_hal_adc_ex.o
                0x08007e74                HAL_ADCEx_MultiModeConfigChannel
 .text.FDCAN_CalcultateRamBlockAddresses
                0x08007fcc      0x1ec build/stm32h7xx_hal_fdcan.o
 .text.HAL_FDCAN_Init
                0x080081b8      0x294 build/stm32h7xx_hal_fdcan.o
                0x080081b8                HAL_FDCAN_Init
 .text.HAL_FDCAN_GetRxMessage
                0x0800844c      0x1f4 build/stm32h7xx_hal_fdcan.o
                0x0800844c                HAL_FDCAN_GetRxMessage
 .text.HAL_FDCAN_GetRxFifoFillLevel
                0x08008640       0x1c build/stm32h7xx_hal_fdcan.o
                0x08008640                HAL_FDCAN_GetRxFifoFillLevel
 .text.HAL_FDCAN_ClockCalibrationCallback
                0x0800865c        0x2 build/stm32h7xx_hal_fdcan.o
                0x0800865c                HAL_FDCAN_ClockCalibrationCallback
 .text.HAL_FDCAN_TxEventFifoCallback
                0x0800865e        0x2 build/stm32h7xx_hal_fdcan.o
                0x0800865e                HAL_FDCAN_TxEventFifoCallback
 .text.HAL_FDCAN_TxFifoEmptyCallback
                0x08008660        0x2 build/stm32h7xx_hal_fdcan.o
                0x08008660                HAL_FDCAN_TxFifoEmptyCallback
 .text.HAL_FDCAN_TxBufferCompleteCallback
                0x08008662        0x2 build/stm32h7xx_hal_fdcan.o
                0x08008662                HAL_FDCAN_TxBufferCompleteCallback
 .text.HAL_FDCAN_TxBufferAbortCallback
                0x08008664        0x2 build/stm32h7xx_hal_fdcan.o
                0x08008664                HAL_FDCAN_TxBufferAbortCallback
 .text.HAL_FDCAN_RxBufferNewMessageCallback
                0x08008666        0x2 build/stm32h7xx_hal_fdcan.o
                0x08008666                HAL_FDCAN_RxBufferNewMessageCallback
 .text.HAL_FDCAN_TimestampWraparoundCallback
                0x08008668        0x2 build/stm32h7xx_hal_fdcan.o
                0x08008668                HAL_FDCAN_TimestampWraparoundCallback
 .text.HAL_FDCAN_TimeoutOccurredCallback
                0x0800866a        0x2 build/stm32h7xx_hal_fdcan.o
                0x0800866a                HAL_FDCAN_TimeoutOccurredCallback
 .text.HAL_FDCAN_HighPriorityMessageCallback
                0x0800866c        0x2 build/stm32h7xx_hal_fdcan.o
                0x0800866c                HAL_FDCAN_HighPriorityMessageCallback
 .text.HAL_FDCAN_ErrorCallback
                0x0800866e        0x2 build/stm32h7xx_hal_fdcan.o
                0x0800866e                HAL_FDCAN_ErrorCallback
 .text.HAL_FDCAN_ErrorStatusCallback
                0x08008670        0x2 build/stm32h7xx_hal_fdcan.o
                0x08008670                HAL_FDCAN_ErrorStatusCallback
 .text.HAL_FDCAN_TT_ScheduleSyncCallback
                0x08008672        0x2 build/stm32h7xx_hal_fdcan.o
                0x08008672                HAL_FDCAN_TT_ScheduleSyncCallback
 .text.HAL_FDCAN_TT_TimeMarkCallback
                0x08008674        0x2 build/stm32h7xx_hal_fdcan.o
                0x08008674                HAL_FDCAN_TT_TimeMarkCallback
 .text.HAL_FDCAN_TT_StopWatchCallback
                0x08008676        0x2 build/stm32h7xx_hal_fdcan.o
                0x08008676                HAL_FDCAN_TT_StopWatchCallback
 .text.HAL_FDCAN_TT_GlobalTimeCallback
                0x08008678        0x2 build/stm32h7xx_hal_fdcan.o
                0x08008678                HAL_FDCAN_TT_GlobalTimeCallback
 *fill*         0x0800867a        0x2 
 .text.HAL_FDCAN_IRQHandler
                0x0800867c      0x320 build/stm32h7xx_hal_fdcan.o
                0x0800867c                HAL_FDCAN_IRQHandler
 .text.SPI_CloseTransfer
                0x0800899c       0xc8 build/stm32h7xx_hal_spi.o
 .text.SPI_GetPacketSize
                0x08008a64       0x10 build/stm32h7xx_hal_spi.o
 .text.HAL_SPI_Init
                0x08008a74      0x190 build/stm32h7xx_hal_spi.o
                0x08008a74                HAL_SPI_Init
 .text.HAL_SPI_TxCpltCallback
                0x08008c04        0x2 build/stm32h7xx_hal_spi.o
                0x08008c04                HAL_SPI_TxCpltCallback
 .text.HAL_SPI_RxCpltCallback
                0x08008c06        0x2 build/stm32h7xx_hal_spi.o
                0x08008c06                HAL_SPI_RxCpltCallback
 .text.HAL_SPI_TxRxCpltCallback
                0x08008c08        0x2 build/stm32h7xx_hal_spi.o
                0x08008c08                HAL_SPI_TxRxCpltCallback
 .text.HAL_SPI_ErrorCallback
                0x08008c0a        0x2 build/stm32h7xx_hal_spi.o
                0x08008c0a                HAL_SPI_ErrorCallback
 .text.SPI_DMAAbortOnError
                0x08008c0c       0x1a build/stm32h7xx_hal_spi.o
 .text.HAL_SPI_SuspendCallback
                0x08008c26        0x2 build/stm32h7xx_hal_spi.o
                0x08008c26                HAL_SPI_SuspendCallback
 .text.HAL_SPI_IRQHandler
                0x08008c28      0x250 build/stm32h7xx_hal_spi.o
                0x08008c28                HAL_SPI_IRQHandler
 .text.UART_EndTxTransfer
                0x08008e78       0x32 build/stm32h7xx_hal_uart.o
 *fill*         0x08008eaa        0x2 
 .text.UART_EndRxTransfer
                0x08008eac       0x58 build/stm32h7xx_hal_uart.o
 .text.HAL_UART_TxCpltCallback
                0x08008f04        0x2 build/stm32h7xx_hal_uart.o
                0x08008f04                HAL_UART_TxCpltCallback
 .text.UART_EndTransmit_IT
                0x08008f06       0x22 build/stm32h7xx_hal_uart.o
 .text.HAL_UART_RxCpltCallback
                0x08008f28        0x2 build/stm32h7xx_hal_uart.o
                0x08008f28                HAL_UART_RxCpltCallback
 .text.HAL_UART_RxHalfCpltCallback
                0x08008f2a        0x2 build/stm32h7xx_hal_uart.o
                0x08008f2a                HAL_UART_RxHalfCpltCallback
 .text.UART_DMAError
                0x08008f2c       0x5a build/stm32h7xx_hal_uart.o
 .text.UART_DMAAbortOnError
                0x08008f86       0x10 build/stm32h7xx_hal_uart.o
 *fill*         0x08008f96        0x2 
 .text.HAL_UART_IRQHandler
                0x08008f98      0x3e4 build/stm32h7xx_hal_uart.o
                0x08008f98                HAL_UART_IRQHandler
 .text.UART_DMARxHalfCplt
                0x0800937c       0x20 build/stm32h7xx_hal_uart.o
 .text.UART_DMAReceiveCplt
                0x0800939c       0x90 build/stm32h7xx_hal_uart.o
 .text.UART_SetConfig
                0x0800942c      0x684 build/stm32h7xx_hal_uart.o
                0x0800942c                UART_SetConfig
 .text.UART_AdvFeatureConfig
                0x08009ab0       0xca build/stm32h7xx_hal_uart.o
                0x08009ab0                UART_AdvFeatureConfig
 .text.UART_WaitOnFlagUntilTimeout
                0x08009b7a       0xa4 build/stm32h7xx_hal_uart.o
                0x08009b7a                UART_WaitOnFlagUntilTimeout
 .text.UART_CheckIdleState
                0x08009c1e       0xc6 build/stm32h7xx_hal_uart.o
                0x08009c1e                UART_CheckIdleState
 .text.HAL_UART_Init
                0x08009ce4       0x66 build/stm32h7xx_hal_uart.o
                0x08009ce4                HAL_UART_Init
 *fill*         0x08009d4a        0x2 
 .text.UART_Start_Receive_DMA
                0x08009d4c       0xb0 build/stm32h7xx_hal_uart.o
                0x08009d4c                UART_Start_Receive_DMA
 .text.UARTEx_SetNbDataToProcess
                0x08009dfc       0x54 build/stm32h7xx_hal_uart_ex.o
 .text.HAL_UARTEx_WakeupCallback
                0x08009e50        0x2 build/stm32h7xx_hal_uart_ex.o
                0x08009e50                HAL_UARTEx_WakeupCallback
 .text.HAL_UARTEx_RxFifoFullCallback
                0x08009e52        0x2 build/stm32h7xx_hal_uart_ex.o
                0x08009e52                HAL_UARTEx_RxFifoFullCallback
 .text.HAL_UARTEx_TxFifoEmptyCallback
                0x08009e54        0x2 build/stm32h7xx_hal_uart_ex.o
                0x08009e54                HAL_UARTEx_TxFifoEmptyCallback
 .text.HAL_UARTEx_DisableFifoMode
                0x08009e56       0x3e build/stm32h7xx_hal_uart_ex.o
                0x08009e56                HAL_UARTEx_DisableFifoMode
 .text.HAL_UARTEx_SetTxFifoThreshold
                0x08009e94       0x4a build/stm32h7xx_hal_uart_ex.o
                0x08009e94                HAL_UARTEx_SetTxFifoThreshold
 .text.HAL_UARTEx_SetRxFifoThreshold
                0x08009ede       0x4a build/stm32h7xx_hal_uart_ex.o
                0x08009ede                HAL_UARTEx_SetRxFifoThreshold
 .text.HAL_UARTEx_ReceiveToIdle_DMA
                0x08009f28       0x50 build/stm32h7xx_hal_uart_ex.o
                0x08009f28                HAL_UARTEx_ReceiveToIdle_DMA
 .text.vListInitialise
                0x08009f78       0x16 build/list.o
                0x08009f78                vListInitialise
 .text.vListInitialiseItem
                0x08009f8e        0x6 build/list.o
                0x08009f8e                vListInitialiseItem
 .text.vListInsertEnd
                0x08009f94       0x16 build/list.o
                0x08009f94                vListInsertEnd
 .text.vListInsert
                0x08009faa       0x38 build/list.o
                0x08009faa                vListInsert
 .text.uxListRemove
                0x08009fe2       0x26 build/list.o
                0x08009fe2                uxListRemove
 .text.prvIsQueueFull
                0x0800a008       0x1e build/queue.o
 .text.prvIsQueueEmpty
                0x0800a026       0x1e build/queue.o
 .text.prvCopyDataToQueue
                0x0800a044       0x76 build/queue.o
 .text.prvCopyDataFromQueue
                0x0800a0ba       0x24 build/queue.o
 .text.prvUnlockQueue
                0x0800a0de       0x6e build/queue.o
 .text.xQueueGenericReset
                0x0800a14c       0x84 build/queue.o
                0x0800a14c                xQueueGenericReset
 .text.prvInitialiseNewQueue
                0x0800a1d0       0x22 build/queue.o
 .text.xQueueGenericCreateStatic
                0x0800a1f2       0xaa build/queue.o
                0x0800a1f2                xQueueGenericCreateStatic
 .text.xQueueGenericSend
                0x0800a29c      0x188 build/queue.o
                0x0800a29c                xQueueGenericSend
 .text.xQueueGenericSendFromISR
                0x0800a424       0xd2 build/queue.o
                0x0800a424                xQueueGenericSendFromISR
 .text.xQueueReceive
                0x0800a4f6      0x15e build/queue.o
                0x0800a4f6                xQueueReceive
 .text.vQueueAddToRegistry
                0x0800a654       0x28 build/queue.o
                0x0800a654                vQueueAddToRegistry
 .text.vQueueWaitForMessageRestricted
                0x0800a67c       0x52 build/queue.o
                0x0800a67c                vQueueWaitForMessageRestricted
 *fill*         0x0800a6ce        0x2 
 .text.prvResetNextTaskUnblockTime
                0x0800a6d0       0x2c build/tasks.o
 .text.prvInitialiseNewTask
                0x0800a6fc       0x9a build/tasks.o
 *fill*         0x0800a796        0x2 
 .text.prvInitialiseTaskLists
                0x0800a798       0x68 build/tasks.o
 .text.prvAddNewTaskToReadyList
                0x0800a800       0xac build/tasks.o
 .text.prvDeleteTCB
                0x0800a8ac       0x38 build/tasks.o
 .text.prvCheckTasksWaitingTermination
                0x0800a8e4       0x4c build/tasks.o
 .text.prvIdleTask
                0x0800a930       0x28 build/tasks.o
 .text.prvAddCurrentTaskToDelayedList
                0x0800a958       0x84 build/tasks.o
 .text.xTaskCreateStatic
                0x0800a9dc       0x80 build/tasks.o
                0x0800a9dc                xTaskCreateStatic
 .text.xTaskCreate
                0x0800aa5c       0x62 build/tasks.o
                0x0800aa5c                xTaskCreate
 *fill*         0x0800aabe        0x2 
 .text.vTaskStartScheduler
                0x0800aac0       0x98 build/tasks.o
                0x0800aac0                vTaskStartScheduler
 .text.vTaskSuspendAll
                0x0800ab58       0x10 build/tasks.o
                0x0800ab58                vTaskSuspendAll
 .text.xTaskGetTickCount
                0x0800ab68        0xc build/tasks.o
                0x0800ab68                xTaskGetTickCount
 .text.xTaskIncrementTick
                0x0800ab74      0x124 build/tasks.o
                0x0800ab74                xTaskIncrementTick
 .text.xTaskResumeAll
                0x0800ac98       0xf8 build/tasks.o
                0x0800ac98                xTaskResumeAll
 .text.vTaskDelay
                0x0800ad90       0x4c build/tasks.o
                0x0800ad90                vTaskDelay
 .text.vTaskSwitchContext
                0x0800addc       0x98 build/tasks.o
                0x0800addc                vTaskSwitchContext
 .text.vTaskPlaceOnEventList
                0x0800ae74       0x30 build/tasks.o
                0x0800ae74                vTaskPlaceOnEventList
 .text.vTaskPlaceOnEventListRestricted
                0x0800aea4       0x3c build/tasks.o
                0x0800aea4                vTaskPlaceOnEventListRestricted
 .text.xTaskRemoveFromEventList
                0x0800aee0       0x90 build/tasks.o
                0x0800aee0                xTaskRemoveFromEventList
 .text.vTaskInternalSetTimeOutState
                0x0800af70       0x18 build/tasks.o
                0x0800af70                vTaskInternalSetTimeOutState
 .text.xTaskCheckForTimeOut
                0x0800af88       0x88 build/tasks.o
                0x0800af88                xTaskCheckForTimeOut
 .text.vTaskMissedYield
                0x0800b010        0xc build/tasks.o
                0x0800b010                vTaskMissedYield
 .text.xTaskGetSchedulerState
                0x0800b01c       0x20 build/tasks.o
                0x0800b01c                xTaskGetSchedulerState
 .text.xTaskPriorityDisinherit
                0x0800b03c       0x90 build/tasks.o
                0x0800b03c                xTaskPriorityDisinherit
 .text.prvGetNextExpireTime
                0x0800b0cc       0x20 build/timers.o
 .text.prvInsertTimerInActiveList
                0x0800b0ec       0x50 build/timers.o
 .text.prvCheckForValidListAndQueue
                0x0800b13c       0x70 build/timers.o
 .text.xTimerCreateTimerTask
                0x0800b1ac       0x64 build/timers.o
                0x0800b1ac                xTimerCreateTimerTask
 .text.xTimerGenericCommand
                0x0800b210       0x68 build/timers.o
                0x0800b210                xTimerGenericCommand
 .text.prvSwitchTimerLists
                0x0800b278       0x7c build/timers.o
 .text.prvSampleTimeNow
                0x0800b2f4       0x2c build/timers.o
 .text.prvProcessExpiredTimer
                0x0800b320       0x6c build/timers.o
 .text.prvProcessTimerOrBlockTask
                0x0800b38c       0x78 build/timers.o
 .text.prvProcessReceivedCommands
                0x0800b404      0x124 build/timers.o
 .text.prvTimerTask
                0x0800b528       0x16 build/timers.o
 .text.SysTick_Handler
                0x0800b53e       0x18 build/cmsis_os2.o
                0x0800b53e                SysTick_Handler
 *fill*         0x0800b556        0x2 
 .text.osKernelInitialize
                0x0800b558       0x24 build/cmsis_os2.o
                0x0800b558                osKernelInitialize
 .text.osKernelStart
                0x0800b57c       0x3c build/cmsis_os2.o
                0x0800b57c                osKernelStart
 .text.osThreadNew
                0x0800b5b8       0xc2 build/cmsis_os2.o
                0x0800b5b8                osThreadNew
 .text.osDelay  0x0800b67a       0x1a build/cmsis_os2.o
                0x0800b67a                osDelay
 .text.vApplicationGetIdleTaskMemory
                0x0800b694       0x18 build/cmsis_os2.o
                0x0800b694                vApplicationGetIdleTaskMemory
 .text.vApplicationGetTimerTaskMemory
                0x0800b6ac       0x18 build/cmsis_os2.o
                0x0800b6ac                vApplicationGetTimerTaskMemory
 .text.prvHeapInit
                0x0800b6c4       0x64 build/heap_4.o
 .text.prvInsertBlockIntoFreeList
                0x0800b728       0x5c build/heap_4.o
 .text.pvPortMalloc
                0x0800b784      0x104 build/heap_4.o
                0x0800b784                pvPortMalloc
 .text.vPortFree
                0x0800b888       0x80 build/heap_4.o
                0x0800b888                vPortFree
 .text.prvTaskExitError
                0x0800b908       0x40 build/port.o
 .text.prvPortStartFirstTask
                0x0800b948       0x28 build/port.o
 .text.vPortEnableVFP
                0x0800b970       0x14 build/port.o
 .text.pxPortInitialiseStack
                0x0800b984       0x2c build/port.o
                0x0800b984                pxPortInitialiseStack
 .text.SVC_Handler
                0x0800b9b0       0x24 build/port.o
                0x0800b9b0                SVC_Handler
 .text.vPortEnterCritical
                0x0800b9d4       0x44 build/port.o
                0x0800b9d4                vPortEnterCritical
 .text.vPortExitCritical
                0x0800ba18       0x2c build/port.o
                0x0800ba18                vPortExitCritical
 *fill*         0x0800ba44        0xc 
 .text.PendSV_Handler
                0x0800ba50       0x64 build/port.o
                0x0800ba50                PendSV_Handler
 .text.xPortSysTickHandler
                0x0800bab4       0x2c build/port.o
                0x0800bab4                xPortSysTickHandler
 .text.vPortSetupTimerInterrupt
                0x0800bae0       0x28 build/port.o
                0x0800bae0                vPortSetupTimerInterrupt
 .text.xPortStartScheduler
                0x0800bb08      0x11c build/port.o
                0x0800bb08                xPortStartScheduler
 .text.vPortValidateInterruptPriority
                0x0800bc24       0x5c build/port.o
                0x0800bc24                vPortValidateInterruptPriority
 .text.USBD_Init
                0x0800bc80       0x2e build/usbd_core.o
                0x0800bc80                USBD_Init
 .text.USBD_RegisterClass
                0x0800bcae       0x40 build/usbd_core.o
                0x0800bcae                USBD_RegisterClass
 .text.USBD_Start
                0x0800bcee        0x8 build/usbd_core.o
                0x0800bcee                USBD_Start
 .text.USBD_SetClassConfig
                0x0800bcf6       0x12 build/usbd_core.o
                0x0800bcf6                USBD_SetClassConfig
 .text.USBD_ClrClassConfig
                0x0800bd08       0x12 build/usbd_core.o
                0x0800bd08                USBD_ClrClassConfig
 .text.USBD_LL_SetupStage
                0x0800bd1a       0x58 build/usbd_core.o
                0x0800bd1a                USBD_LL_SetupStage
 .text.USBD_LL_Reset
                0x0800bd72       0x66 build/usbd_core.o
                0x0800bd72                USBD_LL_Reset
 .text.USBD_LL_SetSpeed
                0x0800bdd8        0x6 build/usbd_core.o
                0x0800bdd8                USBD_LL_SetSpeed
 .text.USBD_LL_Suspend
                0x0800bdde       0x1c build/usbd_core.o
                0x0800bdde                USBD_LL_Suspend
 .text.USBD_LL_Resume
                0x0800bdfa       0x18 build/usbd_core.o
                0x0800bdfa                USBD_LL_Resume
 .text.USBD_LL_SOF
                0x0800be12       0x20 build/usbd_core.o
                0x0800be12                USBD_LL_SOF
 .text.USBD_LL_IsoINIncomplete
                0x0800be32       0x2c build/usbd_core.o
                0x0800be32                USBD_LL_IsoINIncomplete
 .text.USBD_LL_IsoOUTIncomplete
                0x0800be5e       0x2c build/usbd_core.o
                0x0800be5e                USBD_LL_IsoOUTIncomplete
 .text.USBD_LL_DevConnected
                0x0800be8a        0x4 build/usbd_core.o
                0x0800be8a                USBD_LL_DevConnected
 .text.USBD_LL_DevDisconnected
                0x0800be8e       0x20 build/usbd_core.o
                0x0800be8e                USBD_LL_DevDisconnected
 .text.USBD_CoreFindIF
                0x0800beae        0x4 build/usbd_core.o
                0x0800beae                USBD_CoreFindIF
 .text.USBD_CoreFindEP
                0x0800beb2        0x4 build/usbd_core.o
                0x0800beb2                USBD_CoreFindEP
 .text.USBD_LL_DataOutStage
                0x0800beb6       0xc0 build/usbd_core.o
                0x0800beb6                USBD_LL_DataOutStage
 .text.USBD_LL_DataInStage
                0x0800bf76       0xd2 build/usbd_core.o
                0x0800bf76                USBD_LL_DataInStage
 .text.USBD_GetNextDesc
                0x0800c048        0xe build/usbd_core.o
                0x0800c048                USBD_GetNextDesc
 .text.USBD_GetEpDesc
                0x0800c056       0x3e build/usbd_core.o
                0x0800c056                USBD_GetEpDesc
 .text.USBD_GetLen
                0x0800c094       0x14 build/usbd_ctlreq.o
 .text.USBD_ParseSetupRequest
                0x0800c0a8       0x28 build/usbd_ctlreq.o
                0x0800c0a8                USBD_ParseSetupRequest
 .text.USBD_CtlError
                0x0800c0d0       0x14 build/usbd_ctlreq.o
                0x0800c0d0                USBD_CtlError
 .text.USBD_GetDescriptor
                0x0800c0e4      0x1b2 build/usbd_ctlreq.o
 .text.USBD_SetAddress
                0x0800c296       0x52 build/usbd_ctlreq.o
 .text.USBD_SetConfig
                0x0800c2e8       0xd8 build/usbd_ctlreq.o
 .text.USBD_GetConfig
                0x0800c3c0       0x40 build/usbd_ctlreq.o
 .text.USBD_GetStatus
                0x0800c400       0x38 build/usbd_ctlreq.o
 .text.USBD_SetFeature
                0x0800c438       0x2a build/usbd_ctlreq.o
 .text.USBD_ClrFeature
                0x0800c462       0x26 build/usbd_ctlreq.o
 .text.USBD_StdDevReq
                0x0800c488       0x82 build/usbd_ctlreq.o
                0x0800c488                USBD_StdDevReq
 .text.USBD_StdItfReq
                0x0800c50a       0x90 build/usbd_ctlreq.o
                0x0800c50a                USBD_StdItfReq
 .text.USBD_StdEPReq
                0x0800c59a      0x23c build/usbd_ctlreq.o
                0x0800c59a                USBD_StdEPReq
 .text.USBD_GetString
                0x0800c7d6       0x46 build/usbd_ctlreq.o
                0x0800c7d6                USBD_GetString
 .text.USBD_CtlSendData
                0x0800c81c       0x1a build/usbd_ioreq.o
                0x0800c81c                USBD_CtlSendData
 .text.USBD_CtlContinueSendData
                0x0800c836       0x10 build/usbd_ioreq.o
                0x0800c836                USBD_CtlContinueSendData
 .text.USBD_CtlPrepareRx
                0x0800c846       0x1e build/usbd_ioreq.o
                0x0800c846                USBD_CtlPrepareRx
 .text.USBD_CtlContinueRx
                0x0800c864       0x10 build/usbd_ioreq.o
                0x0800c864                USBD_CtlContinueRx
 .text.USBD_CtlSendStatus
                0x0800c874       0x16 build/usbd_ioreq.o
                0x0800c874                USBD_CtlSendStatus
 .text.USBD_CtlReceiveStatus
                0x0800c88a       0x16 build/usbd_ioreq.o
                0x0800c88a                USBD_CtlReceiveStatus
 .text.USBD_CDC_EP0_RxReady
                0x0800c8a0       0x40 build/usbd_cdc.o
 .text.USBD_CDC_GetDeviceQualifierDescriptor
                0x0800c8e0        0xc build/usbd_cdc.o
                0x0800c8e0                USBD_CDC_GetDeviceQualifierDescriptor
 .text.USBD_CDC_GetOtherSpeedCfgDesc
                0x0800c8ec       0x48 build/usbd_cdc.o
 .text.USBD_CDC_GetFSCfgDesc
                0x0800c934       0x48 build/usbd_cdc.o
 .text.USBD_CDC_GetHSCfgDesc
                0x0800c97c       0x48 build/usbd_cdc.o
 .text.USBD_CDC_DataOut
                0x0800c9c4       0x38 build/usbd_cdc.o
 .text.USBD_CDC_DataIn
                0x0800c9fc       0x7e build/usbd_cdc.o
 .text.USBD_CDC_Setup
                0x0800ca7a      0x110 build/usbd_cdc.o
 .text.USBD_CDC_DeInit
                0x0800cb8a       0x64 build/usbd_cdc.o
 .text.USBD_CDC_Init
                0x0800cbee       0xec build/usbd_cdc.o
 .text.USBD_CDC_RegisterInterface
                0x0800ccda       0x16 build/usbd_cdc.o
                0x0800ccda                USBD_CDC_RegisterInterface
 .text.USBD_CDC_SetTxBuffer
                0x0800ccf0       0x1c build/usbd_cdc.o
                0x0800ccf0                USBD_CDC_SetTxBuffer
 .text.USBD_CDC_SetRxBuffer
                0x0800cd0c       0x18 build/usbd_cdc.o
                0x0800cd0c                USBD_CDC_SetRxBuffer
 .text.USBD_CDC_ReceivePacket
                0x0800cd24       0x38 build/usbd_cdc.o
                0x0800cd24                USBD_CDC_ReceivePacket
 .text._GetAvailWriteSpace
                0x0800cd5c       0x18 build/SEGGER_RTT.o
 .text._WriteNoCheck
                0x0800cd74       0x4c build/SEGGER_RTT.o
 .text._WriteBlocking
                0x0800cdc0       0x62 build/SEGGER_RTT.o
 *fill*         0x0800ce22        0x2 
 .text._DoInit  0x0800ce24       0x6c build/SEGGER_RTT.o
 .text.SEGGER_RTT_WriteNoLock
                0x0800ce90       0x78 build/SEGGER_RTT.o
                0x0800ce90                SEGGER_RTT_WriteNoLock
 .text.SEGGER_RTT_Write
                0x0800cf08       0x34 build/SEGGER_RTT.o
                0x0800cf08                SEGGER_RTT_Write
 .text._StoreChar
                0x0800cf3c       0x40 build/SEGGER_RTT_printf.o
 .text._PrintUnsigned
                0x0800cf7c       0xd4 build/SEGGER_RTT_printf.o
 .text._PrintInt
                0x0800d050       0xe6 build/SEGGER_RTT_printf.o
 .text.SEGGER_RTT_vprintf
                0x0800d136      0x1a6 build/SEGGER_RTT_printf.o
                0x0800d136                SEGGER_RTT_vprintf
 .text.SEGGER_RTT_printf
                0x0800d2dc       0x1e build/SEGGER_RTT_printf.o
                0x0800d2dc                SEGGER_RTT_printf
 *fill*         0x0800d2fa        0x2 
 .text.HAL_UARTEx_RxEventCallback
                0x0800d2fc       0xe4 build/bsp_usart.o
                0x0800d2fc                HAL_UARTEx_RxEventCallback
 .text.HAL_UART_ErrorCallback
                0x0800d3e0       0xe8 build/bsp_usart.o
                0x0800d3e0                HAL_UART_ErrorCallback
 .text.FDCANFIFOxCallback
                0x0800d4c8       0xa4 build/bsp_can.o
 .text.HAL_FDCAN_RxFifo0Callback
                0x0800d56c       0x1e build/bsp_can.o
                0x0800d56c                HAL_FDCAN_RxFifo0Callback
 .text.HAL_FDCAN_RxFifo1Callback
                0x0800d58a       0x1e build/bsp_can.o
                0x0800d58a                HAL_FDCAN_RxFifo1Callback
 .text.MX_GPIO_Init
                0x0800d5a8      0x1b0 build/gpio.o
                0x0800d5a8                MX_GPIO_Init
 .text.MX_ADC1_Init
                0x0800d758       0xa4 build/adc.o
                0x0800d758                MX_ADC1_Init
 .text.HAL_ADC_MspInit
                0x0800d7fc       0xa4 build/adc.o
                0x0800d7fc                HAL_ADC_MspInit
 .text.MX_DMA_Init
                0x0800d8a0       0x78 build/dma.o
                0x0800d8a0                MX_DMA_Init
 .text.MX_FDCAN2_Init
                0x0800d918       0x68 build/fdcan.o
                0x0800d918                MX_FDCAN2_Init
 .text.HAL_FDCAN_MspInit
                0x0800d980       0xc4 build/fdcan.o
                0x0800d980                HAL_FDCAN_MspInit
 .text.MX_SPI1_Init
                0x0800da44       0x60 build/spi.o
                0x0800da44                MX_SPI1_Init
 .text.HAL_SPI_MspInit
                0x0800daa4      0x128 build/spi.o
                0x0800daa4                HAL_SPI_MspInit
 .text.MX_TIM7_Init
                0x0800dbcc       0x50 build/tim.o
                0x0800dbcc                MX_TIM7_Init
 .text.HAL_TIM_Base_MspInit
                0x0800dc1c       0xa4 build/tim.o
                0x0800dc1c                HAL_TIM_Base_MspInit
 .text.HAL_TIM_MspPostInit
                0x0800dcc0       0x58 build/tim.o
                0x0800dcc0                HAL_TIM_MspPostInit
 .text.MX_TIM4_Init
                0x0800dd18       0xbc build/tim.o
                0x0800dd18                MX_TIM4_Init
 .text.MX_USART1_UART_Init
                0x0800ddd4       0x68 build/usart.o
                0x0800ddd4                MX_USART1_UART_Init
 .text.HAL_UART_MspInit
                0x0800de3c      0x120 build/usart.o
                0x0800de3c                HAL_UART_MspInit
 .text.Reset_Handler
                0x0800df5c       0x54 build/startup_stm32h723xx.o
                0x0800df5c                Reset_Handler
 .text.Default_Handler
                0x0800dfb0        0x2 build/startup_stm32h723xx.o
                0x0800dfb0                RTC_Alarm_IRQHandler
                0x0800dfb0                EXTI2_IRQHandler
                0x0800dfb0                TIM8_CC_IRQHandler
                0x0800dfb0                UART8_IRQHandler
                0x0800dfb0                SPI4_IRQHandler
                0x0800dfb0                FDCAN3_IT0_IRQHandler
                0x0800dfb0                TIM1_CC_IRQHandler
                0x0800dfb0                BDMA_Channel6_IRQHandler
                0x0800dfb0                DMA2_Stream5_IRQHandler
                0x0800dfb0                DMA1_Stream5_IRQHandler
                0x0800dfb0                CORDIC_IRQHandler
                0x0800dfb0                BDMA_Channel1_IRQHandler
                0x0800dfb0                TAMP_STAMP_IRQHandler
                0x0800dfb0                EXTI3_IRQHandler
                0x0800dfb0                LPTIM4_IRQHandler
                0x0800dfb0                TIM8_TRG_COM_TIM14_IRQHandler
                0x0800dfb0                LPTIM2_IRQHandler
                0x0800dfb0                DFSDM1_FLT1_IRQHandler
                0x0800dfb0                DMAMUX2_OVR_IRQHandler
                0x0800dfb0                TIM8_UP_TIM13_IRQHandler
                0x0800dfb0                I2C3_ER_IRQHandler
                0x0800dfb0                DFSDM1_FLT2_IRQHandler
                0x0800dfb0                I2C5_EV_IRQHandler
                0x0800dfb0                USART10_IRQHandler
                0x0800dfb0                MDMA_IRQHandler
                0x0800dfb0                LPTIM3_IRQHandler
                0x0800dfb0                HSEM1_IRQHandler
                0x0800dfb0                EXTI0_IRQHandler
                0x0800dfb0                I2C2_EV_IRQHandler
                0x0800dfb0                FPU_IRQHandler
                0x0800dfb0                OTG_HS_WKUP_IRQHandler
                0x0800dfb0                FDCAN1_IT1_IRQHandler
                0x0800dfb0                LTDC_ER_IRQHandler
                0x0800dfb0                DMA2_Stream2_IRQHandler
                0x0800dfb0                OCTOSPI1_IRQHandler
                0x0800dfb0                DMA2_Stream3_IRQHandler
                0x0800dfb0                OCTOSPI2_IRQHandler
                0x0800dfb0                DFSDM1_FLT3_IRQHandler
                0x0800dfb0                TIM23_IRQHandler
                0x0800dfb0                USART6_IRQHandler
                0x0800dfb0                TIM17_IRQHandler
                0x0800dfb0                USART3_IRQHandler
                0x0800dfb0                BDMA_Channel7_IRQHandler
                0x0800dfb0                LPTIM5_IRQHandler
                0x0800dfb0                UART5_IRQHandler
                0x0800dfb0                ADC3_IRQHandler
                0x0800dfb0                DMA2_Stream0_IRQHandler
                0x0800dfb0                TIM4_IRQHandler
                0x0800dfb0                BDMA_Channel2_IRQHandler
                0x0800dfb0                I2C1_EV_IRQHandler
                0x0800dfb0                DMA1_Stream6_IRQHandler
                0x0800dfb0                DMAMUX1_OVR_IRQHandler
                0x0800dfb0                TIM16_IRQHandler
                0x0800dfb0                UART4_IRQHandler
                0x0800dfb0                BDMA_Channel5_IRQHandler
                0x0800dfb0                TIM3_IRQHandler
                0x0800dfb0                RCC_IRQHandler
                0x0800dfb0                UART9_IRQHandler
                0x0800dfb0                TIM8_BRK_TIM12_IRQHandler
                0x0800dfb0                TIM1_TRG_COM_IRQHandler
                0x0800dfb0                Default_Handler
                0x0800dfb0                ECC_IRQHandler
                0x0800dfb0                FMAC_IRQHandler
                0x0800dfb0                CEC_IRQHandler
                0x0800dfb0                EXTI15_10_IRQHandler
                0x0800dfb0                BDMA_Channel0_IRQHandler
                0x0800dfb0                ADC_IRQHandler
                0x0800dfb0                I2C5_ER_IRQHandler
                0x0800dfb0                DMA1_Stream7_IRQHandler
                0x0800dfb0                SPI5_IRQHandler
                0x0800dfb0                TIM7_IRQHandler
                0x0800dfb0                FDCAN3_IT1_IRQHandler
                0x0800dfb0                SDMMC1_IRQHandler
                0x0800dfb0                TIM5_IRQHandler
                0x0800dfb0                DMA2_Stream7_IRQHandler
                0x0800dfb0                TIM15_IRQHandler
                0x0800dfb0                PVD_AVD_IRQHandler
                0x0800dfb0                I2C3_EV_IRQHandler
                0x0800dfb0                EXTI9_5_IRQHandler
                0x0800dfb0                RTC_WKUP_IRQHandler
                0x0800dfb0                LTDC_IRQHandler
                0x0800dfb0                ETH_WKUP_IRQHandler
                0x0800dfb0                SPDIF_RX_IRQHandler
                0x0800dfb0                SPI2_IRQHandler
                0x0800dfb0                OTG_HS_EP1_IN_IRQHandler
                0x0800dfb0                TIM24_IRQHandler
                0x0800dfb0                CRS_IRQHandler
                0x0800dfb0                EXTI4_IRQHandler
                0x0800dfb0                RNG_IRQHandler
                0x0800dfb0                ETH_IRQHandler
                0x0800dfb0                TIM1_UP_IRQHandler
                0x0800dfb0                BDMA_Channel4_IRQHandler
                0x0800dfb0                OTG_HS_EP1_OUT_IRQHandler
                0x0800dfb0                WWDG_IRQHandler
                0x0800dfb0                SPI6_IRQHandler
                0x0800dfb0                MDIOS_IRQHandler
                0x0800dfb0                I2C4_EV_IRQHandler
                0x0800dfb0                LPUART1_IRQHandler
                0x0800dfb0                FDCAN1_IT0_IRQHandler
                0x0800dfb0                TIM2_IRQHandler
                0x0800dfb0                DMA2D_IRQHandler
                0x0800dfb0                TIM1_BRK_IRQHandler
                0x0800dfb0                EXTI1_IRQHandler
                0x0800dfb0                SDMMC2_IRQHandler
                0x0800dfb0                BDMA_Channel3_IRQHandler
                0x0800dfb0                DTS_IRQHandler
                0x0800dfb0                UART7_IRQHandler
                0x0800dfb0                MDIOS_WKUP_IRQHandler
                0x0800dfb0                USART2_IRQHandler
                0x0800dfb0                DFSDM1_FLT0_IRQHandler
                0x0800dfb0                SAI4_IRQHandler
                0x0800dfb0                I2C2_ER_IRQHandler
                0x0800dfb0                DMA2_Stream1_IRQHandler
                0x0800dfb0                FLASH_IRQHandler
                0x0800dfb0                DMA2_Stream4_IRQHandler
                0x0800dfb0                SPI3_IRQHandler
                0x0800dfb0                WAKEUP_PIN_IRQHandler
                0x0800dfb0                I2C1_ER_IRQHandler
                0x0800dfb0                FMC_IRQHandler
                0x0800dfb0                FDCAN_CAL_IRQHandler
                0x0800dfb0                SWPMI1_IRQHandler
                0x0800dfb0                COMP1_IRQHandler
                0x0800dfb0                LPTIM1_IRQHandler
                0x0800dfb0                DCMI_PSSI_IRQHandler
                0x0800dfb0                I2C4_ER_IRQHandler
                0x0800dfb0                DMA2_Stream6_IRQHandler
                0x0800dfb0                SAI1_IRQHandler
 .text.memset   0x0800dfb2       0x10 D:/14.3 rel1/bin/../lib/gcc/arm-none-eabi/15.2.1/../../../../arm-none-eabi/lib/thumb/v7e-m+dp/hard\libc_nano.a(libc_a-memset.o)
                0x0800dfb2                memset
 *fill*         0x0800dfc2        0x2 
 .text.__libc_init_array
                0x0800dfc4       0x48 D:/14.3 rel1/bin/../lib/gcc/arm-none-eabi/15.2.1/../../../../arm-none-eabi/lib/thumb/v7e-m+dp/hard\libc_nano.a(libc_a-init.o)
                0x0800dfc4                __libc_init_array
 .text.memcpy   0x0800e00c       0x1c D:/14.3 rel1/bin/../lib/gcc/arm-none-eabi/15.2.1/../../../../arm-none-eabi/lib/thumb/v7e-m+dp/hard\libc_nano.a(libc_a-memcpy-stub.o)
                0x0800e00c                memcpy
 .text.__udivmoddi4
                0x0800e028      0x320 D:/14.3 rel1/bin/../lib/gcc/arm-none-eabi/15.2.1/thumb/v7e-m+dp/hard\libgcc.a(_udivmoddi4.o)
                0x0800e028                __udivmoddi4
 *(.glue_7)
 .glue_7        0x0800e348        0x0 linker stubs
 *(.glue_7t)
 .glue_7t       0x0800e348        0x0 linker stubs
 *(.eh_frame)
 .eh_frame      0x0800e348        0x0 D:/14.3 rel1/bin/../lib/gcc/arm-none-eabi/15.2.1/thumb/v7e-m+dp/hard/crtbegin.o
 *(.init)
 .init          0x0800e348        0x4 D:/14.3 rel1/bin/../lib/gcc/arm-none-eabi/15.2.1/thumb/v7e-m+dp/hard/crti.o
                0x0800e348                _init
 .init          0x0800e34c        0x8 D:/14.3 rel1/bin/../lib/gcc/arm-none-eabi/15.2.1/thumb/v7e-m+dp/hard/crtn.o
 *(.fini)
 .fini          0x0800e354        0x4 D:/14.3 rel1/bin/../lib/gcc/arm-none-eabi/15.2.1/thumb/v7e-m+dp/hard/crti.o
                0x0800e354                _fini
 .fini          0x0800e358        0x8 D:/14.3 rel1/bin/../lib/gcc/arm-none-eabi/15.2.1/thumb/v7e-m+dp/hard/crtn.o
                0x0800e360                        . = ALIGN (0x4)
                0x0800e360                        _etext = .

.vfp11_veneer   0x0800e360        0x0
 .vfp11_veneer  0x0800e360        0x0 linker stubs

.v4_bx          0x0800e360        0x0
 .v4_bx         0x0800e360        0x0 linker stubs

.iplt           0x0800e360        0x0
 .iplt          0x0800e360        0x0 D:/14.3 rel1/bin/../lib/gcc/arm-none-eabi/15.2.1/thumb/v7e-m+dp/hard/crtbegin.o

.rodata         0x0800e360      0x238
                0x0800e360                        . = ALIGN (0x4)
 *(.rodata)
 .rodata        0x0800e360       0x4c build/stm32h7xx_hal_fdcan.o
 *(.rodata*)
 .rodata.str1.4
                0x0800e3ac      0x154 build/freertos.o
                                  0xc (size before relaxing)
 .rodata.defaultTask_attributes
                0x0800e500       0x24 build/freertos.o
                0x0800e500                defaultTask_attributes
 .rodata.D1CorePrescTable
                0x0800e524       0x10 build/system_stm32h7xx.o
                0x0800e524                D1CorePrescTable
 .rodata.USBD_HS_ProductStrDescriptor.str1.4
                0x0800e534        0x0 build/usbd_desc.o
                                 0x16 (size before relaxing)
 .rodata.USBD_HS_ManufacturerStrDescriptor.str1.4
                0x0800e534        0x0 build/usbd_desc.o
                                 0x13 (size before relaxing)
 .rodata.USBD_HS_ConfigStrDescriptor.str1.4
                0x0800e534        0x0 build/usbd_desc.o
                                  0xb (size before relaxing)
 .rodata.USBD_HS_InterfaceStrDescriptor.str1.4
                0x0800e534        0x0 build/usbd_desc.o
                                  0xe (size before relaxing)
 .rodata.flagBitshiftOffset.0
                0x0800e534        0x8 build/stm32h7xx_hal_dma.o
 .rodata.DLCtoBytes
                0x0800e53c       0x10 build/stm32h7xx_hal_fdcan.o
 .rodata.UARTPrescTable
                0x0800e54c       0x18 build/stm32h7xx_hal_uart.o
                0x0800e54c                UARTPrescTable
 .rodata.denominator.0
                0x0800e564        0x8 build/stm32h7xx_hal_uart_ex.o
 .rodata.numerator.1
                0x0800e56c        0x8 build/stm32h7xx_hal_uart_ex.o
 .rodata.vTaskStartScheduler.str1.4
                0x0800e574        0x0 build/tasks.o
                                  0x5 (size before relaxing)
 .rodata.prvCheckForValidListAndQueue.str1.4
                0x0800e574        0x0 build/timers.o
                                  0x5 (size before relaxing)
 .rodata.xTimerCreateTimerTask.str1.4
                0x0800e574        0x0 build/timers.o
                                  0x8 (size before relaxing)
 .rodata._DoInit.str1.4
                0x0800e574        0x0 build/SEGGER_RTT.o
                                  0x9 (size before relaxing)
 .rodata._aInitStr.0
                0x0800e574       0x11 build/SEGGER_RTT.o
 *fill*         0x0800e585        0x3 
 .rodata._aV2C.0
                0x0800e588       0x10 build/SEGGER_RTT_printf.o
 .rodata.USARTRegister.str1.4
                0x0800e598        0x0 build/bsp_usart.o
                                 0x85 (size before relaxing)
 .rodata.HAL_UART_ErrorCallback.str1.4
                0x0800e598        0x0 build/bsp_usart.o
                                 0x54 (size before relaxing)
                0x0800e598                        . = ALIGN (0x4)

.ARM.extab      0x0800e598        0x0
                0x0800e598                        . = ALIGN (0x4)
 *(.ARM.extab* .gnu.linkonce.armextab.*)
                0x0800e598                        . = ALIGN (0x4)

.ARM            0x0800e598        0x8
                0x0800e598                        . = ALIGN (0x4)
                0x0800e598                        __exidx_start = .
 *(.ARM.exidx*)
 .ARM.exidx.text.__udivmoddi4
                0x0800e598        0x8 D:/14.3 rel1/bin/../lib/gcc/arm-none-eabi/15.2.1/thumb/v7e-m+dp/hard\libgcc.a(_udivmoddi4.o)
                0x0800e5a0                        __exidx_end = .
                0x0800e5a0                        . = ALIGN (0x4)

.preinit_array  0x0800e5a0        0x0
                0x0800e5a0                        . = ALIGN (0x4)
                0x0800e5a0                        PROVIDE (__preinit_array_start = .)
 *(.preinit_array*)
                0x0800e5a0                        PROVIDE (__preinit_array_end = .)
                0x0800e5a0                        . = ALIGN (0x4)

.init_array     0x0800e5a0        0x4
                0x0800e5a0                        . = ALIGN (0x4)
                0x0800e5a0                        PROVIDE (__init_array_start = .)
 *(SORT_BY_NAME(.init_array.*))
 *(.init_array*)
 .init_array    0x0800e5a0        0x4 D:/14.3 rel1/bin/../lib/gcc/arm-none-eabi/15.2.1/thumb/v7e-m+dp/hard/crtbegin.o
                0x0800e5a4                        PROVIDE (__init_array_end = .)
                0x0800e5a4                        . = ALIGN (0x4)

.fini_array     0x0800e5a4        0x4
                0x0800e5a4                        . = ALIGN (0x4)
                [!provide]                        PROVIDE (__fini_array_start = .)
 *(SORT_BY_NAME(.fini_array.*))
 *(.fini_array*)
 .fini_array    0x0800e5a4        0x4 D:/14.3 rel1/bin/../lib/gcc/arm-none-eabi/15.2.1/thumb/v7e-m+dp/hard/crtbegin.o
                [!provide]                        PROVIDE (__fini_array_end = .)
                0x0800e5a8                        . = ALIGN (0x4)
                0x0800e5a8                        _sidata = LOADADDR (.data)

.rel.dyn        0x0800e5a8        0x0
 .rel.iplt      0x0800e5a8        0x0 D:/14.3 rel1/bin/../lib/gcc/arm-none-eabi/15.2.1/thumb/v7e-m+dp/hard/crtbegin.o

.data           0x20000000      0x104 load address 0x0800e5a8
                0x20000000                        . = ALIGN (0x4)
                0x20000000                        _sdata = .
 *(.data)
 *(.data*)
 .data.SystemD2Clock
                0x20000000        0x4 build/system_stm32h7xx.o
                0x20000000                SystemD2Clock
 .data.SystemCoreClock
                0x20000004        0x4 build/system_stm32h7xx.o
                0x20000004                SystemCoreClock
 .data.USBD_StringSerial
                0x20000008       0x1a build/usbd_desc.o
                0x20000008                USBD_StringSerial
 *fill*         0x20000022        0x2 
 .data.USBD_LangIDDesc
                0x20000024        0x4 build/usbd_desc.o
                0x20000024                USBD_LangIDDesc
 .data.USBD_HS_DeviceDesc
                0x20000028       0x12 build/usbd_desc.o
                0x20000028                USBD_HS_DeviceDesc
 *fill*         0x2000003a        0x2 
 .data.HS_Desc  0x2000003c       0x20 build/usbd_desc.o
                0x2000003c                HS_Desc
 .data.USBD_Interface_fops_HS
                0x2000005c       0x14 build/usbd_cdc_if.o
                0x2000005c                USBD_Interface_fops_HS
 .data.uwTickFreq
                0x20000070        0x1 build/stm32h7xx_hal.o
                0x20000070                uwTickFreq
 *fill*         0x20000071        0x3 
 .data.uwTickPrio
                0x20000074        0x4 build/stm32h7xx_hal.o
                0x20000074                uwTickPrio
 .data.uxCriticalNesting
                0x20000078        0x4 build/port.o
 .data.USBD_CDC_CfgDesc
                0x2000007c       0x43 build/usbd_cdc.o
 *fill*         0x200000bf        0x1 
 .data.USBD_CDC
                0x200000c0       0x38 build/usbd_cdc.o
                0x200000c0                USBD_CDC
 .data.USBD_CDC_DeviceQualifierDesc
                0x200000f8        0xa build/usbd_cdc.o
 *(.RamFunc)
 *(.RamFunc*)
                0x20000104                        . = ALIGN (0x4)
 *fill*         0x20000102        0x2 
                0x20000104                        _edata = .

.tm_clone_table
                0x20000104        0x0 load address 0x0800e6ac
 .tm_clone_table
                0x20000104        0x0 D:/14.3 rel1/bin/../lib/gcc/arm-none-eabi/15.2.1/thumb/v7e-m+dp/hard/crtbegin.o
 .tm_clone_table
                0x20000104        0x0 D:/14.3 rel1/bin/../lib/gcc/arm-none-eabi/15.2.1/thumb/v7e-m+dp/hard/crtend.o

.igot.plt       0x20000104        0x0 load address 0x0800e6ac
 .igot.plt      0x20000104        0x0 D:/14.3 rel1/bin/../lib/gcc/arm-none-eabi/15.2.1/thumb/v7e-m+dp/hard/crtbegin.o
                0x20000104                        . = ALIGN (0x4)

.bss            0x20000104     0x980c load address 0x0800e6ac
                0x20000104                        _sbss = .
                0x20000104                        __bss_start__ = _sbss
 *(.bss)
 *(.bss*)
 .bss.completed.1
                0x20000104        0x1 D:/14.3 rel1/bin/../lib/gcc/arm-none-eabi/15.2.1/thumb/v7e-m+dp/hard/crtbegin.o
 *fill*         0x20000105        0x3 
 .bss.object.0  0x20000108       0x18 D:/14.3 rel1/bin/../lib/gcc/arm-none-eabi/15.2.1/thumb/v7e-m+dp/hard/crtbegin.o
 .bss.defaultTaskHandle
                0x20000120        0x4 build/freertos.o
                0x20000120                defaultTaskHandle
 .bss.htim6     0x20000124       0x4c build/stm32h7xx_hal_timebase_tim.o
                0x20000124                htim6
 .bss.hUsbDeviceHS
                0x20000170      0x2dc build/usb_device.o
                0x20000170                hUsbDeviceHS
 .bss.USBD_StrDesc
                0x2000044c      0x200 build/usbd_desc.o
                0x2000044c                USBD_StrDesc
 .bss.UserTxBufferHS
                0x2000064c      0x800 build/usbd_cdc_if.o
                0x2000064c                UserTxBufferHS
 .bss.UserRxBufferHS
                0x20000e4c      0x800 build/usbd_cdc_if.o
                0x20000e4c                UserRxBufferHS
 .bss.mem.0     0x2000164c      0x220 build/usbd_conf.o
 .bss.hpcd_USB_OTG_HS
                0x2000186c      0x4e4 build/usbd_conf.o
                0x2000186c                hpcd_USB_OTG_HS
 .bss.uwTick    0x20001d50        0x4 build/stm32h7xx_hal.o
                0x20001d50                uwTick
 .bss.xQueueRegistry
                0x20001d54       0x40 build/queue.o
                0x20001d54                xQueueRegistry
 .bss.uxSchedulerSuspended
                0x20001d94        0x4 build/tasks.o
 .bss.xIdleTaskHandle
                0x20001d98        0x4 build/tasks.o
 .bss.xNextTaskUnblockTime
                0x20001d9c        0x4 build/tasks.o
 .bss.uxTaskNumber
                0x20001da0        0x4 build/tasks.o
 .bss.xNumOfOverflows
                0x20001da4        0x4 build/tasks.o
 .bss.xYieldPending
                0x20001da8        0x4 build/tasks.o
 .bss.xPendedTicks
                0x20001dac        0x4 build/tasks.o
 .bss.xSchedulerRunning
                0x20001db0        0x4 build/tasks.o
 .bss.uxTopReadyPriority
                0x20001db4        0x4 build/tasks.o
 .bss.xTickCount
                0x20001db8        0x4 build/tasks.o
 .bss.uxCurrentNumberOfTasks
                0x20001dbc        0x4 build/tasks.o
 .bss.xSuspendedTaskList
                0x20001dc0       0x14 build/tasks.o
 .bss.uxDeletedTasksWaitingCleanUp
                0x20001dd4        0x4 build/tasks.o
 .bss.xTasksWaitingTermination
                0x20001dd8       0x14 build/tasks.o
 .bss.xPendingReadyList
                0x20001dec       0x14 build/tasks.o
 .bss.pxOverflowDelayedTaskList
                0x20001e00        0x4 build/tasks.o
 .bss.pxDelayedTaskList
                0x20001e04        0x4 build/tasks.o
 .bss.xDelayedTaskList2
                0x20001e08       0x14 build/tasks.o
 .bss.xDelayedTaskList1
                0x20001e1c       0x14 build/tasks.o
 .bss.pxReadyTasksLists
                0x20001e30      0x460 build/tasks.o
 .bss.pxCurrentTCB
                0x20002290        0x4 build/tasks.o
                0x20002290                pxCurrentTCB
 .bss.xStaticTimerQueue.0
                0x20002294       0x50 build/timers.o
 .bss.ucStaticTimerQueueStorage.1
                0x200022e4       0xa0 build/timers.o
 .bss.xLastTime.2
                0x20002384        0x4 build/timers.o
 .bss.xTimerTaskHandle
                0x20002388        0x4 build/timers.o
 .bss.xTimerQueue
                0x2000238c        0x4 build/timers.o
 .bss.pxOverflowTimerList
                0x20002390        0x4 build/timers.o
 .bss.pxCurrentTimerList
                0x20002394        0x4 build/timers.o
 .bss.xActiveTimerList2
                0x20002398       0x14 build/timers.o
 .bss.xActiveTimerList1
                0x200023ac       0x14 build/timers.o
 .bss.Timer_Stack.0
                0x200023c0      0x400 build/cmsis_os2.o
 .bss.Timer_TCB.1
                0x200027c0       0x5c build/cmsis_os2.o
 .bss.Idle_Stack.2
                0x2000281c      0x200 build/cmsis_os2.o
 .bss.Idle_TCB.3
                0x20002a1c       0x5c build/cmsis_os2.o
 .bss.KernelState
                0x20002a78        0x4 build/cmsis_os2.o
 .bss.xBlockAllocatedBit
                0x20002a7c        0x4 build/heap_4.o
 .bss.xNumberOfSuccessfulFrees
                0x20002a80        0x4 build/heap_4.o
 .bss.xNumberOfSuccessfulAllocations
                0x20002a84        0x4 build/heap_4.o
 .bss.xMinimumEverFreeBytesRemaining
                0x20002a88        0x4 build/heap_4.o
 .bss.xFreeBytesRemaining
                0x20002a8c        0x4 build/heap_4.o
 .bss.pxEnd     0x20002a90        0x4 build/heap_4.o
 .bss.xStart    0x20002a94        0x8 build/heap_4.o
 .bss.ucHeap    0x20002a9c     0x6400 build/heap_4.o
 .bss.ulMaxPRIGROUPValue
                0x20008e9c        0x4 build/port.o
 .bss.ucMaxSysCallPriority
                0x20008ea0        0x1 build/port.o
 .bss.cfgidx.0  0x20008ea1        0x1 build/usbd_ctlreq.o
 *fill*         0x20008ea2        0x2 
 .bss._acDownBuffer
                0x20008ea4       0x10 build/SEGGER_RTT.o
 .bss._acUpBuffer
                0x20008eb4      0x400 build/SEGGER_RTT.o
 .bss._SEGGER_RTT
                0x200092b4       0xa8 build/SEGGER_RTT.o
                0x200092b4                _SEGGER_RTT
 .bss.usart_instance
                0x2000935c       0x20 build/bsp_usart.o
 .bss.idx       0x2000937c        0x1 build/bsp_usart.o
 *fill*         0x2000937d        0x1 
 .bss.DataLength.0
                0x2000937e        0x2 build/bsp_can.o
 .bss.fdcan_rx_buff.1
                0x20009380        0x8 build/bsp_can.o
 .bss.rxconf.2  0x20009388       0x28 build/bsp_can.o
 .bss.idx       0x200093b0        0x1 build/bsp_can.o
 *fill*         0x200093b1        0x3 
 .bss.can_instance
                0x200093b4       0x40 build/bsp_can.o
 .bss.hadc1     0x200093f4       0x70 build/adc.o
                0x200093f4                hadc1
 .bss.hfdcan2   0x20009464       0xa0 build/fdcan.o
                0x20009464                hfdcan2
 .bss.hdma_spi1_tx
                0x20009504       0x78 build/spi.o
                0x20009504                hdma_spi1_tx
 .bss.hdma_spi1_rx
                0x2000957c       0x78 build/spi.o
                0x2000957c                hdma_spi1_rx
 .bss.hspi1     0x200095f4       0x88 build/spi.o
                0x200095f4                hspi1
 .bss.hdma_tim7_up
                0x2000967c       0x78 build/tim.o
                0x2000967c                hdma_tim7_up
 .bss.htim7     0x200096f4       0x4c build/tim.o
                0x200096f4                htim7
 .bss.htim4     0x20009740       0x4c build/tim.o
                0x20009740                htim4
 .bss.hdma_usart1_tx
                0x2000978c       0x78 build/usart.o
                0x2000978c                hdma_usart1_tx
 .bss.hdma_usart1_rx
                0x20009804       0x78 build/usart.o
                0x20009804                hdma_usart1_rx
 .bss.huart1    0x2000987c       0x94 build/usart.o
                0x2000987c                huart1
 *(COMMON)
                0x20009910                        . = ALIGN (0x4)
                0x20009910                        _ebss = .
                0x20009910                        __bss_end__ = _ebss

._user_heap_stack
                0x20009910     0x2000 load address 0x0800e6ac
                0x20009910                        . = ALIGN (0x8)
                [!provide]                        PROVIDE (end = .)
                0x20009910                        PROVIDE (_end = .)
                0x2000a910                        . = (. + _Min_Heap_Size)
 *fill*         0x20009910     0x1000 
                0x2000b910                        . = (. + _Min_Stack_Size)
 *fill*         0x2000a910     0x1000 
                0x2000b910                        . = ALIGN (0x8)

/DISCARD/
 libc.a(*)
 libm.a(*)
 libgcc.a(*)
OUTPUT(build/demo.elf elf32-littlearm)
LOAD linker stubs
LOAD D:/14.3 rel1/bin/../lib/gcc/arm-none-eabi/15.2.1/../../../../arm-none-eabi/lib/thumb/v7e-m+dp/hard\libc.a
LOAD D:/14.3 rel1/bin/../lib/gcc/arm-none-eabi/15.2.1/../../../../arm-none-eabi/lib/thumb/v7e-m+dp/hard\libm.a
LOAD D:/14.3 rel1/bin/../lib/gcc/arm-none-eabi/15.2.1/thumb/v7e-m+dp/hard\libgcc.a

.ARM.attributes
                0x00000000       0x2e
 .ARM.attributes
                0x00000000       0x20 D:/14.3 rel1/bin/../lib/gcc/arm-none-eabi/15.2.1/thumb/v7e-m+dp/hard/crti.o
 .ARM.attributes
                0x00000020       0x32 D:/14.3 rel1/bin/../lib/gcc/arm-none-eabi/15.2.1/thumb/v7e-m+dp/hard/crtbegin.o
 .ARM.attributes
                0x00000052       0x32 build/main.o
 .ARM.attributes
                0x00000084       0x32 build/freertos.o
 .ARM.attributes
                0x000000b6       0x32 build/stm32h7xx_it.o
 .ARM.attributes
                0x000000e8       0x32 build/stm32h7xx_hal_msp.o
 .ARM.attributes
                0x0000011a       0x32 build/stm32h7xx_hal_timebase_tim.o
 .ARM.attributes
                0x0000014c       0x32 build/system_stm32h7xx.o
 .ARM.attributes
                0x0000017e       0x32 build/usb_device.o
 .ARM.attributes
                0x000001b0       0x32 build/usbd_desc.o
 .ARM.attributes
                0x000001e2       0x32 build/usbd_cdc_if.o
 .ARM.attributes
                0x00000214       0x32 build/usbd_conf.o
 .ARM.attributes
                0x00000246       0x32 build/stm32h7xx_hal_tim.o
 .ARM.attributes
                0x00000278       0x32 build/stm32h7xx_hal_tim_ex.o
 .ARM.attributes
                0x000002aa       0x32 build/stm32h7xx_hal_pcd.o
 .ARM.attributes
                0x000002dc       0x32 build/stm32h7xx_hal_pcd_ex.o
 .ARM.attributes
                0x0000030e       0x32 build/stm32h7xx_ll_usb.o
 .ARM.attributes
                0x00000340       0x32 build/stm32h7xx_hal_rcc.o
 .ARM.attributes
                0x00000372       0x32 build/stm32h7xx_hal_rcc_ex.o
 .ARM.attributes
                0x000003a4       0x32 build/stm32h7xx_hal_gpio.o
 .ARM.attributes
                0x000003d6       0x32 build/stm32h7xx_hal_dma.o
 .ARM.attributes
                0x00000408       0x32 build/stm32h7xx_hal_pwr_ex.o
 .ARM.attributes
                0x0000043a       0x32 build/stm32h7xx_hal_cortex.o
 .ARM.attributes
                0x0000046c       0x32 build/stm32h7xx_hal.o
 .ARM.attributes
                0x0000049e       0x32 build/stm32h7xx_hal_adc.o
 .ARM.attributes
                0x000004d0       0x32 build/stm32h7xx_hal_adc_ex.o
 .ARM.attributes
                0x00000502       0x32 build/stm32h7xx_hal_fdcan.o
 .ARM.attributes
                0x00000534       0x32 build/stm32h7xx_hal_spi.o
 .ARM.attributes
                0x00000566       0x32 build/stm32h7xx_hal_uart.o
 .ARM.attributes
                0x00000598       0x32 build/stm32h7xx_hal_uart_ex.o
 .ARM.attributes
                0x000005ca       0x32 build/list.o
 .ARM.attributes
                0x000005fc       0x32 build/queue.o
 .ARM.attributes
                0x0000062e       0x32 build/tasks.o
 .ARM.attributes
                0x00000660       0x32 build/timers.o
 .ARM.attributes
                0x00000692       0x32 build/cmsis_os2.o
 .ARM.attributes
                0x000006c4       0x32 build/heap_4.o
 .ARM.attributes
                0x000006f6       0x32 build/port.o
 .ARM.attributes
                0x00000728       0x32 build/usbd_core.o
 .ARM.attributes
                0x0000075a       0x32 build/usbd_ctlreq.o
 .ARM.attributes
                0x0000078c       0x32 build/usbd_ioreq.o
 .ARM.attributes
                0x000007be       0x32 build/usbd_cdc.o
 .ARM.attributes
                0x000007f0       0x32 build/SEGGER_RTT.o
 .ARM.attributes
                0x00000822       0x32 build/SEGGER_RTT_printf.o
 .ARM.attributes
                0x00000854       0x32 build/bsp_usart.o
 .ARM.attributes
                0x00000886       0x32 build/bsp_can.o
 .ARM.attributes
                0x000008b8       0x32 build/gpio.o
 .ARM.attributes
                0x000008ea       0x32 build/adc.o
 .ARM.attributes
                0x0000091c       0x32 build/dma.o
 .ARM.attributes
                0x0000094e       0x32 build/fdcan.o
 .ARM.attributes
                0x00000980       0x32 build/spi.o
 .ARM.attributes
                0x000009b2       0x32 build/tim.o
 .ARM.attributes
                0x000009e4       0x32 build/usart.o
 .ARM.attributes
                0x00000a16       0x21 build/startup_stm32h723xx.o
 .ARM.attributes
                0x00000a37       0x32 D:/14.3 rel1/bin/../lib/gcc/arm-none-eabi/15.2.1/../../../../arm-none-eabi/lib/thumb/v7e-m+dp/hard\libc_nano.a(libc_a-memset.o)
 .ARM.attributes
                0x00000a69       0x32 D:/14.3 rel1/bin/../lib/gcc/arm-none-eabi/15.2.1/../../../../arm-none-eabi/lib/thumb/v7e-m+dp/hard\libc_nano.a(libc_a-init.o)
 .ARM.attributes
                0x00000a9b       0x32 D:/14.3 rel1/bin/../lib/gcc/arm-none-eabi/15.2.1/../../../../arm-none-eabi/lib/thumb/v7e-m+dp/hard\libc_nano.a(libc_a-memcpy-stub.o)
 .ARM.attributes
                0x00000acd       0x20 D:/14.3 rel1/bin/../lib/gcc/arm-none-eabi/15.2.1/thumb/v7e-m+dp/hard\libgcc.a(_aeabi_uldivmod.o)
 .ARM.attributes
                0x00000aed       0x32 D:/14.3 rel1/bin/../lib/gcc/arm-none-eabi/15.2.1/thumb/v7e-m+dp/hard\libgcc.a(_udivmoddi4.o)
 .ARM.attributes
                0x00000b1f       0x20 D:/14.3 rel1/bin/../lib/gcc/arm-none-eabi/15.2.1/thumb/v7e-m+dp/hard\libgcc.a(_dvmd_tls.o)
 .ARM.attributes
                0x00000b3f       0x32 D:/14.3 rel1/bin/../lib/gcc/arm-none-eabi/15.2.1/thumb/v7e-m+dp/hard/crtend.o
 .ARM.attributes
                0x00000b71       0x20 D:/14.3 rel1/bin/../lib/gcc/arm-none-eabi/15.2.1/thumb/v7e-m+dp/hard/crtn.o

.comment        0x00000000       0x45
 .comment       0x00000000       0x45 build/main.o
                                 0x46 (size before relaxing)